../Core/BSP/LCD/lcd.c:42:6:LCD_WR_REG	16	static
../Core/BSP/LCD/lcd.c:50:6:LCD_WR_DATA	16	static
../Core/BSP/LCD/lcd.c:58:5:LCD_RD_DATA	16	static
../Core/BSP/LCD/lcd.c:68:6:LCD_WriteReg	16	static
../Core/BSP/LCD/lcd.c:77:5:LCD_ReadReg	16	static
../Core/BSP/LCD/lcd.c:85:6:LCD_WriteRAM_Prepare	4	static
../Core/BSP/LCD/lcd.c:92:6:LCD_WriteRAM	16	static
../Core/BSP/LCD/lcd.c:101:5:LCD_BGR2RGB	24	static
../Core/BSP/LCD/lcd.c:113:6:opt_delay	16	static
../Core/BSP/LCD/lcd.c:121:5:LCD_ReadPoint	24	static
../Core/BSP/LCD/lcd.c:155:6:LCD_DisplayOn	8	static
../Core/BSP/LCD/lcd.c:168:6:LCD_DisplayOff	8	static
../Core/BSP/LCD/lcd.c:183:6:LCD_SetCursor	16	static
../Core/BSP/LCD/lcd.c:239:6:LCD_Scan_Dir	24	static
../Core/BSP/LCD/lcd.c:389:6:LCD_DrawPoint	16	static
../Core/BSP/LCD/lcd.c:399:6:LCD_Fast_DrawPoint	16	static
../Core/BSP/LCD/lcd.c:443:6:LCD_SSD_BackLightSet	16	static
../Core/BSP/LCD/lcd.c:456:6:LCD_Display_Dir	16	static
../Core/BSP/LCD/lcd.c:536:6:LCD_Set_Window	32	static
../Core/BSP/LCD/lcd.c:624:6:LCD_Init	32	static
../Core/BSP/LCD/lcd.c:2092:6:LCD_Clear	24	static
../Core/BSP/LCD/lcd.c:2111:6:LCD_Fill	32	static
../Core/BSP/LCD/lcd.c:2133:6:LCD_Color_Fill	32	static
../Core/BSP/LCD/lcd.c:2155:6:LCD_DrawLine	64	static
../Core/BSP/LCD/lcd.c:2206:6:LCD_DrawRectangle	24	static
../Core/BSP/LCD/lcd.c:2217:6:LCD_Draw_Circle	32	static
../Core/BSP/LCD/lcd.c:2252:6:LCD_ShowChar	32	static
../Core/BSP/LCD/lcd.c:2291:5:LCD_Pow	24	static
../Core/BSP/LCD/lcd.c:2306:6:LCD_ShowNum	48	static
../Core/BSP/LCD/lcd.c:2339:6:LCD_ShowxNum	48	static
../Core/BSP/LCD/lcd.c:2370:6:LCD_ShowString	40	static
