Archive member included to satisfy reference by file (symbol)

d:/ykl/stm32cubeide_1.12.1/stm32cubeide/plugins/com.st.stm32cube.ide.mcu.externaltools.gnu-tools-for-stm32.10.3-2021.10.win32_1.0.200.202301161003/tools/bin/../lib/gcc/arm-none-eabi/10.3.1/../../../../arm-none-eabi/lib/thumb/v7-m/nofp\libc_nano.a(lib_a-errno.o)
                              ./Core/Src/syscalls.o (__errno)
d:/ykl/stm32cubeide_1.12.1/stm32cubeide/plugins/com.st.stm32cube.ide.mcu.externaltools.gnu-tools-for-stm32.10.3-2021.10.win32_1.0.200.202301161003/tools/bin/../lib/gcc/arm-none-eabi/10.3.1/../../../../arm-none-eabi/lib/thumb/v7-m/nofp\libc_nano.a(lib_a-exit.o)
                              d:/ykl/stm32cubeide_1.12.1/stm32cubeide/plugins/com.st.stm32cube.ide.mcu.externaltools.gnu-tools-for-stm32.10.3-2021.10.win32_1.0.200.202301161003/tools/bin/../lib/gcc/arm-none-eabi/10.3.1/../../../../arm-none-eabi/lib/thumb/v7-m/nofp/crt0.o (exit)
d:/ykl/stm32cubeide_1.12.1/stm32cubeide/plugins/com.st.stm32cube.ide.mcu.externaltools.gnu-tools-for-stm32.10.3-2021.10.win32_1.0.200.202301161003/tools/bin/../lib/gcc/arm-none-eabi/10.3.1/../../../../arm-none-eabi/lib/thumb/v7-m/nofp\libc_nano.a(lib_a-impure.o)
                              d:/ykl/stm32cubeide_1.12.1/stm32cubeide/plugins/com.st.stm32cube.ide.mcu.externaltools.gnu-tools-for-stm32.10.3-2021.10.win32_1.0.200.202301161003/tools/bin/../lib/gcc/arm-none-eabi/10.3.1/../../../../arm-none-eabi/lib/thumb/v7-m/nofp\libc_nano.a(lib_a-exit.o) (_global_impure_ptr)
d:/ykl/stm32cubeide_1.12.1/stm32cubeide/plugins/com.st.stm32cube.ide.mcu.externaltools.gnu-tools-for-stm32.10.3-2021.10.win32_1.0.200.202301161003/tools/bin/../lib/gcc/arm-none-eabi/10.3.1/../../../../arm-none-eabi/lib/thumb/v7-m/nofp\libc_nano.a(lib_a-init.o)
                              d:/ykl/stm32cubeide_1.12.1/stm32cubeide/plugins/com.st.stm32cube.ide.mcu.externaltools.gnu-tools-for-stm32.10.3-2021.10.win32_1.0.200.202301161003/tools/bin/../lib/gcc/arm-none-eabi/10.3.1/../../../../arm-none-eabi/lib/thumb/v7-m/nofp/crt0.o (__libc_init_array)
d:/ykl/stm32cubeide_1.12.1/stm32cubeide/plugins/com.st.stm32cube.ide.mcu.externaltools.gnu-tools-for-stm32.10.3-2021.10.win32_1.0.200.202301161003/tools/bin/../lib/gcc/arm-none-eabi/10.3.1/../../../../arm-none-eabi/lib/thumb/v7-m/nofp\libc_nano.a(lib_a-memcpy-stub.o)
                              ./Middlewares/Third_Party/FreeRTOS/Source/CMSIS_RTOS_V2/cmsis_os2.o (memcpy)
d:/ykl/stm32cubeide_1.12.1/stm32cubeide/plugins/com.st.stm32cube.ide.mcu.externaltools.gnu-tools-for-stm32.10.3-2021.10.win32_1.0.200.202301161003/tools/bin/../lib/gcc/arm-none-eabi/10.3.1/../../../../arm-none-eabi/lib/thumb/v7-m/nofp\libc_nano.a(lib_a-memset.o)
                              d:/ykl/stm32cubeide_1.12.1/stm32cubeide/plugins/com.st.stm32cube.ide.mcu.externaltools.gnu-tools-for-stm32.10.3-2021.10.win32_1.0.200.202301161003/tools/bin/../lib/gcc/arm-none-eabi/10.3.1/../../../../arm-none-eabi/lib/thumb/v7-m/nofp/crt0.o (memset)
d:/ykl/stm32cubeide_1.12.1/stm32cubeide/plugins/com.st.stm32cube.ide.mcu.externaltools.gnu-tools-for-stm32.10.3-2021.10.win32_1.0.200.202301161003/tools/bin/../lib/gcc/arm-none-eabi/10.3.1/../../../../arm-none-eabi/lib/thumb/v7-m/nofp\libc_nano.a(lib_a-nano-vfprintf_float.o)
                              (_printf_float)
d:/ykl/stm32cubeide_1.12.1/stm32cubeide/plugins/com.st.stm32cube.ide.mcu.externaltools.gnu-tools-for-stm32.10.3-2021.10.win32_1.0.200.202301161003/tools/bin/../lib/gcc/arm-none-eabi/10.3.1/../../../../arm-none-eabi/lib/thumb/v7-m/nofp\libc_nano.a(lib_a-nano-vfprintf_i.o)
                              d:/ykl/stm32cubeide_1.12.1/stm32cubeide/plugins/com.st.stm32cube.ide.mcu.externaltools.gnu-tools-for-stm32.10.3-2021.10.win32_1.0.200.202301161003/tools/bin/../lib/gcc/arm-none-eabi/10.3.1/../../../../arm-none-eabi/lib/thumb/v7-m/nofp\libc_nano.a(lib_a-nano-vfprintf_float.o) (_printf_common)
d:/ykl/stm32cubeide_1.12.1/stm32cubeide/plugins/com.st.stm32cube.ide.mcu.externaltools.gnu-tools-for-stm32.10.3-2021.10.win32_1.0.200.202301161003/tools/bin/../lib/gcc/arm-none-eabi/10.3.1/../../../../arm-none-eabi/lib/thumb/v7-m/nofp\libc_nano.a(lib_a-nano-vfscanf_float.o)
                              (_scanf_float)
d:/ykl/stm32cubeide_1.12.1/stm32cubeide/plugins/com.st.stm32cube.ide.mcu.externaltools.gnu-tools-for-stm32.10.3-2021.10.win32_1.0.200.202301161003/tools/bin/../lib/gcc/arm-none-eabi/10.3.1/../../../../arm-none-eabi/lib/thumb/v7-m/nofp\libc_nano.a(lib_a-sf_nan.o)
                              d:/ykl/stm32cubeide_1.12.1/stm32cubeide/plugins/com.st.stm32cube.ide.mcu.externaltools.gnu-tools-for-stm32.10.3-2021.10.win32_1.0.200.202301161003/tools/bin/../lib/gcc/arm-none-eabi/10.3.1/../../../../arm-none-eabi/lib/thumb/v7-m/nofp\libc_nano.a(lib_a-nano-vfscanf_float.o) (nanf)
[...]
Memory Configuration

Name             Origin             Length             Attributes
RAM              0x0000000020000000 0x0000000000010000 xrw
FLASH            0x0000000008000000 0x0000000000080000 xr
*default*        0x0000000000000000 0xffffffffffffffff

Linker script and memory map

LOAD d:/ykl/stm32cubeide_1.12.1/stm32cubeide/plugins/com.st.stm32cube.ide.mcu.externaltools.gnu-tools-for-stm32.10.3-2021.10.win32_1.0.200.202301161003/tools/bin/../lib/gcc/arm-none-eabi/10.3.1/thumb/v7-m/nofp/crti.o
LOAD d:/ykl/stm32cubeide_1.12.1/stm32cubeide/plugins/com.st.stm32cube.ide.mcu.externaltools.gnu-tools-for-stm32.10.3-2021.10.win32_1.0.200.202301161003/tools/bin/../lib/gcc/arm-none-eabi/10.3.1/thumb/v7-m/nofp/crtbegin.o
LOAD d:/ykl/stm32cubeide_1.12.1/stm32cubeide/plugins/com.st.stm32cube.ide.mcu.externaltools.gnu-tools-for-stm32.10.3-2021.10.win32_1.0.200.202301161003/tools/bin/../lib/gcc/arm-none-eabi/10.3.1/../../../../arm-none-eabi/lib/thumb/v7-m/nofp/crt0.o
LOAD ./Core/BSP/LCD/lcd.o
LOAD ./Core/BSP/W25Qxx/w25qxx.o
LOAD ./Core/Src/adc.o
LOAD ./Core/Src/freertos.o
LOAD ./Core/Src/fsmc.o
LOAD ./Core/Src/gpio.o
LOAD ./Core/Src/main.o
LOAD ./Core/Src/rtc.o
LOAD ./Core/Src/spi.o
LOAD ./Core/Src/stm32f1xx_hal_msp.o
LOAD ./Core/Src/stm32f1xx_hal_timebase_tim.o
LOAD ./Core/Src/stm32f1xx_it.o
LOAD ./Core/Src/syscalls.o
LOAD ./Core/Src/sysmem.o
LOAD ./Core/Src/system_stm32f1xx.o
LOAD ./Core/Src/tim.o
LOAD ./Core/Src/usart.o
LOAD ./Core/Startup/startup_stm32f103zetx.o
LOAD ./Drivers/STM32F1xx_HAL_Driver/Src/stm32f1xx_hal.o
LOAD ./Drivers/STM32F1xx_HAL_Driver/Src/stm32f1xx_hal_adc.o
LOAD ./Drivers/STM32F1xx_HAL_Driver/Src/stm32f1xx_hal_adc_ex.o
LOAD ./Drivers/STM32F1xx_HAL_Driver/Src/stm32f1xx_hal_cortex.o
LOAD ./Drivers/STM32F1xx_HAL_Driver/Src/stm32f1xx_hal_dma.o
LOAD ./Drivers/STM32F1xx_HAL_Driver/Src/stm32f1xx_hal_exti.o
LOAD ./Drivers/STM32F1xx_HAL_Driver/Src/stm32f1xx_hal_flash.o
LOAD ./Drivers/STM32F1xx_HAL_Driver/Src/stm32f1xx_hal_flash_ex.o
LOAD ./Drivers/STM32F1xx_HAL_Driver/Src/stm32f1xx_hal_gpio.o
LOAD ./Drivers/STM32F1xx_HAL_Driver/Src/stm32f1xx_hal_gpio_ex.o
LOAD ./Drivers/STM32F1xx_HAL_Driver/Src/stm32f1xx_hal_pwr.o
LOAD ./Drivers/STM32F1xx_HAL_Driver/Src/stm32f1xx_hal_rcc.o
LOAD ./Drivers/STM32F1xx_HAL_Driver/Src/stm32f1xx_hal_rcc_ex.o
LOAD ./Drivers/STM32F1xx_HAL_Driver/Src/stm32f1xx_hal_rtc.o
LOAD ./Drivers/STM32F1xx_HAL_Driver/Src/stm32f1xx_hal_rtc_ex.o
LOAD ./Drivers/STM32F1xx_HAL_Driver/Src/stm32f1xx_hal_spi.o
LOAD ./Drivers/STM32F1xx_HAL_Driver/Src/stm32f1xx_hal_sram.o
LOAD ./Drivers/STM32F1xx_HAL_Driver/Src/stm32f1xx_hal_tim.o
LOAD ./Drivers/STM32F1xx_HAL_Driver/Src/stm32f1xx_hal_tim_ex.o
LOAD ./Drivers/STM32F1xx_HAL_Driver/Src/stm32f1xx_hal_uart.o
LOAD ./Drivers/STM32F1xx_HAL_Driver/Src/stm32f1xx_ll_fsmc.o
LOAD ./Middlewares/Third_Party/FreeRTOS/Source/CMSIS_RTOS_V2/cmsis_os2.o
LOAD ./Middlewares/Third_Party/FreeRTOS/Source/croutine.o
LOAD ./Middlewares/Third_Party/FreeRTOS/Source/event_groups.o
LOAD ./Middlewares/Third_Party/FreeRTOS/Source/list.o
LOAD ./Middlewares/Third_Party/FreeRTOS/Source/queue.o
LOAD ./Middlewares/Third_Party/FreeRTOS/Source/stream_buffer.o
LOAD ./Middlewares/Third_Party/FreeRTOS/Source/tasks.o
LOAD ./Middlewares/Third_Party/FreeRTOS/Source/timers.o
LOAD ./Middlewares/Third_Party/FreeRTOS/Source/portable/GCC/ARM_CM3/port.o
LOAD ./Middlewares/Third_Party/FreeRTOS/Source/portable/MemMang/heap_4.o
START GROUP
LOAD d:/ykl/stm32cubeide_1.12.1/stm32cubeide/plugins/com.st.stm32cube.ide.mcu.externaltools.gnu-tools-for-stm32.10.3-2021.10.win32_1.0.200.202301161003/tools/bin/../lib/gcc/arm-none-eabi/10.3.1/../../../../arm-none-eabi/lib/thumb/v7-m/nofp\libc_nano.a
LOAD d:/ykl/stm32cubeide_1.12.1/stm32cubeide/plugins/com.st.stm32cube.ide.mcu.externaltools.gnu-tools-for-stm32.10.3-2021.10.win32_1.0.200.202301161003/tools/bin/../lib/gcc/arm-none-eabi/10.3.1/../../../../arm-none-eabi/lib/thumb/v7-m/nofp\libm.a
END GROUP
START GROUP
LOAD d:/ykl/stm32cubeide_1.12.1/stm32cubeide/plugins/com.st.stm32cube.ide.mcu.externaltools.gnu-tools-for-stm32.10.3-2021.10.win32_1.0.200.202301161003/tools/bin/../lib/gcc/arm-none-eabi/10.3.1/thumb/v7-m/nofp\libgcc.a
LOAD d:/ykl/stm32cubeide_1.12.1/stm32cubeide/plugins/com.st.stm32cube.ide.mcu.externaltools.gnu-tools-for-stm32.10.3-2021.10.win32_1.0.200.202301161003/tools/bin/../lib/gcc/arm-none-eabi/10.3.1/../../../../arm-none-eabi/lib/thumb/v7-m/nofp\libc_nano.a
END GROUP
START GROUP
LOAD d:/ykl/stm32cubeide_1.12.1/stm32cubeide/plugins/com.st.stm32cube.ide.mcu.externaltools.gnu-tools-for-stm32.10.3-2021.10.win32_1.0.200.202301161003/tools/bin/../lib/gcc/arm-none-eabi/10.3.1/thumb/v7-m/nofp\libgcc.a
LOAD d:/ykl/stm32cubeide_1.12.1/stm32cubeide/plugins/com.st.stm32cube.ide.mcu.externaltools.gnu-tools-for-stm32.10.3-2021.10.win32_1.0.200.202301161003/tools/bin/../lib/gcc/arm-none-eabi/10.3.1/../../../../arm-none-eabi/lib/thumb/v7-m/nofp\libc_nano.a
LOAD d:/ykl/stm32cubeide_1.12.1/stm32cubeide/plugins/com.st.stm32cube.ide.mcu.externaltools.gnu-tools-for-stm32.10.3-2021.10.win32_1.0.200.202301161003/tools/bin/../lib/gcc/arm-none-eabi/10.3.1/../../../../arm-none-eabi/lib/thumb/v7-m/nofp\libnosys.a
END GROUP
START GROUP
LOAD d:/ykl/stm32cubeide_1.12.1/stm32cubeide/plugins/com.st.stm32cube.ide.mcu.externaltools.gnu-tools-for-stm32.10.3-2021.10.win32_1.0.200.202301161003/tools/bin/../lib/gcc/arm-none-eabi/10.3.1/thumb/v7-m/nofp\libgcc.a
LOAD d:/ykl/stm32cubeide_1.12.1/stm32cubeide/plugins/com.st.stm32cube.ide.mcu.externaltools.gnu-tools-for-stm32.10.3-2021.10.win32_1.0.200.202301161003/tools/bin/../lib/gcc/arm-none-eabi/10.3.1/../../../../arm-none-eabi/lib/thumb/v7-m/nofp\libc_nano.a
LOAD d:/ykl/stm32cubeide_1.12.1/stm32cubeide/plugins/com.st.stm32cube.ide.mcu.externaltools.gnu-tools-for-stm32.10.3-2021.10.win32_1.0.200.202301161003/tools/bin/../lib/gcc/arm-none-eabi/10.3.1/../../../../arm-none-eabi/lib/thumb/v7-m/nofp\libnosys.a
END GROUP
LOAD d:/ykl/stm32cubeide_1.12.1/stm32cubeide/plugins/com.st.stm32cube.ide.mcu.externaltools.gnu-tools-for-stm32.10.3-2021.10.win32_1.0.200.202301161003/tools/bin/../lib/gcc/arm-none-eabi/10.3.1/thumb/v7-m/nofp/crtend.o
LOAD d:/ykl/stm32cubeide_1.12.1/stm32cubeide/plugins/com.st.stm32cube.ide.mcu.externaltools.gnu-tools-for-stm32.10.3-2021.10.win32_1.0.200.202301161003/tools/bin/../lib/gcc/arm-none-eabi/10.3.1/thumb/v7-m/nofp/crtn.o
                0x0000000020010000                _estack = (ORIGIN (RAM) + LENGTH (RAM))
                0x0000000000000200                _Min_Heap_Size = 0x200
                0x0000000000000400                _Min_Stack_Size = 0x400

.isr_vector     0x0000000008000000      0x1e4
                0x0000000008000000                . = ALIGN (0x4)
 *(.isr_vector)
 .isr_vector    0x0000000008000000      0x1e4 ./Core/Startup/startup_stm32f103zetx.o
                0x0000000008000000                g_pfnVectors
                0x00000000080001e4                . = ALIGN (0x4)

.text           0x00000000080001f0     0xff18
                0x00000000080001f0                . = ALIGN (0x4)
 *(.text)
 .text          0x00000000080001f0       0x40 d:/ykl/stm32cubeide_1.12.1/stm32cubeide/plugins/com.st.stm32cube.ide.mcu.externaltools.gnu-tools-for-stm32.10.3-2021.10.win32_1.0.200.202301161003/tools/bin/../lib/gcc/arm-none-eabi/10.3.1/thumb/v7-m/nofp/crtbegin.o
 .text          0x0000000008000230       0x10 d:/ykl/stm32cubeide_1.12.1/stm32cubeide/plugins/com.st.stm32cube.ide.mcu.externaltools.gnu-tools-for-stm32.10.3-2021.10.win32_1.0.200.202301161003/tools/bin/../lib/gcc/arm-none-eabi/10.3.1/../../../../arm-none-eabi/lib/thumb/v7-m/nofp\libc_nano.a(lib_a-strlen.o)
                0x0000000008000230                strlen
 .text          0x0000000008000240      0x378 d:/ykl/stm32cubeide_1.12.1/stm32cubeide/plugins/com.st.stm32cube.ide.mcu.externaltools.gnu-tools-for-stm32.10.3-2021.10.win32_1.0.200.202301161003/tools/bin/../lib/gcc/arm-none-eabi/10.3.1/thumb/v7-m/nofp\libgcc.a(_arm_addsubdf3.o)
                0x0000000008000240                __aeabi_drsub
                0x0000000008000248                __aeabi_dsub
                0x0000000008000248                __subdf3
                0x000000000800024c                __aeabi_dadd
                0x000000000800024c                __adddf3
                0x00000000080004c4                __floatunsidf
                0x00000000080004c4                __aeabi_ui2d
                0x00000000080004e4                __floatsidf
                0x00000000080004e4                __aeabi_i2d
                0x0000000008000508                __aeabi_f2d
                0x0000000008000508                __extendsfdf2
                0x000000000800054c                __floatundidf
                0x000000000800054c                __aeabi_ul2d
                0x000000000800055c                __floatdidf
                0x000000000800055c                __aeabi_l2d
 .text          0x00000000080005b8      0x424 d:/ykl/stm32cubeide_1.12.1/stm32cubeide/plugins/com.st.stm32cube.ide.mcu.externaltools.gnu-tools-for-stm32.10.3-2021.10.win32_1.0.200.202301161003/tools/bin/../lib/gcc/arm-none-eabi/10.3.1/thumb/v7-m/nofp\libgcc.a(_arm_muldivdf3.o)
                0x00000000080005b8                __aeabi_dmul
                0x00000000080005b8                __muldf3
                0x000000000800080c                __divdf3
                0x000000000800080c                __aeabi_ddiv
 .text          0x00000000080009dc      0x110 d:/ykl/stm32cubeide_1.12.1/stm32cubeide/plugins/com.st.stm32cube.ide.mcu.externaltools.gnu-tools-for-stm32.10.3-2021.10.win32_1.0.200.202301161003/tools/bin/../lib/gcc/arm-none-eabi/10.3.1/thumb/v7-m/nofp\libgcc.a(_arm_cmpdf2.o)
                0x00000000080009dc                __gtdf2
                0x00000000080009dc                __gedf2
                0x00000000080009e4                __ltdf2
                0x00000000080009e4                __ledf2
                0x00000000080009ec                __nedf2
                0x00000000080009ec                __eqdf2
                0x00000000080009ec                __cmpdf2
                0x0000000008000a68                __aeabi_cdrcmple
                0x0000000008000a78                __aeabi_cdcmpeq
                0x0000000008000a78                __aeabi_cdcmple
                0x0000000008000a88                __aeabi_dcmpeq
                0x0000000008000a9c                __aeabi_dcmplt
                0x0000000008000ab0                __aeabi_dcmple
                0x0000000008000ac4                __aeabi_dcmpge
                0x0000000008000ad8                __aeabi_dcmpgt
 .text          0x0000000008000aec       0x2c d:/ykl/stm32cubeide_1.12.1/stm32cubeide/plugins/com.st.stm32cube.ide.mcu.externaltools.gnu-tools-for-stm32.10.3-2021.10.win32_1.0.200.202301161003/tools/bin/../lib/gcc/arm-none-eabi/10.3.1/thumb/v7-m/nofp\libgcc.a(_arm_unorddf2.o)
                0x0000000008000aec                __unorddf2
                0x0000000008000aec                __aeabi_dcmpun
 .text          0x0000000008000b18       0x50 d:/ykl/stm32cubeide_1.12.1/stm32cubeide/plugins/com.st.stm32cube.ide.mcu.externaltools.gnu-tools-for-stm32.10.3-2021.10.win32_1.0.200.202301161003/tools/bin/../lib/gcc/arm-none-eabi/10.3.1/thumb/v7-m/nofp\libgcc.a(_arm_fixdfsi.o)
                0x0000000008000b18                __aeabi_d2iz
                0x0000000008000b18                __fixdfsi
 .text          0x0000000008000b68       0x40 d:/ykl/stm32cubeide_1.12.1/stm32cubeide/plugins/com.st.stm32cube.ide.mcu.externaltools.gnu-tools-for-stm32.10.3-2021.10.win32_1.0.200.202301161003/tools/bin/../lib/gcc/arm-none-eabi/10.3.1/thumb/v7-m/nofp\libgcc.a(_arm_fixunsdfsi.o)
                0x0000000008000b68                __aeabi_d2uiz
                0x0000000008000b68                __fixunsdfsi
 .text          0x0000000008000ba8       0xa0 d:/ykl/stm32cubeide_1.12.1/stm32cubeide/plugins/com.st.stm32cube.ide.mcu.externaltools.gnu-tools-for-stm32.10.3-2021.10.win32_1.0.200.202301161003/tools/bin/../lib/gcc/arm-none-eabi/10.3.1/thumb/v7-m/nofp\libgcc.a(_arm_truncdfsf2.o)
                0x0000000008000ba8                __truncdfsf2
                0x0000000008000ba8                __aeabi_d2f
 .text          0x0000000008000c48       0x34 d:/ykl/stm32cubeide_1.12.1/stm32cubeide/plugins/com.st.stm32cube.ide.mcu.externaltools.gnu-tools-for-stm32.10.3-2021.10.win32_1.0.200.202301161003/tools/bin/../lib/gcc/arm-none-eabi/10.3.1/thumb/v7-m/nofp\libgcc.a(_fixdfdi.o)
                0x0000000008000c48                __fixdfdi
                0x0000000008000c48                __aeabi_d2lz
 .text          0x0000000008000c7c       0x3c d:/ykl/stm32cubeide_1.12.1/stm32cubeide/plugins/com.st.stm32cube.ide.mcu.externaltools.gnu-tools-for-stm32.10.3-2021.10.win32_1.0.200.202301161003/tools/bin/../lib/gcc/arm-none-eabi/10.3.1/thumb/v7-m/nofp\libgcc.a(_fixunsdfdi.o)
                0x0000000008000c7c                __fixunsdfdi
                0x0000000008000c7c                __aeabi_d2ulz
 *(.text*)
 .text.LCD_WR_REG
                0x0000000008000cb8       0x28 ./Core/BSP/LCD/lcd.o
                0x0000000008000cb8                LCD_WR_REG
 .text.LCD_WR_DATA
                0x0000000008000ce0       0x28 ./Core/BSP/LCD/lcd.o
                0x0000000008000ce0                LCD_WR_DATA
 .text.LCD_RD_DATA
                0x0000000008000d08       0x20 ./Core/BSP/LCD/lcd.o
                0x0000000008000d08                LCD_RD_DATA
 .text.LCD_WriteReg
                0x0000000008000d28       0x2c ./Core/BSP/LCD/lcd.o
                0x0000000008000d28                LCD_WriteReg
 .text.LCD_WriteRAM_Prepare
                0x0000000008000d54       0x1c ./Core/BSP/LCD/lcd.o
                0x0000000008000d54                LCD_WriteRAM_Prepare
 .text.LCD_SetCursor
                0x0000000008000d70      0x1ac ./Core/BSP/LCD/lcd.o
                0x0000000008000d70                LCD_SetCursor
 .text.LCD_Scan_Dir
                0x0000000008000f1c      0x2fc ./Core/BSP/LCD/lcd.o
                0x0000000008000f1c                LCD_Scan_Dir
 .text.LCD_Fast_DrawPoint
                0x0000000008001218      0x17c ./Core/BSP/LCD/lcd.o
                0x0000000008001218                LCD_Fast_DrawPoint
 *fill*         0x0000000008001394        0x4 
 .text.LCD_SSD_BackLightSet
                0x0000000008001398       0x68 ./Core/BSP/LCD/lcd.o
                0x0000000008001398                LCD_SSD_BackLightSet
 .text.LCD_Display_Dir
                0x0000000008001400      0x170 ./Core/BSP/LCD/lcd.o
                0x0000000008001400                LCD_Display_Dir
 .text.LCD_Init
                0x0000000008001570     0x25e4 ./Core/BSP/LCD/lcd.o
                0x0000000008001570                LCD_Init
 .text.LCD_Clear
                0x0000000008003b54       0x5c ./Core/BSP/LCD/lcd.o
                0x0000000008003b54                LCD_Clear
 .text.LCD_ShowChar
                0x0000000008003bb0      0x160 ./Core/BSP/LCD/lcd.o
                0x0000000008003bb0                LCD_ShowChar
 .text.LCD_Pow  0x0000000008003d10       0x36 ./Core/BSP/LCD/lcd.o
                0x0000000008003d10                LCD_Pow
 *fill*         0x0000000008003d46        0x2 
 .text.LCD_ShowNum
                0x0000000008003d48       0xe4 ./Core/BSP/LCD/lcd.o
                0x0000000008003d48                LCD_ShowNum
 .text.LCD_ShowString
                0x0000000008003e2c       0x9a ./Core/BSP/LCD/lcd.o
                0x0000000008003e2c                LCD_ShowString
 *fill*         0x0000000008003ec6        0x2 
 .text.MX_ADC1_Init
                0x0000000008003ec8       0x7c ./Core/Src/adc.o
                0x0000000008003ec8                MX_ADC1_Init
 .text.HAL_ADC_MspInit
                0x0000000008003f44       0x78 ./Core/Src/adc.o
                0x0000000008003f44                HAL_ADC_MspInit
 .text.MX_FREERTOS_Init
                0x0000000008003fbc       0x9c ./Core/Src/freertos.o
                0x0000000008003fbc                MX_FREERTOS_Init
 .text.AppTask_LCD
                0x0000000008004058       0x5c ./Core/Src/freertos.o
                0x0000000008004058                AppTask_LCD
 .text.AppTask_LED
                0x00000000080040b4       0x58 ./Core/Src/freertos.o
                0x00000000080040b4                AppTask_LED
 .text.AppTask_ScanKeys
                0x000000000800410c       0xa0 ./Core/Src/freertos.o
                0x000000000800410c                AppTask_ScanKeys
 .text.MX_FSMC_Init
                0x00000000080041ac       0xfc ./Core/Src/fsmc.o
                0x00000000080041ac                MX_FSMC_Init
 .text.HAL_FSMC_MspInit
                0x00000000080042a8       0xa8 ./Core/Src/fsmc.o
 .text.HAL_SRAM_MspInit
                0x0000000008004350       0x14 ./Core/Src/fsmc.o
                0x0000000008004350                HAL_SRAM_MspInit
 .text.MX_GPIO_Init
                0x0000000008004364      0x164 ./Core/Src/gpio.o
                0x0000000008004364                MX_GPIO_Init
 .text.main     0x00000000080044c8       0x80 ./Core/Src/main.o
                0x00000000080044c8                main
 .text.SystemClock_Config
                0x0000000008004548       0xc2 ./Core/Src/main.o
                0x0000000008004548                SystemClock_Config
 *fill*         0x000000000800460a        0x2 
 .text.delay_us
                0x000000000800460c       0x80 ./Core/Src/main.o
                0x000000000800460c                delay_us
 .text.delay_ms
                0x000000000800468c       0x16 ./Core/Src/main.o
                0x000000000800468c                delay_ms
 *fill*         0x00000000080046a2        0x2 
 .text.HAL_TIM_PeriodElapsedCallback
                0x00000000080046a4       0x24 ./Core/Src/main.o
                0x00000000080046a4                HAL_TIM_PeriodElapsedCallback
 .text.Error_Handler
                0x00000000080046c8        0xa ./Core/Src/main.o
                0x00000000080046c8                Error_Handler
 *fill*         0x00000000080046d2        0x2 
 .text.MX_RTC_Init
                0x00000000080046d4       0x38 ./Core/Src/rtc.o
                0x00000000080046d4                MX_RTC_Init
 .text.HAL_RTC_MspInit
                0x000000000800470c       0x68 ./Core/Src/rtc.o
                0x000000000800470c                HAL_RTC_MspInit
 .text.rtc_is_leap_year
                0x0000000008004774       0x5c ./Core/Src/rtc.o
 .text.rtc_get_time
                0x00000000080047d0      0x1c8 ./Core/Src/rtc.o
                0x00000000080047d0                rtc_get_time
 .text.rtc_get_week
                0x0000000008004998       0xa4 ./Core/Src/rtc.o
                0x0000000008004998                rtc_get_week
 .text.HAL_RTCEx_RTCEventCallback
                0x0000000008004a3c       0x64 ./Core/Src/rtc.o
                0x0000000008004a3c                HAL_RTCEx_RTCEventCallback
 .text.HAL_RTC_AlarmAEventCallback
                0x0000000008004aa0       0x34 ./Core/Src/rtc.o
                0x0000000008004aa0                HAL_RTC_AlarmAEventCallback
 .text.MX_SPI2_Init
                0x0000000008004ad4       0x6c ./Core/Src/spi.o
                0x0000000008004ad4                MX_SPI2_Init
 .text.HAL_SPI_MspInit
                0x0000000008004b40       0x98 ./Core/Src/spi.o
                0x0000000008004b40                HAL_SPI_MspInit
 .text.HAL_MspInit
                0x0000000008004bd8       0x70 ./Core/Src/stm32f1xx_hal_msp.o
                0x0000000008004bd8                HAL_MspInit
 .text.HAL_InitTick
                0x0000000008004c48       0xfc ./Core/Src/stm32f1xx_hal_timebase_tim.o
                0x0000000008004c48                HAL_InitTick
 .text.NMI_Handler
                0x0000000008004d44        0x6 ./Core/Src/stm32f1xx_it.o
                0x0000000008004d44                NMI_Handler
 .text.HardFault_Handler
                0x0000000008004d4a        0x6 ./Core/Src/stm32f1xx_it.o
                0x0000000008004d4a                HardFault_Handler
 .text.MemManage_Handler
                0x0000000008004d50        0x6 ./Core/Src/stm32f1xx_it.o
                0x0000000008004d50                MemManage_Handler
 .text.BusFault_Handler
                0x0000000008004d56        0x6 ./Core/Src/stm32f1xx_it.o
                0x0000000008004d56                BusFault_Handler
 .text.UsageFault_Handler
                0x0000000008004d5c        0x6 ./Core/Src/stm32f1xx_it.o
                0x0000000008004d5c                UsageFault_Handler
 .text.DebugMon_Handler
                0x0000000008004d62        0xc ./Core/Src/stm32f1xx_it.o
                0x0000000008004d62                DebugMon_Handler
 *fill*         0x0000000008004d6e        0x2 
 .text.RTC_IRQHandler
                0x0000000008004d70       0x14 ./Core/Src/stm32f1xx_it.o
                0x0000000008004d70                RTC_IRQHandler
 .text.USART1_IRQHandler
                0x0000000008004d84       0x14 ./Core/Src/stm32f1xx_it.o
                0x0000000008004d84                USART1_IRQHandler
 .text.RTC_Alarm_IRQHandler
                0x0000000008004d98       0x14 ./Core/Src/stm32f1xx_it.o
                0x0000000008004d98                RTC_Alarm_IRQHandler
 .text.TIM6_IRQHandler
                0x0000000008004dac       0x14 ./Core/Src/stm32f1xx_it.o
                0x0000000008004dac                TIM6_IRQHandler
 .text._getpid  0x0000000008004dc0        0xe ./Core/Src/syscalls.o
                0x0000000008004dc0                _getpid
 .text._kill    0x0000000008004dce       0x20 ./Core/Src/syscalls.o
                0x0000000008004dce                _kill
 .text._exit    0x0000000008004dee       0x14 ./Core/Src/syscalls.o
                0x0000000008004dee                _exit
 .text._read    0x0000000008004e02       0x3a ./Core/Src/syscalls.o
                0x0000000008004e02                _read
 .text._write   0x0000000008004e3c       0x38 ./Core/Src/syscalls.o
                0x0000000008004e3c                _write
 .text._close   0x0000000008004e74       0x16 ./Core/Src/syscalls.o
                0x0000000008004e74                _close
 .text._fstat   0x0000000008004e8a       0x1e ./Core/Src/syscalls.o
                0x0000000008004e8a                _fstat
 .text._isatty  0x0000000008004ea8       0x14 ./Core/Src/syscalls.o
                0x0000000008004ea8                _isatty
 .text._lseek   0x0000000008004ebc       0x18 ./Core/Src/syscalls.o
                0x0000000008004ebc                _lseek
 .text._sbrk    0x0000000008004ed4       0x6c ./Core/Src/sysmem.o
                0x0000000008004ed4                _sbrk
 .text.SystemInit
                0x0000000008004f40        0xc ./Core/Src/system_stm32f1xx.o
                0x0000000008004f40                SystemInit
 .text.MX_TIM3_Init
                0x0000000008004f4c       0x9c ./Core/Src/tim.o
                0x0000000008004f4c                MX_TIM3_Init
 .text.HAL_TIM_Base_MspInit
                0x0000000008004fe8       0x3c ./Core/Src/tim.o
                0x0000000008004fe8                HAL_TIM_Base_MspInit
 .text.MX_USART1_UART_Init
                0x0000000008005024       0x54 ./Core/Src/usart.o
                0x0000000008005024                MX_USART1_UART_Init
 .text.HAL_UART_MspInit
                0x0000000008005078       0xa8 ./Core/Src/usart.o
                0x0000000008005078                HAL_UART_MspInit
 .text.__io_putchar
                0x0000000008005120       0x2c ./Core/Src/usart.o
                0x0000000008005120                __io_putchar
 .text.Reset_Handler
                0x000000000800514c       0x48 ./Core/Startup/startup_stm32f103zetx.o
                0x000000000800514c                Reset_Handler
 .text.Default_Handler
                0x0000000008005194        0x2 ./Core/Startup/startup_stm32f103zetx.o
                0x0000000008005194                EXTI2_IRQHandler
                0x0000000008005194                TIM8_TRG_COM_IRQHandler
                0x0000000008005194                TIM8_CC_IRQHandler
                0x0000000008005194                TIM1_CC_IRQHandler
                0x0000000008005194                PVD_IRQHandler
                0x0000000008005194                SDIO_IRQHandler
                0x0000000008005194                EXTI3_IRQHandler
                0x0000000008005194                EXTI0_IRQHandler
                0x0000000008005194                I2C2_EV_IRQHandler
                0x0000000008005194                ADC1_2_IRQHandler
                0x0000000008005194                SPI1_IRQHandler
                0x0000000008005194                TAMPER_IRQHandler
                0x0000000008005194                TIM8_UP_IRQHandler
                0x0000000008005194                DMA2_Channel2_IRQHandler
                0x0000000008005194                DMA1_Channel4_IRQHandler
                0x0000000008005194                USART3_IRQHandler
                0x0000000008005194                DMA1_Channel7_IRQHandler
                0x0000000008005194                CAN1_RX1_IRQHandler
                0x0000000008005194                UART5_IRQHandler
                0x0000000008005194                ADC3_IRQHandler
                0x0000000008005194                TIM4_IRQHandler
                0x0000000008005194                DMA2_Channel1_IRQHandler
                0x0000000008005194                I2C1_EV_IRQHandler
                0x0000000008005194                DMA1_Channel6_IRQHandler
                0x0000000008005194                UART4_IRQHandler
                0x0000000008005194                TIM3_IRQHandler
                0x0000000008005194                RCC_IRQHandler
                0x0000000008005194                TIM1_TRG_COM_IRQHandler
                0x0000000008005194                DMA1_Channel1_IRQHandler
                0x0000000008005194                Default_Handler
                0x0000000008005194                EXTI15_10_IRQHandler
                0x0000000008005194                TIM7_IRQHandler
                0x0000000008005194                TIM5_IRQHandler
                0x0000000008005194                EXTI9_5_IRQHandler
                0x0000000008005194                SPI2_IRQHandler
                0x0000000008005194                DMA1_Channel5_IRQHandler
                0x0000000008005194                EXTI4_IRQHandler
                0x0000000008005194                USB_LP_CAN1_RX0_IRQHandler
                0x0000000008005194                USB_HP_CAN1_TX_IRQHandler
                0x0000000008005194                DMA1_Channel3_IRQHandler
                0x0000000008005194                FSMC_IRQHandler
                0x0000000008005194                TIM1_UP_IRQHandler
                0x0000000008005194                WWDG_IRQHandler
                0x0000000008005194                TIM2_IRQHandler
                0x0000000008005194                TIM1_BRK_IRQHandler
                0x0000000008005194                EXTI1_IRQHandler
                0x0000000008005194                DMA2_Channel4_5_IRQHandler
                0x0000000008005194                USART2_IRQHandler
                0x0000000008005194                I2C2_ER_IRQHandler
                0x0000000008005194                DMA1_Channel2_IRQHandler
                0x0000000008005194                TIM8_BRK_IRQHandler
                0x0000000008005194                CAN1_SCE_IRQHandler
                0x0000000008005194                FLASH_IRQHandler
                0x0000000008005194                SPI3_IRQHandler
                0x0000000008005194                I2C1_ER_IRQHandler
                0x0000000008005194                USBWakeUp_IRQHandler
                0x0000000008005194                DMA2_Channel3_IRQHandler
 *fill*         0x0000000008005196        0x2 
 .text.HAL_Init
                0x0000000008005198       0x2c ./Drivers/STM32F1xx_HAL_Driver/Src/stm32f1xx_hal.o
                0x0000000008005198                HAL_Init
 .text.HAL_IncTick
                0x00000000080051c4       0x24 ./Drivers/STM32F1xx_HAL_Driver/Src/stm32f1xx_hal.o
                0x00000000080051c4                HAL_IncTick
 .text.HAL_GetTick
                0x00000000080051e8       0x14 ./Drivers/STM32F1xx_HAL_Driver/Src/stm32f1xx_hal.o
                0x00000000080051e8                HAL_GetTick
 .text.HAL_Delay
                0x00000000080051fc       0x48 ./Drivers/STM32F1xx_HAL_Driver/Src/stm32f1xx_hal.o
                0x00000000080051fc                HAL_Delay
 .text.HAL_ADC_Init
                0x0000000008005244      0x1d4 ./Drivers/STM32F1xx_HAL_Driver/Src/stm32f1xx_hal_adc.o
                0x0000000008005244                HAL_ADC_Init
 .text.HAL_ADC_ConfigChannel
                0x0000000008005418      0x1f0 ./Drivers/STM32F1xx_HAL_Driver/Src/stm32f1xx_hal_adc.o
                0x0000000008005418                HAL_ADC_ConfigChannel
 .text.ADC_ConversionStop_Disable
                0x0000000008005608       0x82 ./Drivers/STM32F1xx_HAL_Driver/Src/stm32f1xx_hal_adc.o
                0x0000000008005608                ADC_ConversionStop_Disable
 *fill*         0x000000000800568a        0x2 
 .text.__NVIC_SetPriorityGrouping
                0x000000000800568c       0x48 ./Drivers/STM32F1xx_HAL_Driver/Src/stm32f1xx_hal_cortex.o
 .text.__NVIC_GetPriorityGrouping
                0x00000000080056d4       0x1c ./Drivers/STM32F1xx_HAL_Driver/Src/stm32f1xx_hal_cortex.o
 .text.__NVIC_EnableIRQ
                0x00000000080056f0       0x38 ./Drivers/STM32F1xx_HAL_Driver/Src/stm32f1xx_hal_cortex.o
 .text.__NVIC_SetPriority
                0x0000000008005728       0x54 ./Drivers/STM32F1xx_HAL_Driver/Src/stm32f1xx_hal_cortex.o
 .text.NVIC_EncodePriority
                0x000000000800577c       0x64 ./Drivers/STM32F1xx_HAL_Driver/Src/stm32f1xx_hal_cortex.o
 .text.HAL_NVIC_SetPriorityGrouping
                0x00000000080057e0       0x16 ./Drivers/STM32F1xx_HAL_Driver/Src/stm32f1xx_hal_cortex.o
                0x00000000080057e0                HAL_NVIC_SetPriorityGrouping
 .text.HAL_NVIC_SetPriority
                0x00000000080057f6       0x38 ./Drivers/STM32F1xx_HAL_Driver/Src/stm32f1xx_hal_cortex.o
                0x00000000080057f6                HAL_NVIC_SetPriority
 .text.HAL_NVIC_EnableIRQ
                0x000000000800582e       0x1c ./Drivers/STM32F1xx_HAL_Driver/Src/stm32f1xx_hal_cortex.o
                0x000000000800582e                HAL_NVIC_EnableIRQ
 .text.HAL_DMA_Abort
                0x000000000800584a       0x76 ./Drivers/STM32F1xx_HAL_Driver/Src/stm32f1xx_hal_dma.o
                0x000000000800584a                HAL_DMA_Abort
 .text.HAL_DMA_Abort_IT
                0x00000000080058c0      0x210 ./Drivers/STM32F1xx_HAL_Driver/Src/stm32f1xx_hal_dma.o
                0x00000000080058c0                HAL_DMA_Abort_IT
 .text.HAL_GPIO_Init
                0x0000000008005ad0      0x328 ./Drivers/STM32F1xx_HAL_Driver/Src/stm32f1xx_hal_gpio.o
                0x0000000008005ad0                HAL_GPIO_Init
 .text.HAL_GPIO_ReadPin
                0x0000000008005df8       0x2e ./Drivers/STM32F1xx_HAL_Driver/Src/stm32f1xx_hal_gpio.o
                0x0000000008005df8                HAL_GPIO_ReadPin
 .text.HAL_GPIO_WritePin
                0x0000000008005e26       0x30 ./Drivers/STM32F1xx_HAL_Driver/Src/stm32f1xx_hal_gpio.o
                0x0000000008005e26                HAL_GPIO_WritePin
 .text.HAL_GPIO_TogglePin
                0x0000000008005e56       0x32 ./Drivers/STM32F1xx_HAL_Driver/Src/stm32f1xx_hal_gpio.o
                0x0000000008005e56                HAL_GPIO_TogglePin
 .text.HAL_PWR_EnableBkUpAccess
                0x0000000008005e88       0x18 ./Drivers/STM32F1xx_HAL_Driver/Src/stm32f1xx_hal_pwr.o
                0x0000000008005e88                HAL_PWR_EnableBkUpAccess
 .text.HAL_RCC_OscConfig
                0x0000000008005ea0      0x504 ./Drivers/STM32F1xx_HAL_Driver/Src/stm32f1xx_hal_rcc.o
                0x0000000008005ea0                HAL_RCC_OscConfig
 .text.HAL_RCC_ClockConfig
                0x00000000080063a4      0x1d4 ./Drivers/STM32F1xx_HAL_Driver/Src/stm32f1xx_hal_rcc.o
                0x00000000080063a4                HAL_RCC_ClockConfig
 .text.HAL_RCC_GetSysClockFreq
                0x0000000008006578       0xa8 ./Drivers/STM32F1xx_HAL_Driver/Src/stm32f1xx_hal_rcc.o
                0x0000000008006578                HAL_RCC_GetSysClockFreq
 .text.HAL_RCC_GetHCLKFreq
                0x0000000008006620       0x14 ./Drivers/STM32F1xx_HAL_Driver/Src/stm32f1xx_hal_rcc.o
                0x0000000008006620                HAL_RCC_GetHCLKFreq
 .text.HAL_RCC_GetPCLK1Freq
                0x0000000008006634       0x28 ./Drivers/STM32F1xx_HAL_Driver/Src/stm32f1xx_hal_rcc.o
                0x0000000008006634                HAL_RCC_GetPCLK1Freq
 .text.HAL_RCC_GetPCLK2Freq
                0x000000000800665c       0x28 ./Drivers/STM32F1xx_HAL_Driver/Src/stm32f1xx_hal_rcc.o
                0x000000000800665c                HAL_RCC_GetPCLK2Freq
 .text.HAL_RCC_GetClockConfig
                0x0000000008006684       0x60 ./Drivers/STM32F1xx_HAL_Driver/Src/stm32f1xx_hal_rcc.o
                0x0000000008006684                HAL_RCC_GetClockConfig
 .text.RCC_Delay
                0x00000000080066e4       0x3c ./Drivers/STM32F1xx_HAL_Driver/Src/stm32f1xx_hal_rcc.o
 .text.HAL_RCCEx_PeriphCLKConfig
                0x0000000008006720      0x16c ./Drivers/STM32F1xx_HAL_Driver/Src/stm32f1xx_hal_rcc_ex.o
                0x0000000008006720                HAL_RCCEx_PeriphCLKConfig
 .text.HAL_RCCEx_GetPeriphCLKFreq
                0x000000000800688c      0x1b0 ./Drivers/STM32F1xx_HAL_Driver/Src/stm32f1xx_hal_rcc_ex.o
                0x000000000800688c                HAL_RCCEx_GetPeriphCLKFreq
 .text.HAL_RTC_Init
                0x0000000008006a3c      0x118 ./Drivers/STM32F1xx_HAL_Driver/Src/stm32f1xx_hal_rtc.o
                0x0000000008006a3c                HAL_RTC_Init
 .text.HAL_RTC_AlarmIRQHandler
                0x0000000008006b54       0x54 ./Drivers/STM32F1xx_HAL_Driver/Src/stm32f1xx_hal_rtc.o
                0x0000000008006b54                HAL_RTC_AlarmIRQHandler
 .text.HAL_RTC_WaitForSynchro
                0x0000000008006ba8       0x5a ./Drivers/STM32F1xx_HAL_Driver/Src/stm32f1xx_hal_rtc.o
                0x0000000008006ba8                HAL_RTC_WaitForSynchro
 .text.RTC_EnterInitMode
                0x0000000008006c02       0x50 ./Drivers/STM32F1xx_HAL_Driver/Src/stm32f1xx_hal_rtc.o
 .text.RTC_ExitInitMode
                0x0000000008006c52       0x50 ./Drivers/STM32F1xx_HAL_Driver/Src/stm32f1xx_hal_rtc.o
 .text.HAL_RTCEx_RTCIRQHandler
                0x0000000008006ca2       0x6e ./Drivers/STM32F1xx_HAL_Driver/Src/stm32f1xx_hal_rtc_ex.o
                0x0000000008006ca2                HAL_RTCEx_RTCIRQHandler
 .text.HAL_RTCEx_RTCEventErrorCallback
                0x0000000008006d10       0x12 ./Drivers/STM32F1xx_HAL_Driver/Src/stm32f1xx_hal_rtc_ex.o
                0x0000000008006d10                HAL_RTCEx_RTCEventErrorCallback
 .text.HAL_SPI_Init
                0x0000000008006d22      0x108 ./Drivers/STM32F1xx_HAL_Driver/Src/stm32f1xx_hal_spi.o
                0x0000000008006d22                HAL_SPI_Init
 .text.HAL_SRAM_Init
                0x0000000008006e2a       0x9a ./Drivers/STM32F1xx_HAL_Driver/Src/stm32f1xx_hal_sram.o
                0x0000000008006e2a                HAL_SRAM_Init
 .text.HAL_TIM_Base_Init
                0x0000000008006ec4       0x9e ./Drivers/STM32F1xx_HAL_Driver/Src/stm32f1xx_hal_tim.o
                0x0000000008006ec4                HAL_TIM_Base_Init
 *fill*         0x0000000008006f62        0x2 
 .text.HAL_TIM_Base_Start_IT
                0x0000000008006f64       0xc0 ./Drivers/STM32F1xx_HAL_Driver/Src/stm32f1xx_hal_tim.o
                0x0000000008006f64                HAL_TIM_Base_Start_IT
 .text.HAL_TIM_IRQHandler
                0x0000000008007024      0x210 ./Drivers/STM32F1xx_HAL_Driver/Src/stm32f1xx_hal_tim.o
                0x0000000008007024                HAL_TIM_IRQHandler
 .text.HAL_TIM_ConfigClockSource
                0x0000000008007234      0x18e ./Drivers/STM32F1xx_HAL_Driver/Src/stm32f1xx_hal_tim.o
                0x0000000008007234                HAL_TIM_ConfigClockSource
 .text.HAL_TIM_OC_DelayElapsedCallback
                0x00000000080073c2       0x12 ./Drivers/STM32F1xx_HAL_Driver/Src/stm32f1xx_hal_tim.o
                0x00000000080073c2                HAL_TIM_OC_DelayElapsedCallback
 .text.HAL_TIM_IC_CaptureCallback
                0x00000000080073d4       0x12 ./Drivers/STM32F1xx_HAL_Driver/Src/stm32f1xx_hal_tim.o
                0x00000000080073d4                HAL_TIM_IC_CaptureCallback
 .text.HAL_TIM_PWM_PulseFinishedCallback
                0x00000000080073e6       0x12 ./Drivers/STM32F1xx_HAL_Driver/Src/stm32f1xx_hal_tim.o
                0x00000000080073e6                HAL_TIM_PWM_PulseFinishedCallback
 .text.HAL_TIM_TriggerCallback
                0x00000000080073f8       0x12 ./Drivers/STM32F1xx_HAL_Driver/Src/stm32f1xx_hal_tim.o
                0x00000000080073f8                HAL_TIM_TriggerCallback
 *fill*         0x000000000800740a        0x2 
 .text.TIM_Base_SetConfig
                0x000000000800740c       0xf4 ./Drivers/STM32F1xx_HAL_Driver/Src/stm32f1xx_hal_tim.o
                0x000000000800740c                TIM_Base_SetConfig
 .text.TIM_TI1_ConfigInputStage
                0x0000000008007500       0x5c ./Drivers/STM32F1xx_HAL_Driver/Src/stm32f1xx_hal_tim.o
 .text.TIM_TI2_ConfigInputStage
                0x000000000800755c       0x5e ./Drivers/STM32F1xx_HAL_Driver/Src/stm32f1xx_hal_tim.o
 .text.TIM_ITRx_SetConfig
                0x00000000080075ba       0x34 ./Drivers/STM32F1xx_HAL_Driver/Src/stm32f1xx_hal_tim.o
 .text.TIM_ETR_SetConfig
                0x00000000080075ee       0x3e ./Drivers/STM32F1xx_HAL_Driver/Src/stm32f1xx_hal_tim.o
                0x00000000080075ee                TIM_ETR_SetConfig
 .text.HAL_TIMEx_MasterConfigSynchronization
                0x000000000800762c       0xd8 ./Drivers/STM32F1xx_HAL_Driver/Src/stm32f1xx_hal_tim_ex.o
                0x000000000800762c                HAL_TIMEx_MasterConfigSynchronization
 .text.HAL_TIMEx_CommutCallback
                0x0000000008007704       0x12 ./Drivers/STM32F1xx_HAL_Driver/Src/stm32f1xx_hal_tim_ex.o
                0x0000000008007704                HAL_TIMEx_CommutCallback
 .text.HAL_TIMEx_BreakCallback
                0x0000000008007716       0x12 ./Drivers/STM32F1xx_HAL_Driver/Src/stm32f1xx_hal_tim_ex.o
                0x0000000008007716                HAL_TIMEx_BreakCallback
 .text.HAL_UART_Init
                0x0000000008007728       0xa0 ./Drivers/STM32F1xx_HAL_Driver/Src/stm32f1xx_hal_uart.o
                0x0000000008007728                HAL_UART_Init
 .text.HAL_UART_Transmit
                0x00000000080077c8      0x106 ./Drivers/STM32F1xx_HAL_Driver/Src/stm32f1xx_hal_uart.o
                0x00000000080077c8                HAL_UART_Transmit
 *fill*         0x00000000080078ce        0x2 
 .text.HAL_UART_IRQHandler
                0x00000000080078d0      0x524 ./Drivers/STM32F1xx_HAL_Driver/Src/stm32f1xx_hal_uart.o
                0x00000000080078d0                HAL_UART_IRQHandler
 .text.HAL_UART_TxCpltCallback
                0x0000000008007df4       0x12 ./Drivers/STM32F1xx_HAL_Driver/Src/stm32f1xx_hal_uart.o
                0x0000000008007df4                HAL_UART_TxCpltCallback
 .text.HAL_UART_RxCpltCallback
                0x0000000008007e06       0x12 ./Drivers/STM32F1xx_HAL_Driver/Src/stm32f1xx_hal_uart.o
                0x0000000008007e06                HAL_UART_RxCpltCallback
 .text.HAL_UART_ErrorCallback
                0x0000000008007e18       0x12 ./Drivers/STM32F1xx_HAL_Driver/Src/stm32f1xx_hal_uart.o
                0x0000000008007e18                HAL_UART_ErrorCallback
 .text.HAL_UARTEx_RxEventCallback
                0x0000000008007e2a       0x16 ./Drivers/STM32F1xx_HAL_Driver/Src/stm32f1xx_hal_uart.o
                0x0000000008007e2a                HAL_UARTEx_RxEventCallback
 .text.UART_WaitOnFlagUntilTimeout
                0x0000000008007e40       0xdc ./Drivers/STM32F1xx_HAL_Driver/Src/stm32f1xx_hal_uart.o
 .text.UART_EndRxTransfer
                0x0000000008007f1c       0xc4 ./Drivers/STM32F1xx_HAL_Driver/Src/stm32f1xx_hal_uart.o
 .text.UART_DMAAbortOnError
                0x0000000008007fe0       0x28 ./Drivers/STM32F1xx_HAL_Driver/Src/stm32f1xx_hal_uart.o
 .text.UART_Transmit_IT
                0x0000000008008008       0x9e ./Drivers/STM32F1xx_HAL_Driver/Src/stm32f1xx_hal_uart.o
 .text.UART_EndTransmit_IT
                0x00000000080080a6       0x30 ./Drivers/STM32F1xx_HAL_Driver/Src/stm32f1xx_hal_uart.o
 .text.UART_Receive_IT
                0x00000000080080d6      0x17c ./Drivers/STM32F1xx_HAL_Driver/Src/stm32f1xx_hal_uart.o
 *fill*         0x0000000008008252        0x2 
 .text.UART_SetConfig
                0x0000000008008254      0x11c ./Drivers/STM32F1xx_HAL_Driver/Src/stm32f1xx_hal_uart.o
 .text.FSMC_NORSRAM_Init
                0x0000000008008370       0xd4 ./Drivers/STM32F1xx_HAL_Driver/Src/stm32f1xx_ll_fsmc.o
                0x0000000008008370                FSMC_NORSRAM_Init
 .text.FSMC_NORSRAM_Timing_Init
                0x0000000008008444       0x68 ./Drivers/STM32F1xx_HAL_Driver/Src/stm32f1xx_ll_fsmc.o
                0x0000000008008444                FSMC_NORSRAM_Timing_Init
 .text.FSMC_NORSRAM_Extended_Timing_Init
                0x00000000080084ac       0x70 ./Drivers/STM32F1xx_HAL_Driver/Src/stm32f1xx_ll_fsmc.o
                0x00000000080084ac                FSMC_NORSRAM_Extended_Timing_Init
 .text.osKernelInitialize
                0x000000000800851c       0x64 ./Middlewares/Third_Party/FreeRTOS/Source/CMSIS_RTOS_V2/cmsis_os2.o
                0x000000000800851c                osKernelInitialize
 .text.osKernelStart
                0x0000000008008580       0x68 ./Middlewares/Third_Party/FreeRTOS/Source/CMSIS_RTOS_V2/cmsis_os2.o
                0x0000000008008580                osKernelStart
 .text.osThreadNew
                0x00000000080085e8      0x154 ./Middlewares/Third_Party/FreeRTOS/Source/CMSIS_RTOS_V2/cmsis_os2.o
                0x00000000080085e8                osThreadNew
 .text.osDelay  0x000000000800873c       0x5c ./Middlewares/Third_Party/FreeRTOS/Source/CMSIS_RTOS_V2/cmsis_os2.o
                0x000000000800873c                osDelay
 .text.osSemaphoreNew
                0x0000000008008798      0x138 ./Middlewares/Third_Party/FreeRTOS/Source/CMSIS_RTOS_V2/cmsis_os2.o
                0x0000000008008798                osSemaphoreNew
 .text.osMessageQueueNew
                0x00000000080088d0      0x10c ./Middlewares/Third_Party/FreeRTOS/Source/CMSIS_RTOS_V2/cmsis_os2.o
                0x00000000080088d0                osMessageQueueNew
 .text.vApplicationGetIdleTaskMemory
                0x00000000080089dc       0x30 ./Middlewares/Third_Party/FreeRTOS/Source/CMSIS_RTOS_V2/cmsis_os2.o
                0x00000000080089dc                vApplicationGetIdleTaskMemory
 .text.vApplicationGetTimerTaskMemory
                0x0000000008008a0c       0x34 ./Middlewares/Third_Party/FreeRTOS/Source/CMSIS_RTOS_V2/cmsis_os2.o
                0x0000000008008a0c                vApplicationGetTimerTaskMemory
 .text.xEventGroupCreate
                0x0000000008008a40       0x34 ./Middlewares/Third_Party/FreeRTOS/Source/event_groups.o
                0x0000000008008a40                xEventGroupCreate
 .text.xEventGroupWaitBits
                0x0000000008008a74      0x19c ./Middlewares/Third_Party/FreeRTOS/Source/event_groups.o
                0x0000000008008a74                xEventGroupWaitBits
 .text.xEventGroupClearBits
                0x0000000008008c10       0x70 ./Middlewares/Third_Party/FreeRTOS/Source/event_groups.o
                0x0000000008008c10                xEventGroupClearBits
 .text.xEventGroupSetBits
                0x0000000008008c80      0x116 ./Middlewares/Third_Party/FreeRTOS/Source/event_groups.o
                0x0000000008008c80                xEventGroupSetBits
 .text.prvTestWaitCondition
                0x0000000008008d96       0x42 ./Middlewares/Third_Party/FreeRTOS/Source/event_groups.o
 .text.vListInitialise
                0x0000000008008dd8       0x3e ./Middlewares/Third_Party/FreeRTOS/Source/list.o
                0x0000000008008dd8                vListInitialise
 .text.vListInitialiseItem
                0x0000000008008e16       0x18 ./Middlewares/Third_Party/FreeRTOS/Source/list.o
                0x0000000008008e16                vListInitialiseItem
 .text.vListInsertEnd
                0x0000000008008e2e       0x46 ./Middlewares/Third_Party/FreeRTOS/Source/list.o
                0x0000000008008e2e                vListInsertEnd
 .text.vListInsert
                0x0000000008008e74       0x70 ./Middlewares/Third_Party/FreeRTOS/Source/list.o
                0x0000000008008e74                vListInsert
 .text.uxListRemove
                0x0000000008008ee4       0x52 ./Middlewares/Third_Party/FreeRTOS/Source/list.o
                0x0000000008008ee4                uxListRemove
 *fill*         0x0000000008008f36        0x2 
 .text.xQueueGenericReset
                0x0000000008008f38       0xd0 ./Middlewares/Third_Party/FreeRTOS/Source/queue.o
                0x0000000008008f38                xQueueGenericReset
 .text.xQueueGenericCreateStatic
                0x0000000008009008       0xee ./Middlewares/Third_Party/FreeRTOS/Source/queue.o
                0x0000000008009008                xQueueGenericCreateStatic
 .text.xQueueGenericCreate
                0x00000000080090f6       0x7c ./Middlewares/Third_Party/FreeRTOS/Source/queue.o
                0x00000000080090f6                xQueueGenericCreate
 .text.prvInitialiseNewQueue
                0x0000000008009172       0x46 ./Middlewares/Third_Party/FreeRTOS/Source/queue.o
 .text.xQueueCreateCountingSemaphoreStatic
                0x00000000080091b8       0x6e ./Middlewares/Third_Party/FreeRTOS/Source/queue.o
                0x00000000080091b8                xQueueCreateCountingSemaphoreStatic
 .text.xQueueCreateCountingSemaphore
                0x0000000008009226       0x66 ./Middlewares/Third_Party/FreeRTOS/Source/queue.o
                0x0000000008009226                xQueueCreateCountingSemaphore
 .text.xQueueGenericSend
                0x000000000800928c      0x1fc ./Middlewares/Third_Party/FreeRTOS/Source/queue.o
                0x000000000800928c                xQueueGenericSend
 .text.xQueueGenericSendFromISR
                0x0000000008009488      0x130 ./Middlewares/Third_Party/FreeRTOS/Source/queue.o
                0x0000000008009488                xQueueGenericSendFromISR
 .text.xQueueReceive
                0x00000000080095b8      0x1c0 ./Middlewares/Third_Party/FreeRTOS/Source/queue.o
                0x00000000080095b8                xQueueReceive
 .text.vQueueDelete
                0x0000000008009778       0x46 ./Middlewares/Third_Party/FreeRTOS/Source/queue.o
                0x0000000008009778                vQueueDelete
 .text.prvCopyDataToQueue
                0x00000000080097be       0xd4 ./Middlewares/Third_Party/FreeRTOS/Source/queue.o
 .text.prvCopyDataFromQueue
                0x0000000008009892       0x4c ./Middlewares/Third_Party/FreeRTOS/Source/queue.o
 .text.prvUnlockQueue
                0x00000000080098de       0xa4 ./Middlewares/Third_Party/FreeRTOS/Source/queue.o
 .text.prvIsQueueEmpty
                0x0000000008009982       0x2c ./Middlewares/Third_Party/FreeRTOS/Source/queue.o
 .text.prvIsQueueFull
                0x00000000080099ae       0x30 ./Middlewares/Third_Party/FreeRTOS/Source/queue.o
 *fill*         0x00000000080099de        0x2 
 .text.vQueueAddToRegistry
                0x00000000080099e0       0x50 ./Middlewares/Third_Party/FreeRTOS/Source/queue.o
                0x00000000080099e0                vQueueAddToRegistry
 .text.vQueueUnregisterQueue
                0x0000000008009a30       0x54 ./Middlewares/Third_Party/FreeRTOS/Source/queue.o
                0x0000000008009a30                vQueueUnregisterQueue
 .text.vQueueWaitForMessageRestricted
                0x0000000008009a84       0x68 ./Middlewares/Third_Party/FreeRTOS/Source/queue.o
                0x0000000008009a84                vQueueWaitForMessageRestricted
 .text.xTaskCreateStatic
                0x0000000008009aec       0xb8 ./Middlewares/Third_Party/FreeRTOS/Source/tasks.o
                0x0000000008009aec                xTaskCreateStatic
 .text.xTaskCreate
                0x0000000008009ba4       0x8a ./Middlewares/Third_Party/FreeRTOS/Source/tasks.o
                0x0000000008009ba4                xTaskCreate
 .text.prvInitialiseNewTask
                0x0000000008009c2e      0x116 ./Middlewares/Third_Party/FreeRTOS/Source/tasks.o
 .text.prvAddNewTaskToReadyList
                0x0000000008009d44       0xe0 ./Middlewares/Third_Party/FreeRTOS/Source/tasks.o
 .text.vTaskDelay
                0x0000000008009e24       0x68 ./Middlewares/Third_Party/FreeRTOS/Source/tasks.o
                0x0000000008009e24                vTaskDelay
 .text.vTaskStartScheduler
                0x0000000008009e8c       0xcc ./Middlewares/Third_Party/FreeRTOS/Source/tasks.o
                0x0000000008009e8c                vTaskStartScheduler
 .text.vTaskSuspendAll
                0x0000000008009f58       0x1c ./Middlewares/Third_Party/FreeRTOS/Source/tasks.o
                0x0000000008009f58                vTaskSuspendAll
 .text.xTaskResumeAll
                0x0000000008009f74      0x13c ./Middlewares/Third_Party/FreeRTOS/Source/tasks.o
                0x0000000008009f74                xTaskResumeAll
 .text.xTaskGetTickCount
                0x000000000800a0b0       0x1c ./Middlewares/Third_Party/FreeRTOS/Source/tasks.o
                0x000000000800a0b0                xTaskGetTickCount
 .text.xTaskIncrementTick
                0x000000000800a0cc      0x17c ./Middlewares/Third_Party/FreeRTOS/Source/tasks.o
                0x000000000800a0cc                xTaskIncrementTick
 .text.vTaskSwitchContext
                0x000000000800a248       0xb8 ./Middlewares/Third_Party/FreeRTOS/Source/tasks.o
                0x000000000800a248                vTaskSwitchContext
 .text.vTaskPlaceOnEventList
                0x000000000800a300       0x48 ./Middlewares/Third_Party/FreeRTOS/Source/tasks.o
                0x000000000800a300                vTaskPlaceOnEventList
 .text.vTaskPlaceOnUnorderedEventList
                0x000000000800a348       0x78 ./Middlewares/Third_Party/FreeRTOS/Source/tasks.o
                0x000000000800a348                vTaskPlaceOnUnorderedEventList
 .text.vTaskPlaceOnEventListRestricted
                0x000000000800a3c0       0x58 ./Middlewares/Third_Party/FreeRTOS/Source/tasks.o
                0x000000000800a3c0                vTaskPlaceOnEventListRestricted
 .text.xTaskRemoveFromEventList
                0x000000000800a418       0xc8 ./Middlewares/Third_Party/FreeRTOS/Source/tasks.o
                0x000000000800a418                xTaskRemoveFromEventList
 .text.vTaskRemoveFromUnorderedEventList
                0x000000000800a4e0       0xc4 ./Middlewares/Third_Party/FreeRTOS/Source/tasks.o
                0x000000000800a4e0                vTaskRemoveFromUnorderedEventList
 .text.vTaskInternalSetTimeOutState
                0x000000000800a5a4       0x2c ./Middlewares/Third_Party/FreeRTOS/Source/tasks.o
                0x000000000800a5a4                vTaskInternalSetTimeOutState
 .text.xTaskCheckForTimeOut
                0x000000000800a5d0       0xe4 ./Middlewares/Third_Party/FreeRTOS/Source/tasks.o
                0x000000000800a5d0                xTaskCheckForTimeOut
 .text.vTaskMissedYield
                0x000000000800a6b4       0x18 ./Middlewares/Third_Party/FreeRTOS/Source/tasks.o
                0x000000000800a6b4                vTaskMissedYield
 .text.prvIdleTask
                0x000000000800a6cc       0x30 ./Middlewares/Third_Party/FreeRTOS/Source/tasks.o
 .text.prvInitialiseTaskLists
                0x000000000800a6fc       0x80 ./Middlewares/Third_Party/FreeRTOS/Source/tasks.o
 .text.prvCheckTasksWaitingTermination
                0x000000000800a77c       0x5c ./Middlewares/Third_Party/FreeRTOS/Source/tasks.o
 .text.prvDeleteTCB
                0x000000000800a7d8       0x5e ./Middlewares/Third_Party/FreeRTOS/Source/tasks.o
 *fill*         0x000000000800a836        0x2 
 .text.prvResetNextTaskUnblockTime
                0x000000000800a838       0x48 ./Middlewares/Third_Party/FreeRTOS/Source/tasks.o
 .text.xTaskGetSchedulerState
                0x000000000800a880       0x3c ./Middlewares/Third_Party/FreeRTOS/Source/tasks.o
                0x000000000800a880                xTaskGetSchedulerState
 .text.xTaskPriorityDisinherit
                0x000000000800a8bc       0xdc ./Middlewares/Third_Party/FreeRTOS/Source/tasks.o
                0x000000000800a8bc                xTaskPriorityDisinherit
 .text.uxTaskResetEventItemValue
                0x000000000800a998       0x30 ./Middlewares/Third_Party/FreeRTOS/Source/tasks.o
                0x000000000800a998                uxTaskResetEventItemValue
 .text.prvAddCurrentTaskToDelayedList
                0x000000000800a9c8       0xb4 ./Middlewares/Third_Party/FreeRTOS/Source/tasks.o
 .text.xTimerCreateTimerTask
                0x000000000800aa7c       0x90 ./Middlewares/Third_Party/FreeRTOS/Source/timers.o
                0x000000000800aa7c                xTimerCreateTimerTask
 .text.xTimerGenericCommand
                0x000000000800ab0c       0x9c ./Middlewares/Third_Party/FreeRTOS/Source/timers.o
                0x000000000800ab0c                xTimerGenericCommand
 .text.prvProcessExpiredTimer
                0x000000000800aba8       0x80 ./Middlewares/Third_Party/FreeRTOS/Source/timers.o
 .text.prvTimerTask
                0x000000000800ac28       0x24 ./Middlewares/Third_Party/FreeRTOS/Source/timers.o
 .text.prvProcessTimerOrBlockTask
                0x000000000800ac4c       0x9c ./Middlewares/Third_Party/FreeRTOS/Source/timers.o
 .text.prvGetNextExpireTime
                0x000000000800ace8       0x48 ./Middlewares/Third_Party/FreeRTOS/Source/timers.o
 .text.prvSampleTimeNow
                0x000000000800ad30       0x40 ./Middlewares/Third_Party/FreeRTOS/Source/timers.o
 .text.prvInsertTimerInActiveList
                0x000000000800ad70       0x84 ./Middlewares/Third_Party/FreeRTOS/Source/timers.o
 .text.prvProcessReceivedCommands
                0x000000000800adf4      0x168 ./Middlewares/Third_Party/FreeRTOS/Source/timers.o
 .text.prvSwitchTimerLists
                0x000000000800af5c       0xc4 ./Middlewares/Third_Party/FreeRTOS/Source/timers.o
 .text.prvCheckForValidListAndQueue
                0x000000000800b020       0x80 ./Middlewares/Third_Party/FreeRTOS/Source/timers.o
 .text.pxPortInitialiseStack
                0x000000000800b0a0       0x58 ./Middlewares/Third_Party/FreeRTOS/Source/portable/GCC/ARM_CM3/port.o
                0x000000000800b0a0                pxPortInitialiseStack
 .text.prvTaskExitError
                0x000000000800b0f8       0x58 ./Middlewares/Third_Party/FreeRTOS/Source/portable/GCC/ARM_CM3/port.o
 .text.SVC_Handler
                0x000000000800b150       0x28 ./Middlewares/Third_Party/FreeRTOS/Source/portable/GCC/ARM_CM3/port.o
                0x000000000800b150                SVC_Handler
 .text.prvPortStartFirstTask
                0x000000000800b178       0x20 ./Middlewares/Third_Party/FreeRTOS/Source/portable/GCC/ARM_CM3/port.o
 .text.xPortStartScheduler
                0x000000000800b198       0xe4 ./Middlewares/Third_Party/FreeRTOS/Source/portable/GCC/ARM_CM3/port.o
                0x000000000800b198                xPortStartScheduler
 .text.vPortEnterCritical
                0x000000000800b27c       0x60 ./Middlewares/Third_Party/FreeRTOS/Source/portable/GCC/ARM_CM3/port.o
                0x000000000800b27c                vPortEnterCritical
 .text.vPortExitCritical
                0x000000000800b2dc       0x50 ./Middlewares/Third_Party/FreeRTOS/Source/portable/GCC/ARM_CM3/port.o
                0x000000000800b2dc                vPortExitCritical
 *fill*         0x000000000800b32c        0x4 
 .text.PendSV_Handler
                0x000000000800b330       0x48 ./Middlewares/Third_Party/FreeRTOS/Source/portable/GCC/ARM_CM3/port.o
                0x000000000800b330                PendSV_Handler
 .text.SysTick_Handler
                0x000000000800b378       0x44 ./Middlewares/Third_Party/FreeRTOS/Source/portable/GCC/ARM_CM3/port.o
                0x000000000800b378                SysTick_Handler
 .text.vPortSetupTimerInterrupt
                0x000000000800b3bc       0x44 ./Middlewares/Third_Party/FreeRTOS/Source/portable/GCC/ARM_CM3/port.o
                0x000000000800b3bc                vPortSetupTimerInterrupt
 .text.vPortValidateInterruptPriority
                0x000000000800b400       0x7c ./Middlewares/Third_Party/FreeRTOS/Source/portable/GCC/ARM_CM3/port.o
                0x000000000800b400                vPortValidateInterruptPriority
 .text.pvPortMalloc
                0x000000000800b47c      0x188 ./Middlewares/Third_Party/FreeRTOS/Source/portable/MemMang/heap_4.o
                0x000000000800b47c                pvPortMalloc
 .text.vPortFree
                0x000000000800b604       0xb4 ./Middlewares/Third_Party/FreeRTOS/Source/portable/MemMang/heap_4.o
                0x000000000800b604                vPortFree
 .text.prvHeapInit
                0x000000000800b6b8       0xc4 ./Middlewares/Third_Party/FreeRTOS/Source/portable/MemMang/heap_4.o
 .text.prvInsertBlockIntoFreeList
                0x000000000800b77c       0xb0 ./Middlewares/Third_Party/FreeRTOS/Source/portable/MemMang/heap_4.o
 .text.__errno  0x000000000800b82c        0xc d:/ykl/stm32cubeide_1.12.1/stm32cubeide/plugins/com.st.stm32cube.ide.mcu.externaltools.gnu-tools-for-stm32.10.3-2021.10.win32_1.0.200.202301161003/tools/bin/../lib/gcc/arm-none-eabi/10.3.1/../../../../arm-none-eabi/lib/thumb/v7-m/nofp\libc_nano.a(lib_a-errno.o)
                0x000000000800b82c                __errno
 .text.__libc_init_array
                0x000000000800b838       0x48 d:/ykl/stm32cubeide_1.12.1/stm32cubeide/plugins/com.st.stm32cube.ide.mcu.externaltools.gnu-tools-for-stm32.10.3-2021.10.win32_1.0.200.202301161003/tools/bin/../lib/gcc/arm-none-eabi/10.3.1/../../../../arm-none-eabi/lib/thumb/v7-m/nofp\libc_nano.a(lib_a-init.o)
                0x000000000800b838                __libc_init_array
 .text.memcpy   0x000000000800b880       0x1c d:/ykl/stm32cubeide_1.12.1/stm32cubeide/plugins/com.st.stm32cube.ide.mcu.externaltools.gnu-tools-for-stm32.10.3-2021.10.win32_1.0.200.202301161003/tools/bin/../lib/gcc/arm-none-eabi/10.3.1/../../../../arm-none-eabi/lib/thumb/v7-m/nofp\libc_nano.a(lib_a-memcpy-stub.o)
                0x000000000800b880                memcpy
 .text.memset   0x000000000800b89c       0x10 d:/ykl/stm32cubeide_1.12.1/stm32cubeide/plugins/com.st.stm32cube.ide.mcu.externaltools.gnu-tools-for-stm32.10.3-2021.10.win32_1.0.200.202301161003/tools/bin/../lib/gcc/arm-none-eabi/10.3.1/../../../../arm-none-eabi/lib/thumb/v7-m/nofp\libc_nano.a(lib_a-memset.o)
                0x000000000800b89c                memset
 .text.__cvt    0x000000000800b8ac       0xbe d:/ykl/stm32cubeide_1.12.1/stm32cubeide/plugins/com.st.stm32cube.ide.mcu.externaltools.gnu-tools-for-stm32.10.3-2021.10.win32_1.0.200.202301161003/tools/bin/../lib/gcc/arm-none-eabi/10.3.1/../../../../arm-none-eabi/lib/thumb/v7-m/nofp\libc_nano.a(lib_a-nano-vfprintf_float.o)
                0x000000000800b8ac                __cvt
 .text.__exponent
                0x000000000800b96a       0x7c d:/ykl/stm32cubeide_1.12.1/stm32cubeide/plugins/com.st.stm32cube.ide.mcu.externaltools.gnu-tools-for-stm32.10.3-2021.10.win32_1.0.200.202301161003/tools/bin/../lib/gcc/arm-none-eabi/10.3.1/../../../../arm-none-eabi/lib/thumb/v7-m/nofp\libc_nano.a(lib_a-nano-vfprintf_float.o)
                0x000000000800b96a                __exponent
 *fill*         0x000000000800b9e6        0x2 
 .text._printf_float
                0x000000000800b9e8      0x458 d:/ykl/stm32cubeide_1.12.1/stm32cubeide/plugins/com.st.stm32cube.ide.mcu.externaltools.gnu-tools-for-stm32.10.3-2021.10.win32_1.0.200.202301161003/tools/bin/../lib/gcc/arm-none-eabi/10.3.1/../../../../arm-none-eabi/lib/thumb/v7-m/nofp\libc_nano.a(lib_a-nano-vfprintf_float.o)
                0x000000000800b9e8                _printf_float
 .text._printf_common
                0x000000000800be40       0xde d:/ykl/stm32cubeide_1.12.1/stm32cubeide/plugins/com.st.stm32cube.ide.mcu.externaltools.gnu-tools-for-stm32.10.3-2021.10.win32_1.0.200.202301161003/tools/bin/../lib/gcc/arm-none-eabi/10.3.1/../../../../arm-none-eabi/lib/thumb/v7-m/nofp\libc_nano.a(lib_a-nano-vfprintf_i.o)
                0x000000000800be40                _printf_common
 *fill*         0x000000000800bf1e        0x2 
 .text._printf_i
                0x000000000800bf20      0x24c d:/ykl/stm32cubeide_1.12.1/stm32cubeide/plugins/com.st.stm32cube.ide.mcu.externaltools.gnu-tools-for-stm32.10.3-2021.10.win32_1.0.200.202301161003/tools/bin/../lib/gcc/arm-none-eabi/10.3.1/../../../../arm-none-eabi/lib/thumb/v7-m/nofp\libc_nano.a(lib_a-nano-vfprintf_i.o)
                0x000000000800bf20                _printf_i
 .text._scanf_float
                0x000000000800c16c      0x41c d:/ykl/stm32cubeide_1.12.1/stm32cubeide/plugins/com.st.stm32cube.ide.mcu.externaltools.gnu-tools-for-stm32.10.3-2021.10.win32_1.0.200.202301161003/tools/bin/../lib/gcc/arm-none-eabi/10.3.1/../../../../arm-none-eabi/lib/thumb/v7-m/nofp\libc_nano.a(lib_a-nano-vfscanf_float.o)
                0x000000000800c16c                _scanf_float
 .text.nanf     0x000000000800c588        0x8 d:/ykl/stm32cubeide_1.12.1/stm32cubeide/plugins/com.st.stm32cube.ide.mcu.externaltools.gnu-tools-for-stm32.10.3-2021.10.win32_1.0.200.202301161003/tools/bin/../lib/gcc/arm-none-eabi/10.3.1/../../../../arm-none-eabi/lib/thumb/v7-m/nofp\libc_nano.a(lib_a-sf_nan.o)
                0x000000000800c588                nanf
 .text.sprintf  0x000000000800c590       0x40 d:/ykl/stm32cubeide_1.12.1/stm32cubeide/plugins/com.st.stm32cube.ide.mcu.externaltools.gnu-tools-for-stm32.10.3-2021.10.win32_1.0.200.202301161003/tools/bin/../lib/gcc/arm-none-eabi/10.3.1/../../../../arm-none-eabi/lib/thumb/v7-m/nofp\libc_nano.a(lib_a-sprintf.o)
                0x000000000800c590                siprintf
                0x000000000800c590                sprintf
 .text.sulp     0x000000000800c5d0       0x42 d:/ykl/stm32cubeide_1.12.1/stm32cubeide/plugins/com.st.stm32cube.ide.mcu.externaltools.gnu-tools-for-stm32.10.3-2021.10.win32_1.0.200.202301161003/tools/bin/../lib/gcc/arm-none-eabi/10.3.1/../../../../arm-none-eabi/lib/thumb/v7-m/nofp\libc_nano.a(lib_a-strtod.o)
 *fill*         0x000000000800c612        0x6 
 .text._strtod_l
                0x000000000800c618      0xbd0 d:/ykl/stm32cubeide_1.12.1/stm32cubeide/plugins/com.st.stm32cube.ide.mcu.externaltools.gnu-tools-for-stm32.10.3-2021.10.win32_1.0.200.202301161003/tools/bin/../lib/gcc/arm-none-eabi/10.3.1/../../../../arm-none-eabi/lib/thumb/v7-m/nofp\libc_nano.a(lib_a-strtod.o)
                0x000000000800c618                _strtod_l
 .text._strtod_r
                0x000000000800d1e8        0xc d:/ykl/stm32cubeide_1.12.1/stm32cubeide/plugins/com.st.stm32cube.ide.mcu.externaltools.gnu-tools-for-stm32.10.3-2021.10.win32_1.0.200.202301161003/tools/bin/../lib/gcc/arm-none-eabi/10.3.1/../../../../arm-none-eabi/lib/thumb/v7-m/nofp\libc_nano.a(lib_a-strtod.o)
                0x000000000800d1e8                _strtod_r
 .text._strtol_l.constprop.0
                0x000000000800d1f4       0xf8 d:/ykl/stm32cubeide_1.12.1/stm32cubeide/plugins/com.st.stm32cube.ide.mcu.externaltools.gnu-tools-for-stm32.10.3-2021.10.win32_1.0.200.202301161003/tools/bin/../lib/gcc/arm-none-eabi/10.3.1/../../../../arm-none-eabi/lib/thumb/v7-m/nofp\libc_nano.a(lib_a-strtol.o)
 .text._strtol_r
                0x000000000800d2ec        0x4 d:/ykl/stm32cubeide_1.12.1/stm32cubeide/plugins/com.st.stm32cube.ide.mcu.externaltools.gnu-tools-for-stm32.10.3-2021.10.win32_1.0.200.202301161003/tools/bin/../lib/gcc/arm-none-eabi/10.3.1/../../../../arm-none-eabi/lib/thumb/v7-m/nofp\libc_nano.a(lib_a-strtol.o)
                0x000000000800d2ec                _strtol_r
 .text.quorem   0x000000000800d2f0      0x118 d:/ykl/stm32cubeide_1.12.1/stm32cubeide/plugins/com.st.stm32cube.ide.mcu.externaltools.gnu-tools-for-stm32.10.3-2021.10.win32_1.0.200.202301161003/tools/bin/../lib/gcc/arm-none-eabi/10.3.1/../../../../arm-none-eabi/lib/thumb/v7-m/nofp\libc_nano.a(lib_a-dtoa.o)
 .text._dtoa_r  0x000000000800d408      0xbdc d:/ykl/stm32cubeide_1.12.1/stm32cubeide/plugins/com.st.stm32cube.ide.mcu.externaltools.gnu-tools-for-stm32.10.3-2021.10.win32_1.0.200.202301161003/tools/bin/../lib/gcc/arm-none-eabi/10.3.1/../../../../arm-none-eabi/lib/thumb/v7-m/nofp\libc_nano.a(lib_a-dtoa.o)
                0x000000000800d408                _dtoa_r
 .text.rshift   0x000000000800dfe4       0xa6 d:/ykl/stm32cubeide_1.12.1/stm32cubeide/plugins/com.st.stm32cube.ide.mcu.externaltools.gnu-tools-for-stm32.10.3-2021.10.win32_1.0.200.202301161003/tools/bin/../lib/gcc/arm-none-eabi/10.3.1/../../../../arm-none-eabi/lib/thumb/v7-m/nofp\libc_nano.a(lib_a-gdtoa-gethex.o)
 .text.__hexdig_fun
                0x000000000800e08a       0x2a d:/ykl/stm32cubeide_1.12.1/stm32cubeide/plugins/com.st.stm32cube.ide.mcu.externaltools.gnu-tools-for-stm32.10.3-2021.10.win32_1.0.200.202301161003/tools/bin/../lib/gcc/arm-none-eabi/10.3.1/../../../../arm-none-eabi/lib/thumb/v7-m/nofp\libc_nano.a(lib_a-gdtoa-gethex.o)
                0x000000000800e08a                __hexdig_fun
 .text.__gethex
                0x000000000800e0b4      0x478 d:/ykl/stm32cubeide_1.12.1/stm32cubeide/plugins/com.st.stm32cube.ide.mcu.externaltools.gnu-tools-for-stm32.10.3-2021.10.win32_1.0.200.202301161003/tools/bin/../lib/gcc/arm-none-eabi/10.3.1/../../../../arm-none-eabi/lib/thumb/v7-m/nofp\libc_nano.a(lib_a-gdtoa-gethex.o)
                0x000000000800e0b4                __gethex
 .text.L_shift  0x000000000800e52c       0x24 d:/ykl/stm32cubeide_1.12.1/stm32cubeide/plugins/com.st.stm32cube.ide.mcu.externaltools.gnu-tools-for-stm32.10.3-2021.10.win32_1.0.200.202301161003/tools/bin/../lib/gcc/arm-none-eabi/10.3.1/../../../../arm-none-eabi/lib/thumb/v7-m/nofp\libc_nano.a(lib_a-gdtoa-hexnan.o)
 .text.__match  0x000000000800e550       0x28 d:/ykl/stm32cubeide_1.12.1/stm32cubeide/plugins/com.st.stm32cube.ide.mcu.externaltools.gnu-tools-for-stm32.10.3-2021.10.win32_1.0.200.202301161003/tools/bin/../lib/gcc/arm-none-eabi/10.3.1/../../../../arm-none-eabi/lib/thumb/v7-m/nofp\libc_nano.a(lib_a-gdtoa-hexnan.o)
                0x000000000800e550                __match
 .text.__hexnan
                0x000000000800e578      0x138 d:/ykl/stm32cubeide_1.12.1/stm32cubeide/plugins/com.st.stm32cube.ide.mcu.externaltools.gnu-tools-for-stm32.10.3-2021.10.win32_1.0.200.202301161003/tools/bin/../lib/gcc/arm-none-eabi/10.3.1/../../../../arm-none-eabi/lib/thumb/v7-m/nofp\libc_nano.a(lib_a-gdtoa-hexnan.o)
                0x000000000800e578                __hexnan
 .text._localeconv_r
                0x000000000800e6b0        0x8 d:/ykl/stm32cubeide_1.12.1/stm32cubeide/plugins/com.st.stm32cube.ide.mcu.externaltools.gnu-tools-for-stm32.10.3-2021.10.win32_1.0.200.202301161003/tools/bin/../lib/gcc/arm-none-eabi/10.3.1/../../../../arm-none-eabi/lib/thumb/v7-m/nofp\libc_nano.a(lib_a-localeconv.o)
                0x000000000800e6b0                _localeconv_r
 .text.malloc   0x000000000800e6b8       0x10 d:/ykl/stm32cubeide_1.12.1/stm32cubeide/plugins/com.st.stm32cube.ide.mcu.externaltools.gnu-tools-for-stm32.10.3-2021.10.win32_1.0.200.202301161003/tools/bin/../lib/gcc/arm-none-eabi/10.3.1/../../../../arm-none-eabi/lib/thumb/v7-m/nofp\libc_nano.a(lib_a-malloc.o)
                0x000000000800e6b8                malloc
 .text.__ascii_mbtowc
                0x000000000800e6c8       0x24 d:/ykl/stm32cubeide_1.12.1/stm32cubeide/plugins/com.st.stm32cube.ide.mcu.externaltools.gnu-tools-for-stm32.10.3-2021.10.win32_1.0.200.202301161003/tools/bin/../lib/gcc/arm-none-eabi/10.3.1/../../../../arm-none-eabi/lib/thumb/v7-m/nofp\libc_nano.a(lib_a-mbtowc_r.o)
                0x000000000800e6c8                __ascii_mbtowc
 .text.memchr   0x000000000800e6ec       0x1c d:/ykl/stm32cubeide_1.12.1/stm32cubeide/plugins/com.st.stm32cube.ide.mcu.externaltools.gnu-tools-for-stm32.10.3-2021.10.win32_1.0.200.202301161003/tools/bin/../lib/gcc/arm-none-eabi/10.3.1/../../../../arm-none-eabi/lib/thumb/v7-m/nofp\libc_nano.a(lib_a-memchr-stub.o)
                0x000000000800e6ec                memchr
 .text._Balloc  0x000000000800e708       0x80 d:/ykl/stm32cubeide_1.12.1/stm32cubeide/plugins/com.st.stm32cube.ide.mcu.externaltools.gnu-tools-for-stm32.10.3-2021.10.win32_1.0.200.202301161003/tools/bin/../lib/gcc/arm-none-eabi/10.3.1/../../../../arm-none-eabi/lib/thumb/v7-m/nofp\libc_nano.a(lib_a-mprec.o)
                0x000000000800e708                _Balloc
 .text._Bfree   0x000000000800e788       0x44 d:/ykl/stm32cubeide_1.12.1/stm32cubeide/plugins/com.st.stm32cube.ide.mcu.externaltools.gnu-tools-for-stm32.10.3-2021.10.win32_1.0.200.202301161003/tools/bin/../lib/gcc/arm-none-eabi/10.3.1/../../../../arm-none-eabi/lib/thumb/v7-m/nofp\libc_nano.a(lib_a-mprec.o)
                0x000000000800e788                _Bfree
 .text.__multadd
                0x000000000800e7cc       0x8c d:/ykl/stm32cubeide_1.12.1/stm32cubeide/plugins/com.st.stm32cube.ide.mcu.externaltools.gnu-tools-for-stm32.10.3-2021.10.win32_1.0.200.202301161003/tools/bin/../lib/gcc/arm-none-eabi/10.3.1/../../../../arm-none-eabi/lib/thumb/v7-m/nofp\libc_nano.a(lib_a-mprec.o)
                0x000000000800e7cc                __multadd
 .text.__s2b    0x000000000800e858       0x94 d:/ykl/stm32cubeide_1.12.1/stm32cubeide/plugins/com.st.stm32cube.ide.mcu.externaltools.gnu-tools-for-stm32.10.3-2021.10.win32_1.0.200.202301161003/tools/bin/../lib/gcc/arm-none-eabi/10.3.1/../../../../arm-none-eabi/lib/thumb/v7-m/nofp\libc_nano.a(lib_a-mprec.o)
                0x000000000800e858                __s2b
 .text.__hi0bits
                0x000000000800e8ec       0x40 d:/ykl/stm32cubeide_1.12.1/stm32cubeide/plugins/com.st.stm32cube.ide.mcu.externaltools.gnu-tools-for-stm32.10.3-2021.10.win32_1.0.200.202301161003/tools/bin/../lib/gcc/arm-none-eabi/10.3.1/../../../../arm-none-eabi/lib/thumb/v7-m/nofp\libc_nano.a(lib_a-mprec.o)
                0x000000000800e8ec                __hi0bits
 .text.__lo0bits
                0x000000000800e92c       0x5a d:/ykl/stm32cubeide_1.12.1/stm32cubeide/plugins/com.st.stm32cube.ide.mcu.externaltools.gnu-tools-for-stm32.10.3-2021.10.win32_1.0.200.202301161003/tools/bin/../lib/gcc/arm-none-eabi/10.3.1/../../../../arm-none-eabi/lib/thumb/v7-m/nofp\libc_nano.a(lib_a-mprec.o)
                0x000000000800e92c                __lo0bits
 *fill*         0x000000000800e986        0x2 
 .text.__i2b    0x000000000800e988       0x2c d:/ykl/stm32cubeide_1.12.1/stm32cubeide/plugins/com.st.stm32cube.ide.mcu.externaltools.gnu-tools-for-stm32.10.3-2021.10.win32_1.0.200.202301161003/tools/bin/../lib/gcc/arm-none-eabi/10.3.1/../../../../arm-none-eabi/lib/thumb/v7-m/nofp\libc_nano.a(lib_a-mprec.o)
                0x000000000800e988                __i2b
 .text.__multiply
                0x000000000800e9b4      0x150 d:/ykl/stm32cubeide_1.12.1/stm32cubeide/plugins/com.st.stm32cube.ide.mcu.externaltools.gnu-tools-for-stm32.10.3-2021.10.win32_1.0.200.202301161003/tools/bin/../lib/gcc/arm-none-eabi/10.3.1/../../../../arm-none-eabi/lib/thumb/v7-m/nofp\libc_nano.a(lib_a-mprec.o)
                0x000000000800e9b4                __multiply
 .text.__pow5mult
                0x000000000800eb04       0xb4 d:/ykl/stm32cubeide_1.12.1/stm32cubeide/plugins/com.st.stm32cube.ide.mcu.externaltools.gnu-tools-for-stm32.10.3-2021.10.win32_1.0.200.202301161003/tools/bin/../lib/gcc/arm-none-eabi/10.3.1/../../../../arm-none-eabi/lib/thumb/v7-m/nofp\libc_nano.a(lib_a-mprec.o)
                0x000000000800eb04                __pow5mult
 .text.__lshift
                0x000000000800ebb8       0xe0 d:/ykl/stm32cubeide_1.12.1/stm32cubeide/plugins/com.st.stm32cube.ide.mcu.externaltools.gnu-tools-for-stm32.10.3-2021.10.win32_1.0.200.202301161003/tools/bin/../lib/gcc/arm-none-eabi/10.3.1/../../../../arm-none-eabi/lib/thumb/v7-m/nofp\libc_nano.a(lib_a-mprec.o)
                0x000000000800ebb8                __lshift
 .text.__mcmp   0x000000000800ec98       0x36 d:/ykl/stm32cubeide_1.12.1/stm32cubeide/plugins/com.st.stm32cube.ide.mcu.externaltools.gnu-tools-for-stm32.10.3-2021.10.win32_1.0.200.202301161003/tools/bin/../lib/gcc/arm-none-eabi/10.3.1/../../../../arm-none-eabi/lib/thumb/v7-m/nofp\libc_nano.a(lib_a-mprec.o)
                0x000000000800ec98                __mcmp
 *fill*         0x000000000800ecce        0x2 
 .text.__mdiff  0x000000000800ecd0      0x118 d:/ykl/stm32cubeide_1.12.1/stm32cubeide/plugins/com.st.stm32cube.ide.mcu.externaltools.gnu-tools-for-stm32.10.3-2021.10.win32_1.0.200.202301161003/tools/bin/../lib/gcc/arm-none-eabi/10.3.1/../../../../arm-none-eabi/lib/thumb/v7-m/nofp\libc_nano.a(lib_a-mprec.o)
                0x000000000800ecd0                __mdiff
 .text.__ulp    0x000000000800ede8       0x4c d:/ykl/stm32cubeide_1.12.1/stm32cubeide/plugins/com.st.stm32cube.ide.mcu.externaltools.gnu-tools-for-stm32.10.3-2021.10.win32_1.0.200.202301161003/tools/bin/../lib/gcc/arm-none-eabi/10.3.1/../../../../arm-none-eabi/lib/thumb/v7-m/nofp\libc_nano.a(lib_a-mprec.o)
                0x000000000800ede8                __ulp
 .text.__b2d    0x000000000800ee34       0xa8 d:/ykl/stm32cubeide_1.12.1/stm32cubeide/plugins/com.st.stm32cube.ide.mcu.externaltools.gnu-tools-for-stm32.10.3-2021.10.win32_1.0.200.202301161003/tools/bin/../lib/gcc/arm-none-eabi/10.3.1/../../../../arm-none-eabi/lib/thumb/v7-m/nofp\libc_nano.a(lib_a-mprec.o)
                0x000000000800ee34                __b2d
 .text.__d2b    0x000000000800eedc       0xb8 d:/ykl/stm32cubeide_1.12.1/stm32cubeide/plugins/com.st.stm32cube.ide.mcu.externaltools.gnu-tools-for-stm32.10.3-2021.10.win32_1.0.200.202301161003/tools/bin/../lib/gcc/arm-none-eabi/10.3.1/../../../../arm-none-eabi/lib/thumb/v7-m/nofp\libc_nano.a(lib_a-mprec.o)
                0x000000000800eedc                __d2b
 .text.__ratio  0x000000000800ef94       0x5c d:/ykl/stm32cubeide_1.12.1/stm32cubeide/plugins/com.st.stm32cube.ide.mcu.externaltools.gnu-tools-for-stm32.10.3-2021.10.win32_1.0.200.202301161003/tools/bin/../lib/gcc/arm-none-eabi/10.3.1/../../../../arm-none-eabi/lib/thumb/v7-m/nofp\libc_nano.a(lib_a-mprec.o)
                0x000000000800ef94                __ratio
 .text.__copybits
                0x000000000800eff0       0x46 d:/ykl/stm32cubeide_1.12.1/stm32cubeide/plugins/com.st.stm32cube.ide.mcu.externaltools.gnu-tools-for-stm32.10.3-2021.10.win32_1.0.200.202301161003/tools/bin/../lib/gcc/arm-none-eabi/10.3.1/../../../../arm-none-eabi/lib/thumb/v7-m/nofp\libc_nano.a(lib_a-mprec.o)
                0x000000000800eff0                __copybits
 .text.__any_on
                0x000000000800f036       0x42 d:/ykl/stm32cubeide_1.12.1/stm32cubeide/plugins/com.st.stm32cube.ide.mcu.externaltools.gnu-tools-for-stm32.10.3-2021.10.win32_1.0.200.202301161003/tools/bin/../lib/gcc/arm-none-eabi/10.3.1/../../../../arm-none-eabi/lib/thumb/v7-m/nofp\libc_nano.a(lib_a-mprec.o)
                0x000000000800f036                __any_on
 .text._calloc_r
                0x000000000800f078       0x28 d:/ykl/stm32cubeide_1.12.1/stm32cubeide/plugins/com.st.stm32cube.ide.mcu.externaltools.gnu-tools-for-stm32.10.3-2021.10.win32_1.0.200.202301161003/tools/bin/../lib/gcc/arm-none-eabi/10.3.1/../../../../arm-none-eabi/lib/thumb/v7-m/nofp\libc_nano.a(lib_a-nano-callocr.o)
                0x000000000800f078                _calloc_r
 .text._free_r  0x000000000800f0a0       0x90 d:/ykl/stm32cubeide_1.12.1/stm32cubeide/plugins/com.st.stm32cube.ide.mcu.externaltools.gnu-tools-for-stm32.10.3-2021.10.win32_1.0.200.202301161003/tools/bin/../lib/gcc/arm-none-eabi/10.3.1/../../../../arm-none-eabi/lib/thumb/v7-m/nofp\libc_nano.a(lib_a-nano-freer.o)
                0x000000000800f0a0                _free_r
 .text.sbrk_aligned
                0x000000000800f130       0x40 d:/ykl/stm32cubeide_1.12.1/stm32cubeide/plugins/com.st.stm32cube.ide.mcu.externaltools.gnu-tools-for-stm32.10.3-2021.10.win32_1.0.200.202301161003/tools/bin/../lib/gcc/arm-none-eabi/10.3.1/../../../../arm-none-eabi/lib/thumb/v7-m/nofp\libc_nano.a(lib_a-nano-mallocr.o)
 .text._malloc_r
                0x000000000800f170       0xe8 d:/ykl/stm32cubeide_1.12.1/stm32cubeide/plugins/com.st.stm32cube.ide.mcu.externaltools.gnu-tools-for-stm32.10.3-2021.10.win32_1.0.200.202301161003/tools/bin/../lib/gcc/arm-none-eabi/10.3.1/../../../../arm-none-eabi/lib/thumb/v7-m/nofp\libc_nano.a(lib_a-nano-mallocr.o)
                0x000000000800f170                _malloc_r
 .text.__ssputs_r
                0x000000000800f258       0xb6 d:/ykl/stm32cubeide_1.12.1/stm32cubeide/plugins/com.st.stm32cube.ide.mcu.externaltools.gnu-tools-for-stm32.10.3-2021.10.win32_1.0.200.202301161003/tools/bin/../lib/gcc/arm-none-eabi/10.3.1/../../../../arm-none-eabi/lib/thumb/v7-m/nofp\libc_nano.a(lib_a-nano-svfprintf.o)
                0x000000000800f258                __ssputs_r
 *fill*         0x000000000800f30e        0x2 
 .text._svfprintf_r
                0x000000000800f310      0x200 d:/ykl/stm32cubeide_1.12.1/stm32cubeide/plugins/com.st.stm32cube.ide.mcu.externaltools.gnu-tools-for-stm32.10.3-2021.10.win32_1.0.200.202301161003/tools/bin/../lib/gcc/arm-none-eabi/10.3.1/../../../../arm-none-eabi/lib/thumb/v7-m/nofp\libc_nano.a(lib_a-nano-svfprintf.o)
                0x000000000800f310                _svfiprintf_r
                0x000000000800f310                _svfprintf_r
 .text.nan      0x000000000800f510        0xc d:/ykl/stm32cubeide_1.12.1/stm32cubeide/plugins/com.st.stm32cube.ide.mcu.externaltools.gnu-tools-for-stm32.10.3-2021.10.win32_1.0.200.202301161003/tools/bin/../lib/gcc/arm-none-eabi/10.3.1/../../../../arm-none-eabi/lib/thumb/v7-m/nofp\libc_nano.a(lib_a-s_nan.o)
                0x000000000800f510                nan
 .text._sbrk_r  0x000000000800f51c       0x20 d:/ykl/stm32cubeide_1.12.1/stm32cubeide/plugins/com.st.stm32cube.ide.mcu.externaltools.gnu-tools-for-stm32.10.3-2021.10.win32_1.0.200.202301161003/tools/bin/../lib/gcc/arm-none-eabi/10.3.1/../../../../arm-none-eabi/lib/thumb/v7-m/nofp\libc_nano.a(lib_a-sbrkr.o)
                0x000000000800f51c                _sbrk_r
 .text.strncmp  0x000000000800f53c       0x28 d:/ykl/stm32cubeide_1.12.1/stm32cubeide/plugins/com.st.stm32cube.ide.mcu.externaltools.gnu-tools-for-stm32.10.3-2021.10.win32_1.0.200.202301161003/tools/bin/../lib/gcc/arm-none-eabi/10.3.1/../../../../arm-none-eabi/lib/thumb/v7-m/nofp\libc_nano.a(lib_a-strncmp.o)
                0x000000000800f53c                strncmp
 .text.__ascii_wctomb
                0x000000000800f564       0x1a d:/ykl/stm32cubeide_1.12.1/stm32cubeide/plugins/com.st.stm32cube.ide.mcu.externaltools.gnu-tools-for-stm32.10.3-2021.10.win32_1.0.200.202301161003/tools/bin/../lib/gcc/arm-none-eabi/10.3.1/../../../../arm-none-eabi/lib/thumb/v7-m/nofp\libc_nano.a(lib_a-wctomb_r.o)
                0x000000000800f564                __ascii_wctomb
 *fill*         0x000000000800f57e        0x2 
 .text.__assert_func
                0x000000000800f580       0x3c d:/ykl/stm32cubeide_1.12.1/stm32cubeide/plugins/com.st.stm32cube.ide.mcu.externaltools.gnu-tools-for-stm32.10.3-2021.10.win32_1.0.200.202301161003/tools/bin/../lib/gcc/arm-none-eabi/10.3.1/../../../../arm-none-eabi/lib/thumb/v7-m/nofp\libc_nano.a(lib_a-assert.o)
                0x000000000800f580                __assert_func
 .text.fprintf  0x000000000800f5bc       0x24 d:/ykl/stm32cubeide_1.12.1/stm32cubeide/plugins/com.st.stm32cube.ide.mcu.externaltools.gnu-tools-for-stm32.10.3-2021.10.win32_1.0.200.202301161003/tools/bin/../lib/gcc/arm-none-eabi/10.3.1/../../../../arm-none-eabi/lib/thumb/v7-m/nofp\libc_nano.a(lib_a-fprintf.o)
                0x000000000800f5bc                fiprintf
                0x000000000800f5bc                fprintf
 .text.memmove  0x000000000800f5e0       0x34 d:/ykl/stm32cubeide_1.12.1/stm32cubeide/plugins/com.st.stm32cube.ide.mcu.externaltools.gnu-tools-for-stm32.10.3-2021.10.win32_1.0.200.202301161003/tools/bin/../lib/gcc/arm-none-eabi/10.3.1/../../../../arm-none-eabi/lib/thumb/v7-m/nofp\libc_nano.a(lib_a-memmove.o)
                0x000000000800f5e0                memmove
 .text.__malloc_lock
                0x000000000800f614        0xc d:/ykl/stm32cubeide_1.12.1/stm32cubeide/plugins/com.st.stm32cube.ide.mcu.externaltools.gnu-tools-for-stm32.10.3-2021.10.win32_1.0.200.202301161003/tools/bin/../lib/gcc/arm-none-eabi/10.3.1/../../../../arm-none-eabi/lib/thumb/v7-m/nofp\libc_nano.a(lib_a-mlock.o)
                0x000000000800f614                __malloc_lock
 .text.__malloc_unlock
                0x000000000800f620        0xc d:/ykl/stm32cubeide_1.12.1/stm32cubeide/plugins/com.st.stm32cube.ide.mcu.externaltools.gnu-tools-for-stm32.10.3-2021.10.win32_1.0.200.202301161003/tools/bin/../lib/gcc/arm-none-eabi/10.3.1/../../../../arm-none-eabi/lib/thumb/v7-m/nofp\libc_nano.a(lib_a-mlock.o)
                0x000000000800f620                __malloc_unlock
 .text._realloc_r
                0x000000000800f62c       0x5e d:/ykl/stm32cubeide_1.12.1/stm32cubeide/plugins/com.st.stm32cube.ide.mcu.externaltools.gnu-tools-for-stm32.10.3-2021.10.win32_1.0.200.202301161003/tools/bin/../lib/gcc/arm-none-eabi/10.3.1/../../../../arm-none-eabi/lib/thumb/v7-m/nofp\libc_nano.a(lib_a-nano-reallocr.o)
                0x000000000800f62c                _realloc_r
 .text.__sfputc_r
                0x000000000800f68a       0x2a d:/ykl/stm32cubeide_1.12.1/stm32cubeide/plugins/com.st.stm32cube.ide.mcu.externaltools.gnu-tools-for-stm32.10.3-2021.10.win32_1.0.200.202301161003/tools/bin/../lib/gcc/arm-none-eabi/10.3.1/../../../../arm-none-eabi/lib/thumb/v7-m/nofp\libc_nano.a(lib_a-nano-vfprintf.o)
 .text.__sfputs_r
                0x000000000800f6b4       0x24 d:/ykl/stm32cubeide_1.12.1/stm32cubeide/plugins/com.st.stm32cube.ide.mcu.externaltools.gnu-tools-for-stm32.10.3-2021.10.win32_1.0.200.202301161003/tools/bin/../lib/gcc/arm-none-eabi/10.3.1/../../../../arm-none-eabi/lib/thumb/v7-m/nofp\libc_nano.a(lib_a-nano-vfprintf.o)
                0x000000000800f6b4                __sfputs_r
 .text._vfprintf_r
                0x000000000800f6d8      0x260 d:/ykl/stm32cubeide_1.12.1/stm32cubeide/plugins/com.st.stm32cube.ide.mcu.externaltools.gnu-tools-for-stm32.10.3-2021.10.win32_1.0.200.202301161003/tools/bin/../lib/gcc/arm-none-eabi/10.3.1/../../../../arm-none-eabi/lib/thumb/v7-m/nofp\libc_nano.a(lib_a-nano-vfprintf.o)
                0x000000000800f6d8                _vfprintf_r
                0x000000000800f6d8                _vfiprintf_r
 .text.__swbuf_r
                0x000000000800f938       0xa4 d:/ykl/stm32cubeide_1.12.1/stm32cubeide/plugins/com.st.stm32cube.ide.mcu.externaltools.gnu-tools-for-stm32.10.3-2021.10.win32_1.0.200.202301161003/tools/bin/../lib/gcc/arm-none-eabi/10.3.1/../../../../arm-none-eabi/lib/thumb/v7-m/nofp\libc_nano.a(lib_a-wbuf.o)
                0x000000000800f938                __swbuf_r
 .text.__swsetup_r
                0x000000000800f9dc       0xdc d:/ykl/stm32cubeide_1.12.1/stm32cubeide/plugins/com.st.stm32cube.ide.mcu.externaltools.gnu-tools-for-stm32.10.3-2021.10.win32_1.0.200.202301161003/tools/bin/../lib/gcc/arm-none-eabi/10.3.1/../../../../arm-none-eabi/lib/thumb/v7-m/nofp\libc_nano.a(lib_a-wsetup.o)
                0x000000000800f9dc                __swsetup_r
 .text.abort    0x000000000800fab8        0xe d:/ykl/stm32cubeide_1.12.1/stm32cubeide/plugins/com.st.stm32cube.ide.mcu.externaltools.gnu-tools-for-stm32.10.3-2021.10.win32_1.0.200.202301161003/tools/bin/../lib/gcc/arm-none-eabi/10.3.1/../../../../arm-none-eabi/lib/thumb/v7-m/nofp\libc_nano.a(lib_a-abort.o)
                0x000000000800fab8                abort
 *fill*         0x000000000800fac6        0x2 
 .text.__sflush_r
                0x000000000800fac8      0x104 d:/ykl/stm32cubeide_1.12.1/stm32cubeide/plugins/com.st.stm32cube.ide.mcu.externaltools.gnu-tools-for-stm32.10.3-2021.10.win32_1.0.200.202301161003/tools/bin/../lib/gcc/arm-none-eabi/10.3.1/../../../../arm-none-eabi/lib/thumb/v7-m/nofp\libc_nano.a(lib_a-fflush.o)
                0x000000000800fac8                __sflush_r
 .text._fflush_r
                0x000000000800fbcc       0x78 d:/ykl/stm32cubeide_1.12.1/stm32cubeide/plugins/com.st.stm32cube.ide.mcu.externaltools.gnu-tools-for-stm32.10.3-2021.10.win32_1.0.200.202301161003/tools/bin/../lib/gcc/arm-none-eabi/10.3.1/../../../../arm-none-eabi/lib/thumb/v7-m/nofp\libc_nano.a(lib_a-fflush.o)
                0x000000000800fbcc                _fflush_r
 .text.std      0x000000000800fc44       0x48 d:/ykl/stm32cubeide_1.12.1/stm32cubeide/plugins/com.st.stm32cube.ide.mcu.externaltools.gnu-tools-for-stm32.10.3-2021.10.win32_1.0.200.202301161003/tools/bin/../lib/gcc/arm-none-eabi/10.3.1/../../../../arm-none-eabi/lib/thumb/v7-m/nofp\libc_nano.a(lib_a-findfp.o)
 .text._cleanup_r
                0x000000000800fc8c        0xc d:/ykl/stm32cubeide_1.12.1/stm32cubeide/plugins/com.st.stm32cube.ide.mcu.externaltools.gnu-tools-for-stm32.10.3-2021.10.win32_1.0.200.202301161003/tools/bin/../lib/gcc/arm-none-eabi/10.3.1/../../../../arm-none-eabi/lib/thumb/v7-m/nofp\libc_nano.a(lib_a-findfp.o)
                0x000000000800fc8c                _cleanup_r
 .text.__sfmoreglue
                0x000000000800fc98       0x2c d:/ykl/stm32cubeide_1.12.1/stm32cubeide/plugins/com.st.stm32cube.ide.mcu.externaltools.gnu-tools-for-stm32.10.3-2021.10.win32_1.0.200.202301161003/tools/bin/../lib/gcc/arm-none-eabi/10.3.1/../../../../arm-none-eabi/lib/thumb/v7-m/nofp\libc_nano.a(lib_a-findfp.o)
                0x000000000800fc98                __sfmoreglue
 .text.__sfp_lock_acquire
                0x000000000800fcc4        0xc d:/ykl/stm32cubeide_1.12.1/stm32cubeide/plugins/com.st.stm32cube.ide.mcu.externaltools.gnu-tools-for-stm32.10.3-2021.10.win32_1.0.200.202301161003/tools/bin/../lib/gcc/arm-none-eabi/10.3.1/../../../../arm-none-eabi/lib/thumb/v7-m/nofp\libc_nano.a(lib_a-findfp.o)
                0x000000000800fcc4                __sfp_lock_acquire
 .text.__sfp_lock_release
                0x000000000800fcd0        0xc d:/ykl/stm32cubeide_1.12.1/stm32cubeide/plugins/com.st.stm32cube.ide.mcu.externaltools.gnu-tools-for-stm32.10.3-2021.10.win32_1.0.200.202301161003/tools/bin/../lib/gcc/arm-none-eabi/10.3.1/../../../../arm-none-eabi/lib/thumb/v7-m/nofp\libc_nano.a(lib_a-findfp.o)
                0x000000000800fcd0                __sfp_lock_release
 .text.__sinit_lock_acquire
                0x000000000800fcdc        0xc d:/ykl/stm32cubeide_1.12.1/stm32cubeide/plugins/com.st.stm32cube.ide.mcu.externaltools.gnu-tools-for-stm32.10.3-2021.10.win32_1.0.200.202301161003/tools/bin/../lib/gcc/arm-none-eabi/10.3.1/../../../../arm-none-eabi/lib/thumb/v7-m/nofp\libc_nano.a(lib_a-findfp.o)
                0x000000000800fcdc                __sinit_lock_acquire
 .text.__sinit_lock_release
                0x000000000800fce8        0xc d:/ykl/stm32cubeide_1.12.1/stm32cubeide/plugins/com.st.stm32cube.ide.mcu.externaltools.gnu-tools-for-stm32.10.3-2021.10.win32_1.0.200.202301161003/tools/bin/../lib/gcc/arm-none-eabi/10.3.1/../../../../arm-none-eabi/lib/thumb/v7-m/nofp\libc_nano.a(lib_a-findfp.o)
                0x000000000800fce8                __sinit_lock_release
 .text.__sinit  0x000000000800fcf4       0x70 d:/ykl/stm32cubeide_1.12.1/stm32cubeide/plugins/com.st.stm32cube.ide.mcu.externaltools.gnu-tools-for-stm32.10.3-2021.10.win32_1.0.200.202301161003/tools/bin/../lib/gcc/arm-none-eabi/10.3.1/../../../../arm-none-eabi/lib/thumb/v7-m/nofp\libc_nano.a(lib_a-findfp.o)
                0x000000000800fcf4                __sinit
 .text.__sfp    0x000000000800fd64       0x8c d:/ykl/stm32cubeide_1.12.1/stm32cubeide/plugins/com.st.stm32cube.ide.mcu.externaltools.gnu-tools-for-stm32.10.3-2021.10.win32_1.0.200.202301161003/tools/bin/../lib/gcc/arm-none-eabi/10.3.1/../../../../arm-none-eabi/lib/thumb/v7-m/nofp\libc_nano.a(lib_a-findfp.o)
                0x000000000800fd64                __sfp
 .text._fwalk_reent
                0x000000000800fdf0       0x3e d:/ykl/stm32cubeide_1.12.1/stm32cubeide/plugins/com.st.stm32cube.ide.mcu.externaltools.gnu-tools-for-stm32.10.3-2021.10.win32_1.0.200.202301161003/tools/bin/../lib/gcc/arm-none-eabi/10.3.1/../../../../arm-none-eabi/lib/thumb/v7-m/nofp\libc_nano.a(lib_a-fwalk.o)
                0x000000000800fdf0                _fwalk_reent
 .text.__retarget_lock_init_recursive
                0x000000000800fe2e        0x2 d:/ykl/stm32cubeide_1.12.1/stm32cubeide/plugins/com.st.stm32cube.ide.mcu.externaltools.gnu-tools-for-stm32.10.3-2021.10.win32_1.0.200.202301161003/tools/bin/../lib/gcc/arm-none-eabi/10.3.1/../../../../arm-none-eabi/lib/thumb/v7-m/nofp\libc_nano.a(lib_a-lock.o)
                0x000000000800fe2e                __retarget_lock_init_recursive
 .text.__retarget_lock_acquire_recursive
                0x000000000800fe30        0x2 d:/ykl/stm32cubeide_1.12.1/stm32cubeide/plugins/com.st.stm32cube.ide.mcu.externaltools.gnu-tools-for-stm32.10.3-2021.10.win32_1.0.200.202301161003/tools/bin/../lib/gcc/arm-none-eabi/10.3.1/../../../../arm-none-eabi/lib/thumb/v7-m/nofp\libc_nano.a(lib_a-lock.o)
                0x000000000800fe30                __retarget_lock_acquire_recursive
 .text.__retarget_lock_release_recursive
                0x000000000800fe32        0x2 d:/ykl/stm32cubeide_1.12.1/stm32cubeide/plugins/com.st.stm32cube.ide.mcu.externaltools.gnu-tools-for-stm32.10.3-2021.10.win32_1.0.200.202301161003/tools/bin/../lib/gcc/arm-none-eabi/10.3.1/../../../../arm-none-eabi/lib/thumb/v7-m/nofp\libc_nano.a(lib_a-lock.o)
                0x000000000800fe32                __retarget_lock_release_recursive
 .text.__swhatbuf_r
                0x000000000800fe34       0x4a d:/ykl/stm32cubeide_1.12.1/stm32cubeide/plugins/com.st.stm32cube.ide.mcu.externaltools.gnu-tools-for-stm32.10.3-2021.10.win32_1.0.200.202301161003/tools/bin/../lib/gcc/arm-none-eabi/10.3.1/../../../../arm-none-eabi/lib/thumb/v7-m/nofp\libc_nano.a(lib_a-makebuf.o)
                0x000000000800fe34                __swhatbuf_r
 *fill*         0x000000000800fe7e        0x2 
 .text.__smakebuf_r
                0x000000000800fe80       0x80 d:/ykl/stm32cubeide_1.12.1/stm32cubeide/plugins/com.st.stm32cube.ide.mcu.externaltools.gnu-tools-for-stm32.10.3-2021.10.win32_1.0.200.202301161003/tools/bin/../lib/gcc/arm-none-eabi/10.3.1/../../../../arm-none-eabi/lib/thumb/v7-m/nofp\libc_nano.a(lib_a-makebuf.o)
                0x000000000800fe80                __smakebuf_r
 .text._malloc_usable_size_r
                0x000000000800ff00       0x10 d:/ykl/stm32cubeide_1.12.1/stm32cubeide/plugins/com.st.stm32cube.ide.mcu.externaltools.gnu-tools-for-stm32.10.3-2021.10.win32_1.0.200.202301161003/tools/bin/../lib/gcc/arm-none-eabi/10.3.1/../../../../arm-none-eabi/lib/thumb/v7-m/nofp\libc_nano.a(lib_a-nano-msizer.o)
                0x000000000800ff00                _malloc_usable_size_r
 .text._raise_r
                0x000000000800ff10       0x50 d:/ykl/stm32cubeide_1.12.1/stm32cubeide/plugins/com.st.stm32cube.ide.mcu.externaltools.gnu-tools-for-stm32.10.3-2021.10.win32_1.0.200.202301161003/tools/bin/../lib/gcc/arm-none-eabi/10.3.1/../../../../arm-none-eabi/lib/thumb/v7-m/nofp\libc_nano.a(lib_a-signal.o)
                0x000000000800ff10                _raise_r
 .text.raise    0x000000000800ff60       0x10 d:/ykl/stm32cubeide_1.12.1/stm32cubeide/plugins/com.st.stm32cube.ide.mcu.externaltools.gnu-tools-for-stm32.10.3-2021.10.win32_1.0.200.202301161003/tools/bin/../lib/gcc/arm-none-eabi/10.3.1/../../../../arm-none-eabi/lib/thumb/v7-m/nofp\libc_nano.a(lib_a-signal.o)
                0x000000000800ff60                raise
 .text._kill_r  0x000000000800ff70       0x24 d:/ykl/stm32cubeide_1.12.1/stm32cubeide/plugins/com.st.stm32cube.ide.mcu.externaltools.gnu-tools-for-stm32.10.3-2021.10.win32_1.0.200.202301161003/tools/bin/../lib/gcc/arm-none-eabi/10.3.1/../../../../arm-none-eabi/lib/thumb/v7-m/nofp\libc_nano.a(lib_a-signalr.o)
                0x000000000800ff70                _kill_r
 .text._getpid_r
                0x000000000800ff94        0x4 d:/ykl/stm32cubeide_1.12.1/stm32cubeide/plugins/com.st.stm32cube.ide.mcu.externaltools.gnu-tools-for-stm32.10.3-2021.10.win32_1.0.200.202301161003/tools/bin/../lib/gcc/arm-none-eabi/10.3.1/../../../../arm-none-eabi/lib/thumb/v7-m/nofp\libc_nano.a(lib_a-signalr.o)
                0x000000000800ff94                _getpid_r
 .text.__sread  0x000000000800ff98       0x22 d:/ykl/stm32cubeide_1.12.1/stm32cubeide/plugins/com.st.stm32cube.ide.mcu.externaltools.gnu-tools-for-stm32.10.3-2021.10.win32_1.0.200.202301161003/tools/bin/../lib/gcc/arm-none-eabi/10.3.1/../../../../arm-none-eabi/lib/thumb/v7-m/nofp\libc_nano.a(lib_a-stdio.o)
                0x000000000800ff98                __sread
 .text.__swrite
                0x000000000800ffba       0x38 d:/ykl/stm32cubeide_1.12.1/stm32cubeide/plugins/com.st.stm32cube.ide.mcu.externaltools.gnu-tools-for-stm32.10.3-2021.10.win32_1.0.200.202301161003/tools/bin/../lib/gcc/arm-none-eabi/10.3.1/../../../../arm-none-eabi/lib/thumb/v7-m/nofp\libc_nano.a(lib_a-stdio.o)
                0x000000000800ffba                __swrite
 .text.__sseek  0x000000000800fff2       0x24 d:/ykl/stm32cubeide_1.12.1/stm32cubeide/plugins/com.st.stm32cube.ide.mcu.externaltools.gnu-tools-for-stm32.10.3-2021.10.win32_1.0.200.202301161003/tools/bin/../lib/gcc/arm-none-eabi/10.3.1/../../../../arm-none-eabi/lib/thumb/v7-m/nofp\libc_nano.a(lib_a-stdio.o)
                0x000000000800fff2                __sseek
 .text.__sclose
                0x0000000008010016        0x8 d:/ykl/stm32cubeide_1.12.1/stm32cubeide/plugins/com.st.stm32cube.ide.mcu.externaltools.gnu-tools-for-stm32.10.3-2021.10.win32_1.0.200.202301161003/tools/bin/../lib/gcc/arm-none-eabi/10.3.1/../../../../arm-none-eabi/lib/thumb/v7-m/nofp\libc_nano.a(lib_a-stdio.o)
                0x0000000008010016                __sclose
 *fill*         0x000000000801001e        0x2 
 .text._write_r
                0x0000000008010020       0x24 d:/ykl/stm32cubeide_1.12.1/stm32cubeide/plugins/com.st.stm32cube.ide.mcu.externaltools.gnu-tools-for-stm32.10.3-2021.10.win32_1.0.200.202301161003/tools/bin/../lib/gcc/arm-none-eabi/10.3.1/../../../../arm-none-eabi/lib/thumb/v7-m/nofp\libc_nano.a(lib_a-writer.o)
                0x0000000008010020                _write_r
 .text._close_r