Archive member included to satisfy reference by file (symbol)

d:/ykl/stm32cubeide_1.12.1/stm32cubeide/plugins/com.st.stm32cube.ide.mcu.externaltools.gnu-tools-for-stm32.10.3-2021.10.win32_1.0.200.202301161003/tools/bin/../lib/gcc/arm-none-eabi/10.3.1/../../../../arm-none-eabi/lib/thumb/v7-m/nofp\libc_nano.a(lib_a-errno.o)
                              ./Core/Src/syscalls.o (__errno)
d:/ykl/stm32cubeide_1.12.1/stm32cubeide/plugins/com.st.stm32cube.ide.mcu.externaltools.gnu-tools-for-stm32.10.3-2021.10.win32_1.0.200.202301161003/tools/bin/../lib/gcc/arm-none-eabi/10.3.1/../../../../arm-none-eabi/lib/thumb/v7-m/nofp\libc_nano.a(lib_a-exit.o)
                              d:/ykl/stm32cubeide_1.12.1/stm32cubeide/plugins/com.st.stm32cube.ide.mcu.externaltools.gnu-tools-for-stm32.10.3-2021.10.win32_1.0.200.202301161003/tools/bin/../lib/gcc/arm-none-eabi/10.3.1/../../../../arm-none-eabi/lib/thumb/v7-m/nofp/crt0.o (exit)
d:/ykl/stm32cubeide_1.12.1/stm32cubeide/plugins/com.st.stm32cube.ide.mcu.externaltools.gnu-tools-for-stm32.10.3-2021.10.win32_1.0.200.202301161003/tools/bin/../lib/gcc/arm-none-eabi/10.3.1/../../../../arm-none-eabi/lib/thumb/v7-m/nofp\libc_nano.a(lib_a-impure.o)
                              d:/ykl/stm32cubeide_1.12.1/stm32cubeide/plugins/com.st.stm32cube.ide.mcu.externaltools.gnu-tools-for-stm32.10.3-2021.10.win32_1.0.200.202301161003/tools/bin/../lib/gcc/arm-none-eabi/10.3.1/../../../../arm-none-eabi/lib/thumb/v7-m/nofp\libc_nano.a(lib_a-exit.o) (_global_impure_ptr)
d:/ykl/stm32cubeide_1.12.1/stm32cubeide/plugins/com.st.stm32cube.ide.mcu.externaltools.gnu-tools-for-stm32.10.3-2021.10.win32_1.0.200.202301161003/tools/bin/../lib/gcc/arm-none-eabi/10.3.1/../../../../arm-none-eabi/lib/thumb/v7-m/nofp\libc_nano.a(lib_a-init.o)
                              d:/ykl/stm32cubeide_1.12.1/stm32cubeide/plugins/com.st.stm32cube.ide.mcu.externaltools.gnu-tools-for-stm32.10.3-2021.10.win32_1.0.200.202301161003/tools/bin/../lib/gcc/arm-none-eabi/10.3.1/../../../../arm-none-eabi/lib/thumb/v7-m/nofp/crt0.o (__libc_init_array)
d:/ykl/stm32cubeide_1.12.1/stm32cubeide/plugins/com.st.stm32cube.ide.mcu.externaltools.gnu-tools-for-stm32.10.3-2021.10.win32_1.0.200.202301161003/tools/bin/../lib/gcc/arm-none-eabi/10.3.1/../../../../arm-none-eabi/lib/thumb/v7-m/nofp\libc_nano.a(lib_a-memcpy-stub.o)
                              ./Middlewares/Third_Party/FreeRTOS/Source/CMSIS_RTOS_V2/cmsis_os2.o (memcpy)
d:/ykl/stm32cubeide_1.12.1/stm32cubeide/plugins/com.st.stm32cube.ide.mcu.externaltools.gnu-tools-for-stm32.10.3-2021.10.win32_1.0.200.202301161003/tools/bin/../lib/gcc/arm-none-eabi/10.3.1/../../../../arm-none-eabi/lib/thumb/v7-m/nofp\libc_nano.a(lib_a-memset.o)
                              d:/ykl/stm32cubeide_1.12.1/stm32cubeide/plugins/com.st.stm32cube.ide.mcu.externaltools.gnu-tools-for-stm32.10.3-2021.10.win32_1.0.200.202301161003/tools/bin/../lib/gcc/arm-none-eabi/10.3.1/../../../../arm-none-eabi/lib/thumb/v7-m/nofp/crt0.o (memset)
d:/ykl/stm32cubeide_1.12.1/stm32cubeide/plugins/com.st.stm32cube.ide.mcu.externaltools.gnu-tools-for-stm32.10.3-2021.10.win32_1.0.200.202301161003/tools/bin/../lib/gcc/arm-none-eabi/10.3.1/../../../../arm-none-eabi/lib/thumb/v7-m/nofp\libc_nano.a(lib_a-nano-vfprintf_float.o)
                              (_printf_float)
d:/ykl/stm32cubeide_1.12.1/stm32cubeide/plugins/com.st.stm32cube.ide.mcu.externaltools.gnu-tools-for-stm32.10.3-2021.10.win32_1.0.200.202301161003/tools/bin/../lib/gcc/arm-none-eabi/10.3.1/../../../../arm-none-eabi/lib/thumb/v7-m/nofp\libc_nano.a(lib_a-nano-vfprintf_i.o)
                              d:/ykl/stm32cubeide_1.12.1/stm32cubeide/plugins/com.st.stm32cube.ide.mcu.externaltools.gnu-tools-for-stm32.10.3-2021.10.win32_1.0.200.202301161003/tools/bin/../lib/gcc/arm-none-eabi/10.3.1/../../../../arm-none-eabi/lib/thumb/v7-m/nofp\libc_nano.a(lib_a-nano-vfprintf_float.o) (_printf_common)
d:/ykl/stm32cubeide_1.12.1/stm32cubeide/plugins/com.st.stm32cube.ide.mcu.externaltools.gnu-tools-for-stm32.10.3-2021.10.win32_1.0.200.202301161003/tools/bin/../lib/gcc/arm-none-eabi/10.3.1/../../../../arm-none-eabi/lib/thumb/v7-m/nofp\libc_nano.a(lib_a-nano-vfscanf_float.o)
                              (_scanf_float)
d:/ykl/stm32cubeide_1.12.1/stm32cubeide/plugins/com.st.stm32cube.ide.mcu.externaltools.gnu-tools-for-stm32.10.3-2021.10.win32_1.0.200.202301161003/tools/bin/../lib/gcc/arm-none-eabi/10.3.1/../../../../arm-none-eabi/lib/thumb/v7-m/nofp\libc_nano.a(lib_a-sf_nan.o)
                              d:/ykl/stm32cubeide_1.12.1/stm32cubeide/plugins/com.st.stm32cube.ide.mcu.externaltools.gnu-tools-for-stm32.10.3-2021.10.win32_1.0.200.202301161003/tools/bin/../lib/gcc/arm-none-eabi/10.3.1/../../../../arm-none-eabi/lib/thumb/v7-m/nofp\libc_nano.a(lib_a-nano-vfscanf_float.o) (nanf)
[...]
Memory Configuration

Name             Origin             Length             Attributes
RAM              0x0000000020000000 0x0000000000010000 xrw
FLASH            0x0000000008000000 0x0000000000080000 xr
*default*        0x0000000000000000 0xffffffffffffffff

Linker script and memory map

LOAD d:/ykl/stm32cubeide_1.12.1/stm32cubeide/plugins/com.st.stm32cube.ide.mcu.externaltools.gnu-tools-for-stm32.10.3-2021.10.win32_1.0.200.202301161003/tools/bin/../lib/gcc/arm-none-eabi/10.3.1/thumb/v7-m/nofp/crti.o
LOAD d:/ykl/stm32cubeide_1.12.1/stm32cubeide/plugins/com.st.stm32cube.ide.mcu.externaltools.gnu-tools-for-stm32.10.3-2021.10.win32_1.0.200.202301161003/tools/bin/../lib/gcc/arm-none-eabi/10.3.1/thumb/v7-m/nofp/crtbegin.o
LOAD d:/ykl/stm32cubeide_1.12.1/stm32cubeide/plugins/com.st.stm32cube.ide.mcu.externaltools.gnu-tools-for-stm32.10.3-2021.10.win32_1.0.200.202301161003/tools/bin/../lib/gcc/arm-none-eabi/10.3.1/../../../../arm-none-eabi/lib/thumb/v7-m/nofp/crt0.o
LOAD ./Core/BSP/LCD/lcd.o
LOAD ./Core/BSP/W25Qxx/w25qxx.o
LOAD ./Core/Src/freertos.o
LOAD ./Core/Src/fsmc.o
LOAD ./Core/Src/gpio.o
LOAD ./Core/Src/main.o
LOAD ./Core/Src/rtc.o
LOAD ./Core/Src/spi.o
LOAD ./Core/Src/stm32f1xx_hal_msp.o
LOAD ./Core/Src/stm32f1xx_hal_timebase_tim.o
LOAD ./Core/Src/stm32f1xx_it.o
LOAD ./Core/Src/syscalls.o
LOAD ./Core/Src/sysmem.o
LOAD ./Core/Src/system_stm32f1xx.o
LOAD ./Core/Src/usart.o
LOAD ./Core/Startup/startup_stm32f103zetx.o
LOAD ./Drivers/STM32F1xx_HAL_Driver/Src/stm32f1xx_hal.o
LOAD ./Drivers/STM32F1xx_HAL_Driver/Src/stm32f1xx_hal_cortex.o
LOAD ./Drivers/STM32F1xx_HAL_Driver/Src/stm32f1xx_hal_dma.o
LOAD ./Drivers/STM32F1xx_HAL_Driver/Src/stm32f1xx_hal_exti.o
LOAD ./Drivers/STM32F1xx_HAL_Driver/Src/stm32f1xx_hal_flash.o
LOAD ./Drivers/STM32F1xx_HAL_Driver/Src/stm32f1xx_hal_flash_ex.o
LOAD ./Drivers/STM32F1xx_HAL_Driver/Src/stm32f1xx_hal_gpio.o
LOAD ./Drivers/STM32F1xx_HAL_Driver/Src/stm32f1xx_hal_gpio_ex.o
LOAD ./Drivers/STM32F1xx_HAL_Driver/Src/stm32f1xx_hal_pwr.o
LOAD ./Drivers/STM32F1xx_HAL_Driver/Src/stm32f1xx_hal_rcc.o
LOAD ./Drivers/STM32F1xx_HAL_Driver/Src/stm32f1xx_hal_rcc_ex.o
LOAD ./Drivers/STM32F1xx_HAL_Driver/Src/stm32f1xx_hal_rtc.o
LOAD ./Drivers/STM32F1xx_HAL_Driver/Src/stm32f1xx_hal_rtc_ex.o
LOAD ./Drivers/STM32F1xx_HAL_Driver/Src/stm32f1xx_hal_spi.o
LOAD ./Drivers/STM32F1xx_HAL_Driver/Src/stm32f1xx_hal_sram.o
LOAD ./Drivers/STM32F1xx_HAL_Driver/Src/stm32f1xx_hal_tim.o
LOAD ./Drivers/STM32F1xx_HAL_Driver/Src/stm32f1xx_hal_tim_ex.o
LOAD ./Drivers/STM32F1xx_HAL_Driver/Src/stm32f1xx_hal_uart.o
LOAD ./Drivers/STM32F1xx_HAL_Driver/Src/stm32f1xx_ll_fsmc.o
LOAD ./Middlewares/Third_Party/FreeRTOS/Source/CMSIS_RTOS_V2/cmsis_os2.o
LOAD ./Middlewares/Third_Party/FreeRTOS/Source/croutine.o
LOAD ./Middlewares/Third_Party/FreeRTOS/Source/event_groups.o
LOAD ./Middlewares/Third_Party/FreeRTOS/Source/list.o
LOAD ./Middlewares/Third_Party/FreeRTOS/Source/queue.o
LOAD ./Middlewares/Third_Party/FreeRTOS/Source/stream_buffer.o
LOAD ./Middlewares/Third_Party/FreeRTOS/Source/tasks.o
LOAD ./Middlewares/Third_Party/FreeRTOS/Source/timers.o
LOAD ./Middlewares/Third_Party/FreeRTOS/Source/portable/GCC/ARM_CM3/port.o
LOAD ./Middlewares/Third_Party/FreeRTOS/Source/portable/MemMang/heap_4.o
START GROUP
LOAD d:/ykl/stm32cubeide_1.12.1/stm32cubeide/plugins/com.st.stm32cube.ide.mcu.externaltools.gnu-tools-for-stm32.10.3-2021.10.win32_1.0.200.202301161003/tools/bin/../lib/gcc/arm-none-eabi/10.3.1/../../../../arm-none-eabi/lib/thumb/v7-m/nofp\libc_nano.a
LOAD d:/ykl/stm32cubeide_1.12.1/stm32cubeide/plugins/com.st.stm32cube.ide.mcu.externaltools.gnu-tools-for-stm32.10.3-2021.10.win32_1.0.200.202301161003/tools/bin/../lib/gcc/arm-none-eabi/10.3.1/../../../../arm-none-eabi/lib/thumb/v7-m/nofp\libm.a
END GROUP
START GROUP
LOAD d:/ykl/stm32cubeide_1.12.1/stm32cubeide/plugins/com.st.stm32cube.ide.mcu.externaltools.gnu-tools-for-stm32.10.3-2021.10.win32_1.0.200.202301161003/tools/bin/../lib/gcc/arm-none-eabi/10.3.1/thumb/v7-m/nofp\libgcc.a
LOAD d:/ykl/stm32cubeide_1.12.1/stm32cubeide/plugins/com.st.stm32cube.ide.mcu.externaltools.gnu-tools-for-stm32.10.3-2021.10.win32_1.0.200.202301161003/tools/bin/../lib/gcc/arm-none-eabi/10.3.1/../../../../arm-none-eabi/lib/thumb/v7-m/nofp\libc_nano.a
END GROUP
START GROUP
LOAD d:/ykl/stm32cubeide_1.12.1/stm32cubeide/plugins/com.st.stm32cube.ide.mcu.externaltools.gnu-tools-for-stm32.10.3-2021.10.win32_1.0.200.202301161003/tools/bin/../lib/gcc/arm-none-eabi/10.3.1/thumb/v7-m/nofp\libgcc.a
LOAD d:/ykl/stm32cubeide_1.12.1/stm32cubeide/plugins/com.st.stm32cube.ide.mcu.externaltools.gnu-tools-for-stm32.10.3-2021.10.win32_1.0.200.202301161003/tools/bin/../lib/gcc/arm-none-eabi/10.3.1/../../../../arm-none-eabi/lib/thumb/v7-m/nofp\libc_nano.a
LOAD d:/ykl/stm32cubeide_1.12.1/stm32cubeide/plugins/com.st.stm32cube.ide.mcu.externaltools.gnu-tools-for-stm32.10.3-2021.10.win32_1.0.200.202301161003/tools/bin/../lib/gcc/arm-none-eabi/10.3.1/../../../../arm-none-eabi/lib/thumb/v7-m/nofp\libnosys.a
END GROUP
START GROUP
LOAD d:/ykl/stm32cubeide_1.12.1/stm32cubeide/plugins/com.st.stm32cube.ide.mcu.externaltools.gnu-tools-for-stm32.10.3-2021.10.win32_1.0.200.202301161003/tools/bin/../lib/gcc/arm-none-eabi/10.3.1/thumb/v7-m/nofp\libgcc.a
LOAD d:/ykl/stm32cubeide_1.12.1/stm32cubeide/plugins/com.st.stm32cube.ide.mcu.externaltools.gnu-tools-for-stm32.10.3-2021.10.win32_1.0.200.202301161003/tools/bin/../lib/gcc/arm-none-eabi/10.3.1/../../../../arm-none-eabi/lib/thumb/v7-m/nofp\libc_nano.a
LOAD d:/ykl/stm32cubeide_1.12.1/stm32cubeide/plugins/com.st.stm32cube.ide.mcu.externaltools.gnu-tools-for-stm32.10.3-2021.10.win32_1.0.200.202301161003/tools/bin/../lib/gcc/arm-none-eabi/10.3.1/../../../../arm-none-eabi/lib/thumb/v7-m/nofp\libnosys.a
END GROUP
LOAD d:/ykl/stm32cubeide_1.12.1/stm32cubeide/plugins/com.st.stm32cube.ide.mcu.externaltools.gnu-tools-for-stm32.10.3-2021.10.win32_1.0.200.202301161003/tools/bin/../lib/gcc/arm-none-eabi/10.3.1/thumb/v7-m/nofp/crtend.o
LOAD d:/ykl/stm32cubeide_1.12.1/stm32cubeide/plugins/com.st.stm32cube.ide.mcu.externaltools.gnu-tools-for-stm32.10.3-2021.10.win32_1.0.200.202301161003/tools/bin/../lib/gcc/arm-none-eabi/10.3.1/thumb/v7-m/nofp/crtn.o
                0x0000000020010000                _estack = (ORIGIN (RAM) + LENGTH (RAM))
                0x0000000000000200                _Min_Heap_Size = 0x200
                0x0000000000000400                _Min_Stack_Size = 0x400

.isr_vector     0x0000000008000000      0x1e4
                0x0000000008000000                . = ALIGN (0x4)
 *(.isr_vector)
 .isr_vector    0x0000000008000000      0x1e4 ./Core/Startup/startup_stm32f103zetx.o
                0x0000000008000000                g_pfnVectors
                0x00000000080001e4                . = ALIGN (0x4)

.text           0x00000000080001f0     0xf3e8
                0x00000000080001f0                . = ALIGN (0x4)
 *(.text)
 .text          0x00000000080001f0       0x40 d:/ykl/stm32cubeide_1.12.1/stm32cubeide/plugins/com.st.stm32cube.ide.mcu.externaltools.gnu-tools-for-stm32.10.3-2021.10.win32_1.0.200.202301161003/tools/bin/../lib/gcc/arm-none-eabi/10.3.1/thumb/v7-m/nofp/crtbegin.o
 .text          0x0000000008000230       0x10 d:/ykl/stm32cubeide_1.12.1/stm32cubeide/plugins/com.st.stm32cube.ide.mcu.externaltools.gnu-tools-for-stm32.10.3-2021.10.win32_1.0.200.202301161003/tools/bin/../lib/gcc/arm-none-eabi/10.3.1/../../../../arm-none-eabi/lib/thumb/v7-m/nofp\libc_nano.a(lib_a-strlen.o)
                0x0000000008000230                strlen
 .text          0x0000000008000240      0x378 d:/ykl/stm32cubeide_1.12.1/stm32cubeide/plugins/com.st.stm32cube.ide.mcu.externaltools.gnu-tools-for-stm32.10.3-2021.10.win32_1.0.200.202301161003/tools/bin/../lib/gcc/arm-none-eabi/10.3.1/thumb/v7-m/nofp\libgcc.a(_arm_addsubdf3.o)
                0x0000000008000240                __aeabi_drsub
                0x0000000008000248                __aeabi_dsub
                0x0000000008000248                __subdf3
                0x000000000800024c                __aeabi_dadd
                0x000000000800024c                __adddf3
                0x00000000080004c4                __floatunsidf
                0x00000000080004c4                __aeabi_ui2d
                0x00000000080004e4                __floatsidf
                0x00000000080004e4                __aeabi_i2d
                0x0000000008000508                __aeabi_f2d
                0x0000000008000508                __extendsfdf2
                0x000000000800054c                __floatundidf
                0x000000000800054c                __aeabi_ul2d
                0x000000000800055c                __floatdidf
                0x000000000800055c                __aeabi_l2d
 .text          0x00000000080005b8      0x424 d:/ykl/stm32cubeide_1.12.1/stm32cubeide/plugins/com.st.stm32cube.ide.mcu.externaltools.gnu-tools-for-stm32.10.3-2021.10.win32_1.0.200.202301161003/tools/bin/../lib/gcc/arm-none-eabi/10.3.1/thumb/v7-m/nofp\libgcc.a(_arm_muldivdf3.o)
                0x00000000080005b8                __aeabi_dmul
                0x00000000080005b8                __muldf3
                0x000000000800080c                __divdf3
                0x000000000800080c                __aeabi_ddiv
 .text          0x00000000080009dc      0x110 d:/ykl/stm32cubeide_1.12.1/stm32cubeide/plugins/com.st.stm32cube.ide.mcu.externaltools.gnu-tools-for-stm32.10.3-2021.10.win32_1.0.200.202301161003/tools/bin/../lib/gcc/arm-none-eabi/10.3.1/thumb/v7-m/nofp\libgcc.a(_arm_cmpdf2.o)
                0x00000000080009dc                __gtdf2
                0x00000000080009dc                __gedf2
                0x00000000080009e4                __ltdf2
                0x00000000080009e4                __ledf2
                0x00000000080009ec                __nedf2
                0x00000000080009ec                __eqdf2
                0x00000000080009ec                __cmpdf2
                0x0000000008000a68                __aeabi_cdrcmple
                0x0000000008000a78                __aeabi_cdcmpeq
                0x0000000008000a78                __aeabi_cdcmple
                0x0000000008000a88                __aeabi_dcmpeq
                0x0000000008000a9c                __aeabi_dcmplt
                0x0000000008000ab0                __aeabi_dcmple
                0x0000000008000ac4                __aeabi_dcmpge
                0x0000000008000ad8                __aeabi_dcmpgt
 .text          0x0000000008000aec       0x2c d:/ykl/stm32cubeide_1.12.1/stm32cubeide/plugins/com.st.stm32cube.ide.mcu.externaltools.gnu-tools-for-stm32.10.3-2021.10.win32_1.0.200.202301161003/tools/bin/../lib/gcc/arm-none-eabi/10.3.1/thumb/v7-m/nofp\libgcc.a(_arm_unorddf2.o)
                0x0000000008000aec                __unorddf2
                0x0000000008000aec                __aeabi_dcmpun
 .text          0x0000000008000b18       0x50 d:/ykl/stm32cubeide_1.12.1/stm32cubeide/plugins/com.st.stm32cube.ide.mcu.externaltools.gnu-tools-for-stm32.10.3-2021.10.win32_1.0.200.202301161003/tools/bin/../lib/gcc/arm-none-eabi/10.3.1/thumb/v7-m/nofp\libgcc.a(_arm_fixdfsi.o)
                0x0000000008000b18                __aeabi_d2iz
                0x0000000008000b18                __fixdfsi
 .text          0x0000000008000b68       0x40 d:/ykl/stm32cubeide_1.12.1/stm32cubeide/plugins/com.st.stm32cube.ide.mcu.externaltools.gnu-tools-for-stm32.10.3-2021.10.win32_1.0.200.202301161003/tools/bin/../lib/gcc/arm-none-eabi/10.3.1/thumb/v7-m/nofp\libgcc.a(_arm_fixunsdfsi.o)
                0x0000000008000b68                __aeabi_d2uiz
                0x0000000008000b68                __fixunsdfsi
 .text          0x0000000008000ba8       0xa0 d:/ykl/stm32cubeide_1.12.1/stm32cubeide/plugins/com.st.stm32cube.ide.mcu.externaltools.gnu-tools-for-stm32.10.3-2021.10.win32_1.0.200.202301161003/tools/bin/../lib/gcc/arm-none-eabi/10.3.1/thumb/v7-m/nofp\libgcc.a(_arm_truncdfsf2.o)
                0x0000000008000ba8                __truncdfsf2
                0x0000000008000ba8                __aeabi_d2f
 .text          0x0000000008000c48       0x34 d:/ykl/stm32cubeide_1.12.1/stm32cubeide/plugins/com.st.stm32cube.ide.mcu.externaltools.gnu-tools-for-stm32.10.3-2021.10.win32_1.0.200.202301161003/tools/bin/../lib/gcc/arm-none-eabi/10.3.1/thumb/v7-m/nofp\libgcc.a(_fixdfdi.o)
                0x0000000008000c48                __fixdfdi
                0x0000000008000c48                __aeabi_d2lz
 .text          0x0000000008000c7c       0x3c d:/ykl/stm32cubeide_1.12.1/stm32cubeide/plugins/com.st.stm32cube.ide.mcu.externaltools.gnu-tools-for-stm32.10.3-2021.10.win32_1.0.200.202301161003/tools/bin/../lib/gcc/arm-none-eabi/10.3.1/thumb/v7-m/nofp\libgcc.a(_fixunsdfdi.o)
                0x0000000008000c7c                __fixunsdfdi
                0x0000000008000c7c                __aeabi_d2ulz
 *(.text*)
 .text.LCD_WR_REG
                0x0000000008000cb8       0x28 ./Core/BSP/LCD/lcd.o
                0x0000000008000cb8                LCD_WR_REG
 .text.LCD_WR_DATA
                0x0000000008000ce0       0x28 ./Core/BSP/LCD/lcd.o
                0x0000000008000ce0                LCD_WR_DATA
 .text.LCD_RD_DATA
                0x0000000008000d08       0x20 ./Core/BSP/LCD/lcd.o
                0x0000000008000d08                LCD_RD_DATA
 .text.LCD_WriteReg
                0x0000000008000d28       0x2c ./Core/BSP/LCD/lcd.o
                0x0000000008000d28                LCD_WriteReg
 .text.LCD_WriteRAM_Prepare
                0x0000000008000d54       0x1c ./Core/BSP/LCD/lcd.o
                0x0000000008000d54                LCD_WriteRAM_Prepare
 .text.LCD_SetCursor
                0x0000000008000d70      0x1ac ./Core/BSP/LCD/lcd.o
                0x0000000008000d70                LCD_SetCursor
 .text.LCD_Scan_Dir
                0x0000000008000f1c      0x2fc ./Core/BSP/LCD/lcd.o
                0x0000000008000f1c                LCD_Scan_Dir
 .text.LCD_Fast_DrawPoint
                0x0000000008001218      0x17c ./Core/BSP/LCD/lcd.o
                0x0000000008001218                LCD_Fast_DrawPoint
 *fill*         0x0000000008001394        0x4 
 .text.LCD_SSD_BackLightSet
                0x0000000008001398       0x68 ./Core/BSP/LCD/lcd.o
                0x0000000008001398                LCD_SSD_BackLightSet
 .text.LCD_Display_Dir
                0x0000000008001400      0x170 ./Core/BSP/LCD/lcd.o
                0x0000000008001400                LCD_Display_Dir
 .text.LCD_Init
                0x0000000008001570     0x25e4 ./Core/BSP/LCD/lcd.o
                0x0000000008001570                LCD_Init
 .text.LCD_Clear
                0x0000000008003b54       0x5c ./Core/BSP/LCD/lcd.o
                0x0000000008003b54                LCD_Clear
 .text.LCD_ShowChar
                0x0000000008003bb0      0x160 ./Core/BSP/LCD/lcd.o
                0x0000000008003bb0                LCD_ShowChar
 .text.LCD_ShowString
                0x0000000008003d10       0x9a ./Core/BSP/LCD/lcd.o
                0x0000000008003d10                LCD_ShowString
 *fill*         0x0000000008003daa        0x2 
 .text.MX_FREERTOS_Init
                0x0000000008003dac       0x40 ./Core/Src/freertos.o
                0x0000000008003dac                MX_FREERTOS_Init
 .text.AppTask_LED1
                0x0000000008003dec       0x30 ./Core/Src/freertos.o
                0x0000000008003dec                AppTask_LED1
 .text.AppTask_LED2
                0x0000000008003e1c       0x30 ./Core/Src/freertos.o
                0x0000000008003e1c                AppTask_LED2
 .text.MX_FSMC_Init
                0x0000000008003e4c       0xfc ./Core/Src/fsmc.o
                0x0000000008003e4c                MX_FSMC_Init
 .text.HAL_FSMC_MspInit
                0x0000000008003f48       0xa8 ./Core/Src/fsmc.o
 .text.HAL_SRAM_MspInit
                0x0000000008003ff0       0x14 ./Core/Src/fsmc.o
                0x0000000008003ff0                HAL_SRAM_MspInit
 .text.MX_GPIO_Init
                0x0000000008004004      0x164 ./Core/Src/gpio.o
                0x0000000008004004                MX_GPIO_Init
 .text.main     0x0000000008004168      0x1b0 ./Core/Src/main.o
                0x0000000008004168                main
 .text.SystemClock_Config
                0x0000000008004318       0xbe ./Core/Src/main.o
                0x0000000008004318                SystemClock_Config
 *fill*         0x00000000080043d6        0x2 
 .text.delay_us
                0x00000000080043d8       0x80 ./Core/Src/main.o
                0x00000000080043d8                delay_us
 .text.delay_ms
                0x0000000008004458       0x16 ./Core/Src/main.o
                0x0000000008004458                delay_ms
 *fill*         0x000000000800446e        0x2 
 .text.HAL_TIM_PeriodElapsedCallback
                0x0000000008004470       0x24 ./Core/Src/main.o
                0x0000000008004470                HAL_TIM_PeriodElapsedCallback
 .text.Error_Handler
                0x0000000008004494        0xa ./Core/Src/main.o
                0x0000000008004494                Error_Handler
 *fill*         0x000000000800449e        0x2 
 .text.MX_RTC_Init
                0x00000000080044a0       0x58 ./Core/Src/rtc.o
                0x00000000080044a0                MX_RTC_Init
 .text.HAL_RTC_MspInit
                0x00000000080044f8       0x68 ./Core/Src/rtc.o
                0x00000000080044f8                HAL_RTC_MspInit
 .text.rtc_is_leap_year
                0x0000000008004560       0x5c ./Core/Src/rtc.o
 .text.rtc_get_time
                0x00000000080045bc      0x1c8 ./Core/Src/rtc.o
                0x00000000080045bc                rtc_get_time
 .text.rtc_get_week
                0x0000000008004784       0xa4 ./Core/Src/rtc.o
                0x0000000008004784                rtc_get_week
 .text.HAL_RTCEx_RTCEventCallback
                0x0000000008004828       0x64 ./Core/Src/rtc.o
                0x0000000008004828                HAL_RTCEx_RTCEventCallback
 .text.HAL_RTC_AlarmAEventCallback
                0x000000000800488c       0x34 ./Core/Src/rtc.o
                0x000000000800488c                HAL_RTC_AlarmAEventCallback
 .text.MX_SPI2_Init
                0x00000000080048c0       0x6c ./Core/Src/spi.o
                0x00000000080048c0                MX_SPI2_Init
 .text.HAL_SPI_MspInit
                0x000000000800492c       0x98 ./Core/Src/spi.o
                0x000000000800492c                HAL_SPI_MspInit
 .text.HAL_MspInit
                0x00000000080049c4       0x70 ./Core/Src/stm32f1xx_hal_msp.o
                0x00000000080049c4                HAL_MspInit
 .text.HAL_InitTick
                0x0000000008004a34       0xfc ./Core/Src/stm32f1xx_hal_timebase_tim.o
                0x0000000008004a34                HAL_InitTick
 .text.NMI_Handler
                0x0000000008004b30        0x6 ./Core/Src/stm32f1xx_it.o
                0x0000000008004b30                NMI_Handler
 .text.HardFault_Handler
                0x0000000008004b36        0x6 ./Core/Src/stm32f1xx_it.o
                0x0000000008004b36                HardFault_Handler
 .text.MemManage_Handler
                0x0000000008004b3c        0x6 ./Core/Src/stm32f1xx_it.o
                0x0000000008004b3c                MemManage_Handler
 .text.BusFault_Handler
                0x0000000008004b42        0x6 ./Core/Src/stm32f1xx_it.o
                0x0000000008004b42                BusFault_Handler
 .text.UsageFault_Handler
                0x0000000008004b48        0x6 ./Core/Src/stm32f1xx_it.o
                0x0000000008004b48                UsageFault_Handler
 .text.DebugMon_Handler
                0x0000000008004b4e        0xc ./Core/Src/stm32f1xx_it.o
                0x0000000008004b4e                DebugMon_Handler
 *fill*         0x0000000008004b5a        0x2 
 .text.RTC_IRQHandler
                0x0000000008004b5c       0x14 ./Core/Src/stm32f1xx_it.o
                0x0000000008004b5c                RTC_IRQHandler
 .text.USART1_IRQHandler
                0x0000000008004b70       0x14 ./Core/Src/stm32f1xx_it.o
                0x0000000008004b70                USART1_IRQHandler
 .text.RTC_Alarm_IRQHandler
                0x0000000008004b84       0x14 ./Core/Src/stm32f1xx_it.o
                0x0000000008004b84                RTC_Alarm_IRQHandler
 .text.TIM6_IRQHandler
                0x0000000008004b98       0x14 ./Core/Src/stm32f1xx_it.o
                0x0000000008004b98                TIM6_IRQHandler
 .text._getpid  0x0000000008004bac        0xe ./Core/Src/syscalls.o
                0x0000000008004bac                _getpid
 .text._kill    0x0000000008004bba       0x20 ./Core/Src/syscalls.o
                0x0000000008004bba                _kill
 .text._exit    0x0000000008004bda       0x14 ./Core/Src/syscalls.o
                0x0000000008004bda                _exit
 .text._read    0x0000000008004bee       0x3a ./Core/Src/syscalls.o
                0x0000000008004bee                _read
 .text._write   0x0000000008004c28       0x38 ./Core/Src/syscalls.o
                0x0000000008004c28                _write
 .text._close   0x0000000008004c60       0x16 ./Core/Src/syscalls.o
                0x0000000008004c60                _close
 .text._fstat   0x0000000008004c76       0x1e ./Core/Src/syscalls.o
                0x0000000008004c76                _fstat
 .text._isatty  0x0000000008004c94       0x14 ./Core/Src/syscalls.o
                0x0000000008004c94                _isatty
 .text._lseek   0x0000000008004ca8       0x18 ./Core/Src/syscalls.o
                0x0000000008004ca8                _lseek
 .text._sbrk    0x0000000008004cc0       0x6c ./Core/Src/sysmem.o
                0x0000000008004cc0                _sbrk
 .text.SystemInit
                0x0000000008004d2c        0xc ./Core/Src/system_stm32f1xx.o
                0x0000000008004d2c                SystemInit
 .text.MX_USART1_UART_Init
                0x0000000008004d38       0x54 ./Core/Src/usart.o
                0x0000000008004d38                MX_USART1_UART_Init
 .text.HAL_UART_MspInit
                0x0000000008004d8c       0xa8 ./Core/Src/usart.o
                0x0000000008004d8c                HAL_UART_MspInit
 .text.__io_putchar
                0x0000000008004e34       0x2c ./Core/Src/usart.o
                0x0000000008004e34                __io_putchar
 .text.Reset_Handler
                0x0000000008004e60       0x48 ./Core/Startup/startup_stm32f103zetx.o
                0x0000000008004e60                Reset_Handler
 .text.Default_Handler
                0x0000000008004ea8        0x2 ./Core/Startup/startup_stm32f103zetx.o
                0x0000000008004ea8                EXTI2_IRQHandler
                0x0000000008004ea8                TIM8_TRG_COM_IRQHandler
                0x0000000008004ea8                TIM8_CC_IRQHandler
                0x0000000008004ea8                TIM1_CC_IRQHandler
                0x0000000008004ea8                PVD_IRQHandler
                0x0000000008004ea8                SDIO_IRQHandler
                0x0000000008004ea8                EXTI3_IRQHandler
                0x0000000008004ea8                EXTI0_IRQHandler
                0x0000000008004ea8                I2C2_EV_IRQHandler
                0x0000000008004ea8                ADC1_2_IRQHandler
                0x0000000008004ea8                SPI1_IRQHandler
                0x0000000008004ea8                TAMPER_IRQHandler
                0x0000000008004ea8                TIM8_UP_IRQHandler
                0x0000000008004ea8                DMA2_Channel2_IRQHandler
                0x0000000008004ea8                DMA1_Channel4_IRQHandler
                0x0000000008004ea8                USART3_IRQHandler
                0x0000000008004ea8                DMA1_Channel7_IRQHandler
                0x0000000008004ea8                CAN1_RX1_IRQHandler
                0x0000000008004ea8                UART5_IRQHandler
                0x0000000008004ea8                ADC3_IRQHandler
                0x0000000008004ea8                TIM4_IRQHandler
                0x0000000008004ea8                DMA2_Channel1_IRQHandler
                0x0000000008004ea8                I2C1_EV_IRQHandler
                0x0000000008004ea8                DMA1_Channel6_IRQHandler
                0x0000000008004ea8                UART4_IRQHandler
                0x0000000008004ea8                TIM3_IRQHandler
                0x0000000008004ea8                RCC_IRQHandler
                0x0000000008004ea8                TIM1_TRG_COM_IRQHandler
                0x0000000008004ea8                DMA1_Channel1_IRQHandler
                0x0000000008004ea8                Default_Handler
                0x0000000008004ea8                EXTI15_10_IRQHandler
                0x0000000008004ea8                TIM7_IRQHandler
                0x0000000008004ea8                TIM5_IRQHandler
                0x0000000008004ea8                EXTI9_5_IRQHandler
                0x0000000008004ea8                SPI2_IRQHandler
                0x0000000008004ea8                DMA1_Channel5_IRQHandler
                0x0000000008004ea8                EXTI4_IRQHandler
                0x0000000008004ea8                USB_LP_CAN1_RX0_IRQHandler
                0x0000000008004ea8                USB_HP_CAN1_TX_IRQHandler
                0x0000000008004ea8                DMA1_Channel3_IRQHandler
                0x0000000008004ea8                FSMC_IRQHandler
                0x0000000008004ea8                TIM1_UP_IRQHandler
                0x0000000008004ea8                WWDG_IRQHandler
                0x0000000008004ea8                TIM2_IRQHandler
                0x0000000008004ea8                TIM1_BRK_IRQHandler
                0x0000000008004ea8                EXTI1_IRQHandler
                0x0000000008004ea8                DMA2_Channel4_5_IRQHandler
                0x0000000008004ea8                USART2_IRQHandler
                0x0000000008004ea8                I2C2_ER_IRQHandler
                0x0000000008004ea8                DMA1_Channel2_IRQHandler
                0x0000000008004ea8                TIM8_BRK_IRQHandler
                0x0000000008004ea8                CAN1_SCE_IRQHandler
                0x0000000008004ea8                FLASH_IRQHandler
                0x0000000008004ea8                SPI3_IRQHandler
                0x0000000008004ea8                I2C1_ER_IRQHandler
                0x0000000008004ea8                USBWakeUp_IRQHandler
                0x0000000008004ea8                DMA2_Channel3_IRQHandler
 *fill*         0x0000000008004eaa        0x2 
 .text.HAL_Init
                0x0000000008004eac       0x2c ./Drivers/STM32F1xx_HAL_Driver/Src/stm32f1xx_hal.o
                0x0000000008004eac                HAL_Init
 .text.HAL_IncTick
                0x0000000008004ed8       0x24 ./Drivers/STM32F1xx_HAL_Driver/Src/stm32f1xx_hal.o
                0x0000000008004ed8                HAL_IncTick
 .text.HAL_GetTick
                0x0000000008004efc       0x14 ./Drivers/STM32F1xx_HAL_Driver/Src/stm32f1xx_hal.o
                0x0000000008004efc                HAL_GetTick
 .text.HAL_Delay
                0x0000000008004f10       0x48 ./Drivers/STM32F1xx_HAL_Driver/Src/stm32f1xx_hal.o
                0x0000000008004f10                HAL_Delay
 .text.__NVIC_SetPriorityGrouping
                0x0000000008004f58       0x48 ./Drivers/STM32F1xx_HAL_Driver/Src/stm32f1xx_hal_cortex.o
 .text.__NVIC_GetPriorityGrouping
                0x0000000008004fa0       0x1c ./Drivers/STM32F1xx_HAL_Driver/Src/stm32f1xx_hal_cortex.o
 .text.__NVIC_EnableIRQ
                0x0000000008004fbc       0x38 ./Drivers/STM32F1xx_HAL_Driver/Src/stm32f1xx_hal_cortex.o
 .text.__NVIC_SetPriority
                0x0000000008004ff4       0x54 ./Drivers/STM32F1xx_HAL_Driver/Src/stm32f1xx_hal_cortex.o
 .text.NVIC_EncodePriority
                0x0000000008005048       0x64 ./Drivers/STM32F1xx_HAL_Driver/Src/stm32f1xx_hal_cortex.o
 .text.HAL_NVIC_SetPriorityGrouping
                0x00000000080050ac       0x16 ./Drivers/STM32F1xx_HAL_Driver/Src/stm32f1xx_hal_cortex.o
                0x00000000080050ac                HAL_NVIC_SetPriorityGrouping
 .text.HAL_NVIC_SetPriority
                0x00000000080050c2       0x38 ./Drivers/STM32F1xx_HAL_Driver/Src/stm32f1xx_hal_cortex.o
                0x00000000080050c2                HAL_NVIC_SetPriority
 .text.HAL_NVIC_EnableIRQ
                0x00000000080050fa       0x1c ./Drivers/STM32F1xx_HAL_Driver/Src/stm32f1xx_hal_cortex.o
                0x00000000080050fa                HAL_NVIC_EnableIRQ
 .text.HAL_DMA_Abort
                0x0000000008005116       0x76 ./Drivers/STM32F1xx_HAL_Driver/Src/stm32f1xx_hal_dma.o
                0x0000000008005116                HAL_DMA_Abort
 .text.HAL_DMA_Abort_IT
                0x000000000800518c      0x210 ./Drivers/STM32F1xx_HAL_Driver/Src/stm32f1xx_hal_dma.o
                0x000000000800518c                HAL_DMA_Abort_IT
 .text.HAL_GPIO_Init
                0x000000000800539c      0x328 ./Drivers/STM32F1xx_HAL_Driver/Src/stm32f1xx_hal_gpio.o
                0x000000000800539c                HAL_GPIO_Init
 .text.HAL_GPIO_WritePin
                0x00000000080056c4       0x30 ./Drivers/STM32F1xx_HAL_Driver/Src/stm32f1xx_hal_gpio.o
                0x00000000080056c4                HAL_GPIO_WritePin
 .text.HAL_GPIO_TogglePin
                0x00000000080056f4       0x32 ./Drivers/STM32F1xx_HAL_Driver/Src/stm32f1xx_hal_gpio.o
                0x00000000080056f4                HAL_GPIO_TogglePin
 *fill*         0x0000000008005726        0x2 
 .text.HAL_PWR_EnableBkUpAccess
                0x0000000008005728       0x18 ./Drivers/STM32F1xx_HAL_Driver/Src/stm32f1xx_hal_pwr.o
                0x0000000008005728                HAL_PWR_EnableBkUpAccess
 .text.HAL_RCC_OscConfig
                0x0000000008005740      0x504 ./Drivers/STM32F1xx_HAL_Driver/Src/stm32f1xx_hal_rcc.o
                0x0000000008005740                HAL_RCC_OscConfig
 .text.HAL_RCC_ClockConfig
                0x0000000008005c44      0x1d4 ./Drivers/STM32F1xx_HAL_Driver/Src/stm32f1xx_hal_rcc.o
                0x0000000008005c44                HAL_RCC_ClockConfig
 .text.HAL_RCC_GetSysClockFreq
                0x0000000008005e18       0xa8 ./Drivers/STM32F1xx_HAL_Driver/Src/stm32f1xx_hal_rcc.o
                0x0000000008005e18                HAL_RCC_GetSysClockFreq
 .text.HAL_RCC_GetHCLKFreq
                0x0000000008005ec0       0x14 ./Drivers/STM32F1xx_HAL_Driver/Src/stm32f1xx_hal_rcc.o
                0x0000000008005ec0                HAL_RCC_GetHCLKFreq
 .text.HAL_RCC_GetPCLK1Freq
                0x0000000008005ed4       0x28 ./Drivers/STM32F1xx_HAL_Driver/Src/stm32f1xx_hal_rcc.o
                0x0000000008005ed4                HAL_RCC_GetPCLK1Freq
 .text.HAL_RCC_GetPCLK2Freq
                0x0000000008005efc       0x28 ./Drivers/STM32F1xx_HAL_Driver/Src/stm32f1xx_hal_rcc.o
                0x0000000008005efc                HAL_RCC_GetPCLK2Freq
 .text.HAL_RCC_GetClockConfig
                0x0000000008005f24       0x60 ./Drivers/STM32F1xx_HAL_Driver/Src/stm32f1xx_hal_rcc.o
                0x0000000008005f24                HAL_RCC_GetClockConfig
 .text.RCC_Delay
                0x0000000008005f84       0x3c ./Drivers/STM32F1xx_HAL_Driver/Src/stm32f1xx_hal_rcc.o
 .text.HAL_RCCEx_PeriphCLKConfig
                0x0000000008005fc0      0x16c ./Drivers/STM32F1xx_HAL_Driver/Src/stm32f1xx_hal_rcc_ex.o
                0x0000000008005fc0                HAL_RCCEx_PeriphCLKConfig
 .text.HAL_RCCEx_GetPeriphCLKFreq
                0x000000000800612c      0x1b0 ./Drivers/STM32F1xx_HAL_Driver/Src/stm32f1xx_hal_rcc_ex.o
                0x000000000800612c                HAL_RCCEx_GetPeriphCLKFreq
 .text.HAL_RTC_Init
                0x00000000080062dc      0x118 ./Drivers/STM32F1xx_HAL_Driver/Src/stm32f1xx_hal_rtc.o
                0x00000000080062dc                HAL_RTC_Init
 .text.HAL_RTC_GetTime
                0x00000000080063f4      0x1b0 ./Drivers/STM32F1xx_HAL_Driver/Src/stm32f1xx_hal_rtc.o
                0x00000000080063f4                HAL_RTC_GetTime
 .text.HAL_RTC_GetDate
                0x00000000080065a4       0xa8 ./Drivers/STM32F1xx_HAL_Driver/Src/stm32f1xx_hal_rtc.o
                0x00000000080065a4                HAL_RTC_GetDate
 .text.HAL_RTC_SetAlarm_IT
                0x000000000800664c      0x170 ./Drivers/STM32F1xx_HAL_Driver/Src/stm32f1xx_hal_rtc.o
                0x000000000800664c                HAL_RTC_SetAlarm_IT
 .text.HAL_RTC_AlarmIRQHandler
                0x00000000080067bc       0x54 ./Drivers/STM32F1xx_HAL_Driver/Src/stm32f1xx_hal_rtc.o
                0x00000000080067bc                HAL_RTC_AlarmIRQHandler
 .text.HAL_RTC_WaitForSynchro
                0x0000000008006810       0x5a ./Drivers/STM32F1xx_HAL_Driver/Src/stm32f1xx_hal_rtc.o
                0x0000000008006810                HAL_RTC_WaitForSynchro
 .text.RTC_ReadTimeCounter
                0x000000000800686a       0x60 ./Drivers/STM32F1xx_HAL_Driver/Src/stm32f1xx_hal_rtc.o
 .text.RTC_WriteTimeCounter
                0x00000000080068ca       0x4e ./Drivers/STM32F1xx_HAL_Driver/Src/stm32f1xx_hal_rtc.o
 .text.RTC_ReadAlarmCounter
                0x0000000008006918       0x32 ./Drivers/STM32F1xx_HAL_Driver/Src/stm32f1xx_hal_rtc.o
 .text.RTC_WriteAlarmCounter
                0x000000000800694a       0x4e ./Drivers/STM32F1xx_HAL_Driver/Src/stm32f1xx_hal_rtc.o
 .text.RTC_EnterInitMode
                0x0000000008006998       0x50 ./Drivers/STM32F1xx_HAL_Driver/Src/stm32f1xx_hal_rtc.o
 .text.RTC_ExitInitMode
                0x00000000080069e8       0x50 ./Drivers/STM32F1xx_HAL_Driver/Src/stm32f1xx_hal_rtc.o
 .text.RTC_ByteToBcd2
                0x0000000008006a38       0x3a ./Drivers/STM32F1xx_HAL_Driver/Src/stm32f1xx_hal_rtc.o
 .text.RTC_Bcd2ToByte
                0x0000000008006a72       0x3a ./Drivers/STM32F1xx_HAL_Driver/Src/stm32f1xx_hal_rtc.o
 .text.RTC_DateUpdate
                0x0000000008006aac      0x152 ./Drivers/STM32F1xx_HAL_Driver/Src/stm32f1xx_hal_rtc.o
 *fill*         0x0000000008006bfe        0x2 
 .text.RTC_IsLeapYear
                0x0000000008006c00       0x64 ./Drivers/STM32F1xx_HAL_Driver/Src/stm32f1xx_hal_rtc.o
 .text.RTC_WeekDayNum
                0x0000000008006c64       0xf0 ./Drivers/STM32F1xx_HAL_Driver/Src/stm32f1xx_hal_rtc.o
 .text.HAL_RTCEx_RTCIRQHandler
                0x0000000008006d54       0x6e ./Drivers/STM32F1xx_HAL_Driver/Src/stm32f1xx_hal_rtc_ex.o
                0x0000000008006d54                HAL_RTCEx_RTCIRQHandler
 .text.HAL_RTCEx_RTCEventErrorCallback
                0x0000000008006dc2       0x12 ./Drivers/STM32F1xx_HAL_Driver/Src/stm32f1xx_hal_rtc_ex.o
                0x0000000008006dc2                HAL_RTCEx_RTCEventErrorCallback
 .text.HAL_SPI_Init
                0x0000000008006dd4      0x108 ./Drivers/STM32F1xx_HAL_Driver/Src/stm32f1xx_hal_spi.o
                0x0000000008006dd4                HAL_SPI_Init
 .text.HAL_SRAM_Init
                0x0000000008006edc       0x9a ./Drivers/STM32F1xx_HAL_Driver/Src/stm32f1xx_hal_sram.o
                0x0000000008006edc                HAL_SRAM_Init
 .text.HAL_TIM_Base_Init
                0x0000000008006f76       0x9e ./Drivers/STM32F1xx_HAL_Driver/Src/stm32f1xx_hal_tim.o
                0x0000000008006f76                HAL_TIM_Base_Init
 .text.HAL_TIM_Base_MspInit
                0x0000000008007014       0x12 ./Drivers/STM32F1xx_HAL_Driver/Src/stm32f1xx_hal_tim.o
                0x0000000008007014                HAL_TIM_Base_MspInit
 *fill*         0x0000000008007026        0x2 
 .text.HAL_TIM_Base_Start_IT
                0x0000000008007028       0xc0 ./Drivers/STM32F1xx_HAL_Driver/Src/stm32f1xx_hal_tim.o
                0x0000000008007028                HAL_TIM_Base_Start_IT
 .text.HAL_TIM_IRQHandler
                0x00000000080070e8      0x210 ./Drivers/STM32F1xx_HAL_Driver/Src/stm32f1xx_hal_tim.o
                0x00000000080070e8                HAL_TIM_IRQHandler
 .text.HAL_TIM_OC_DelayElapsedCallback
                0x00000000080072f8       0x12 ./Drivers/STM32F1xx_HAL_Driver/Src/stm32f1xx_hal_tim.o
                0x00000000080072f8                HAL_TIM_OC_DelayElapsedCallback
 .text.HAL_TIM_IC_CaptureCallback
                0x000000000800730a       0x12 ./Drivers/STM32F1xx_HAL_Driver/Src/stm32f1xx_hal_tim.o
                0x000000000800730a                HAL_TIM_IC_CaptureCallback
 .text.HAL_TIM_PWM_PulseFinishedCallback
                0x000000000800731c       0x12 ./Drivers/STM32F1xx_HAL_Driver/Src/stm32f1xx_hal_tim.o
                0x000000000800731c                HAL_TIM_PWM_PulseFinishedCallback
 .text.HAL_TIM_TriggerCallback
                0x000000000800732e       0x12 ./Drivers/STM32F1xx_HAL_Driver/Src/stm32f1xx_hal_tim.o
                0x000000000800732e                HAL_TIM_TriggerCallback
 .text.TIM_Base_SetConfig
                0x0000000008007340       0xf4 ./Drivers/STM32F1xx_HAL_Driver/Src/stm32f1xx_hal_tim.o
                0x0000000008007340                TIM_Base_SetConfig
 .text.HAL_TIMEx_CommutCallback
                0x0000000008007434       0x12 ./Drivers/STM32F1xx_HAL_Driver/Src/stm32f1xx_hal_tim_ex.o
                0x0000000008007434                HAL_TIMEx_CommutCallback
 .text.HAL_TIMEx_BreakCallback
                0x0000000008007446       0x12 ./Drivers/STM32F1xx_HAL_Driver/Src/stm32f1xx_hal_tim_ex.o
                0x0000000008007446                HAL_TIMEx_BreakCallback
 .text.HAL_UART_Init
                0x0000000008007458       0xa0 ./Drivers/STM32F1xx_HAL_Driver/Src/stm32f1xx_hal_uart.o
                0x0000000008007458                HAL_UART_Init
 .text.HAL_UART_Transmit
                0x00000000080074f8      0x106 ./Drivers/STM32F1xx_HAL_Driver/Src/stm32f1xx_hal_uart.o
                0x00000000080074f8                HAL_UART_Transmit
 *fill*         0x00000000080075fe        0x2 
 .text.HAL_UART_IRQHandler
                0x0000000008007600      0x524 ./Drivers/STM32F1xx_HAL_Driver/Src/stm32f1xx_hal_uart.o
                0x0000000008007600                HAL_UART_IRQHandler
 .text.HAL_UART_TxCpltCallback
                0x0000000008007b24       0x12 ./Drivers/STM32F1xx_HAL_Driver/Src/stm32f1xx_hal_uart.o
                0x0000000008007b24                HAL_UART_TxCpltCallback
 .text.HAL_UART_RxCpltCallback
                0x0000000008007b36       0x12 ./Drivers/STM32F1xx_HAL_Driver/Src/stm32f1xx_hal_uart.o
                0x0000000008007b36                HAL_UART_RxCpltCallback
 .text.HAL_UART_ErrorCallback
                0x0000000008007b48       0x12 ./Drivers/STM32F1xx_HAL_Driver/Src/stm32f1xx_hal_uart.o
                0x0000000008007b48                HAL_UART_ErrorCallback
 .text.HAL_UARTEx_RxEventCallback
                0x0000000008007b5a       0x16 ./Drivers/STM32F1xx_HAL_Driver/Src/stm32f1xx_hal_uart.o
                0x0000000008007b5a                HAL_UARTEx_RxEventCallback
 .text.UART_WaitOnFlagUntilTimeout
                0x0000000008007b70       0xdc ./Drivers/STM32F1xx_HAL_Driver/Src/stm32f1xx_hal_uart.o
 .text.UART_EndRxTransfer
                0x0000000008007c4c       0xc4 ./Drivers/STM32F1xx_HAL_Driver/Src/stm32f1xx_hal_uart.o
 .text.UART_DMAAbortOnError
                0x0000000008007d10       0x28 ./Drivers/STM32F1xx_HAL_Driver/Src/stm32f1xx_hal_uart.o
 .text.UART_Transmit_IT
                0x0000000008007d38       0x9e ./Drivers/STM32F1xx_HAL_Driver/Src/stm32f1xx_hal_uart.o
 .text.UART_EndTransmit_IT
                0x0000000008007dd6       0x30 ./Drivers/STM32F1xx_HAL_Driver/Src/stm32f1xx_hal_uart.o
 .text.UART_Receive_IT
                0x0000000008007e06      0x17c ./Drivers/STM32F1xx_HAL_Driver/Src/stm32f1xx_hal_uart.o
 *fill*         0x0000000008007f82        0x2 
 .text.UART_SetConfig
                0x0000000008007f84      0x11c ./Drivers/STM32F1xx_HAL_Driver/Src/stm32f1xx_hal_uart.o
 .text.FSMC_NORSRAM_Init
                0x00000000080080a0       0xd4 ./Drivers/STM32F1xx_HAL_Driver/Src/stm32f1xx_ll_fsmc.o
                0x00000000080080a0                FSMC_NORSRAM_Init
 .text.FSMC_NORSRAM_Timing_Init
                0x0000000008008174       0x68 ./Drivers/STM32F1xx_HAL_Driver/Src/stm32f1xx_ll_fsmc.o
                0x0000000008008174                FSMC_NORSRAM_Timing_Init
 .text.FSMC_NORSRAM_Extended_Timing_Init
                0x00000000080081dc       0x70 ./Drivers/STM32F1xx_HAL_Driver/Src/stm32f1xx_ll_fsmc.o
                0x00000000080081dc                FSMC_NORSRAM_Extended_Timing_Init
 .text.osKernelInitialize
                0x000000000800824c       0x64 ./Middlewares/Third_Party/FreeRTOS/Source/CMSIS_RTOS_V2/cmsis_os2.o
                0x000000000800824c                osKernelInitialize
 .text.osKernelStart
                0x00000000080082b0       0x68 ./Middlewares/Third_Party/FreeRTOS/Source/CMSIS_RTOS_V2/cmsis_os2.o
                0x00000000080082b0                osKernelStart
 .text.osThreadNew
                0x0000000008008318      0x154 ./Middlewares/Third_Party/FreeRTOS/Source/CMSIS_RTOS_V2/cmsis_os2.o
                0x0000000008008318                osThreadNew
 .text.osDelay  0x000000000800846c       0x5c ./Middlewares/Third_Party/FreeRTOS/Source/CMSIS_RTOS_V2/cmsis_os2.o
                0x000000000800846c                osDelay
 .text.vApplicationGetIdleTaskMemory
                0x00000000080084c8       0x30 ./Middlewares/Third_Party/FreeRTOS/Source/CMSIS_RTOS_V2/cmsis_os2.o
                0x00000000080084c8                vApplicationGetIdleTaskMemory
 .text.vApplicationGetTimerTaskMemory
                0x00000000080084f8       0x34 ./Middlewares/Third_Party/FreeRTOS/Source/CMSIS_RTOS_V2/cmsis_os2.o
                0x00000000080084f8                vApplicationGetTimerTaskMemory
 .text.vListInitialise
                0x000000000800852c       0x3e ./Middlewares/Third_Party/FreeRTOS/Source/list.o
                0x000000000800852c                vListInitialise
 .text.vListInitialiseItem
                0x000000000800856a       0x18 ./Middlewares/Third_Party/FreeRTOS/Source/list.o
                0x000000000800856a                vListInitialiseItem
 .text.vListInsertEnd
                0x0000000008008582       0x46 ./Middlewares/Third_Party/FreeRTOS/Source/list.o
                0x0000000008008582                vListInsertEnd
 .text.vListInsert
                0x00000000080085c8       0x70 ./Middlewares/Third_Party/FreeRTOS/Source/list.o
                0x00000000080085c8                vListInsert
 .text.uxListRemove
                0x0000000008008638       0x52 ./Middlewares/Third_Party/FreeRTOS/Source/list.o
                0x0000000008008638                uxListRemove
 *fill*         0x000000000800868a        0x2 
 .text.xQueueGenericReset
                0x000000000800868c       0xd0 ./Middlewares/Third_Party/FreeRTOS/Source/queue.o
                0x000000000800868c                xQueueGenericReset
 .text.xQueueGenericCreateStatic
                0x000000000800875c       0xee ./Middlewares/Third_Party/FreeRTOS/Source/queue.o
                0x000000000800875c                xQueueGenericCreateStatic
 .text.prvInitialiseNewQueue
                0x000000000800884a       0x46 ./Middlewares/Third_Party/FreeRTOS/Source/queue.o
 .text.xQueueGenericSend
                0x0000000008008890      0x1fc ./Middlewares/Third_Party/FreeRTOS/Source/queue.o
                0x0000000008008890                xQueueGenericSend
 .text.xQueueGenericSendFromISR
                0x0000000008008a8c      0x130 ./Middlewares/Third_Party/FreeRTOS/Source/queue.o
                0x0000000008008a8c                xQueueGenericSendFromISR
 .text.xQueueReceive
                0x0000000008008bbc      0x1c0 ./Middlewares/Third_Party/FreeRTOS/Source/queue.o
                0x0000000008008bbc                xQueueReceive
 .text.prvCopyDataToQueue
                0x0000000008008d7c       0xd4 ./Middlewares/Third_Party/FreeRTOS/Source/queue.o
 .text.prvCopyDataFromQueue
                0x0000000008008e50       0x4c ./Middlewares/Third_Party/FreeRTOS/Source/queue.o
 .text.prvUnlockQueue
                0x0000000008008e9c       0xa4 ./Middlewares/Third_Party/FreeRTOS/Source/queue.o
 .text.prvIsQueueEmpty
                0x0000000008008f40       0x2c ./Middlewares/Third_Party/FreeRTOS/Source/queue.o
 .text.prvIsQueueFull
                0x0000000008008f6c       0x30 ./Middlewares/Third_Party/FreeRTOS/Source/queue.o
 .text.vQueueAddToRegistry
                0x0000000008008f9c       0x50 ./Middlewares/Third_Party/FreeRTOS/Source/queue.o
                0x0000000008008f9c                vQueueAddToRegistry
 .text.vQueueWaitForMessageRestricted
                0x0000000008008fec       0x68 ./Middlewares/Third_Party/FreeRTOS/Source/queue.o
                0x0000000008008fec                vQueueWaitForMessageRestricted
 .text.xTaskCreateStatic
                0x0000000008009054       0xb8 ./Middlewares/Third_Party/FreeRTOS/Source/tasks.o
                0x0000000008009054                xTaskCreateStatic
 .text.xTaskCreate
                0x000000000800910c       0x8a ./Middlewares/Third_Party/FreeRTOS/Source/tasks.o
                0x000000000800910c                xTaskCreate
 .text.prvInitialiseNewTask
                0x0000000008009196      0x10e ./Middlewares/Third_Party/FreeRTOS/Source/tasks.o
 .text.prvAddNewTaskToReadyList
                0x00000000080092a4       0xe0 ./Middlewares/Third_Party/FreeRTOS/Source/tasks.o
 .text.vTaskDelayUntil
                0x0000000008009384       0xfc ./Middlewares/Third_Party/FreeRTOS/Source/tasks.o
                0x0000000008009384                vTaskDelayUntil
 .text.vTaskDelay
                0x0000000008009480       0x68 ./Middlewares/Third_Party/FreeRTOS/Source/tasks.o
                0x0000000008009480                vTaskDelay
 .text.vTaskStartScheduler
                0x00000000080094e8       0xcc ./Middlewares/Third_Party/FreeRTOS/Source/tasks.o
                0x00000000080094e8                vTaskStartScheduler
 .text.vTaskSuspendAll
                0x00000000080095b4       0x1c ./Middlewares/Third_Party/FreeRTOS/Source/tasks.o
                0x00000000080095b4                vTaskSuspendAll
 .text.xTaskResumeAll
                0x00000000080095d0      0x13c ./Middlewares/Third_Party/FreeRTOS/Source/tasks.o
                0x00000000080095d0                xTaskResumeAll
 .text.xTaskGetTickCount
                0x000000000800970c       0x1c ./Middlewares/Third_Party/FreeRTOS/Source/tasks.o
                0x000000000800970c                xTaskGetTickCount
 .text.xTaskIncrementTick
                0x0000000008009728      0x17c ./Middlewares/Third_Party/FreeRTOS/Source/tasks.o
                0x0000000008009728                xTaskIncrementTick
 .text.vTaskSwitchContext
                0x00000000080098a4       0xb8 ./Middlewares/Third_Party/FreeRTOS/Source/tasks.o
                0x00000000080098a4                vTaskSwitchContext
 .text.vTaskPlaceOnEventList
                0x000000000800995c       0x48 ./Middlewares/Third_Party/FreeRTOS/Source/tasks.o
                0x000000000800995c                vTaskPlaceOnEventList
 .text.vTaskPlaceOnEventListRestricted
                0x00000000080099a4       0x58 ./Middlewares/Third_Party/FreeRTOS/Source/tasks.o
                0x00000000080099a4                vTaskPlaceOnEventListRestricted
 .text.xTaskRemoveFromEventList
                0x00000000080099fc       0xc8 ./Middlewares/Third_Party/FreeRTOS/Source/tasks.o
                0x00000000080099fc                xTaskRemoveFromEventList
 .text.vTaskInternalSetTimeOutState
                0x0000000008009ac4       0x2c ./Middlewares/Third_Party/FreeRTOS/Source/tasks.o
                0x0000000008009ac4                vTaskInternalSetTimeOutState
 .text.xTaskCheckForTimeOut
                0x0000000008009af0       0xc4 ./Middlewares/Third_Party/FreeRTOS/Source/tasks.o
                0x0000000008009af0                xTaskCheckForTimeOut
 .text.vTaskMissedYield
                0x0000000008009bb4       0x18 ./Middlewares/Third_Party/FreeRTOS/Source/tasks.o
                0x0000000008009bb4                vTaskMissedYield
 .text.prvIdleTask
                0x0000000008009bcc       0x30 ./Middlewares/Third_Party/FreeRTOS/Source/tasks.o
 .text.prvInitialiseTaskLists
                0x0000000008009bfc       0x80 ./Middlewares/Third_Party/FreeRTOS/Source/tasks.o
 .text.prvCheckTasksWaitingTermination
                0x0000000008009c7c       0x5c ./Middlewares/Third_Party/FreeRTOS/Source/tasks.o
 .text.prvDeleteTCB
                0x0000000008009cd8       0x5e ./Middlewares/Third_Party/FreeRTOS/Source/tasks.o
 *fill*         0x0000000008009d36        0x2 
 .text.prvResetNextTaskUnblockTime
                0x0000000008009d38       0x48 ./Middlewares/Third_Party/FreeRTOS/Source/tasks.o
 .text.xTaskGetSchedulerState
                0x0000000008009d80       0x3c ./Middlewares/Third_Party/FreeRTOS/Source/tasks.o
                0x0000000008009d80                xTaskGetSchedulerState
 .text.xTaskPriorityDisinherit
                0x0000000008009dbc       0xdc ./Middlewares/Third_Party/FreeRTOS/Source/tasks.o
                0x0000000008009dbc                xTaskPriorityDisinherit
 .text.prvAddCurrentTaskToDelayedList
                0x0000000008009e98       0xa8 ./Middlewares/Third_Party/FreeRTOS/Source/tasks.o
 .text.xTimerCreateTimerTask
                0x0000000008009f40       0x90 ./Middlewares/Third_Party/FreeRTOS/Source/timers.o
                0x0000000008009f40                xTimerCreateTimerTask
 .text.xTimerGenericCommand
                0x0000000008009fd0       0x9c ./Middlewares/Third_Party/FreeRTOS/Source/timers.o
                0x0000000008009fd0                xTimerGenericCommand
 .text.prvProcessExpiredTimer
                0x000000000800a06c       0x80 ./Middlewares/Third_Party/FreeRTOS/Source/timers.o
 .text.prvTimerTask
                0x000000000800a0ec       0x24 ./Middlewares/Third_Party/FreeRTOS/Source/timers.o
 .text.prvProcessTimerOrBlockTask
                0x000000000800a110       0x9c ./Middlewares/Third_Party/FreeRTOS/Source/timers.o
 .text.prvGetNextExpireTime
                0x000000000800a1ac       0x48 ./Middlewares/Third_Party/FreeRTOS/Source/timers.o
 .text.prvSampleTimeNow
                0x000000000800a1f4       0x40 ./Middlewares/Third_Party/FreeRTOS/Source/timers.o
 .text.prvInsertTimerInActiveList
                0x000000000800a234       0x84 ./Middlewares/Third_Party/FreeRTOS/Source/timers.o
 .text.prvProcessReceivedCommands
                0x000000000800a2b8      0x168 ./Middlewares/Third_Party/FreeRTOS/Source/timers.o
 .text.prvSwitchTimerLists
                0x000000000800a420       0xc4 ./Middlewares/Third_Party/FreeRTOS/Source/timers.o
 .text.prvCheckForValidListAndQueue
                0x000000000800a4e4       0x80 ./Middlewares/Third_Party/FreeRTOS/Source/timers.o
 .text.pxPortInitialiseStack
                0x000000000800a564       0x58 ./Middlewares/Third_Party/FreeRTOS/Source/portable/GCC/ARM_CM3/port.o
                0x000000000800a564                pxPortInitialiseStack
 .text.prvTaskExitError
                0x000000000800a5bc       0x58 ./Middlewares/Third_Party/FreeRTOS/Source/portable/GCC/ARM_CM3/port.o
 *fill*         0x000000000800a614        0xc 
 .text.SVC_Handler
                0x000000000800a620       0x28 ./Middlewares/Third_Party/FreeRTOS/Source/portable/GCC/ARM_CM3/port.o
                0x000000000800a620                SVC_Handler
 .text.prvPortStartFirstTask
                0x000000000800a648       0x20 ./Middlewares/Third_Party/FreeRTOS/Source/portable/GCC/ARM_CM3/port.o
 .text.xPortStartScheduler
                0x000000000800a668       0xe4 ./Middlewares/Third_Party/FreeRTOS/Source/portable/GCC/ARM_CM3/port.o
                0x000000000800a668                xPortStartScheduler
 .text.vPortEnterCritical
                0x000000000800a74c       0x60 ./Middlewares/Third_Party/FreeRTOS/Source/portable/GCC/ARM_CM3/port.o
                0x000000000800a74c                vPortEnterCritical
 .text.vPortExitCritical
                0x000000000800a7ac       0x50 ./Middlewares/Third_Party/FreeRTOS/Source/portable/GCC/ARM_CM3/port.o
                0x000000000800a7ac                vPortExitCritical
 *fill*         0x000000000800a7fc        0x4 
 .text.PendSV_Handler
                0x000000000800a800       0x48 ./Middlewares/Third_Party/FreeRTOS/Source/portable/GCC/ARM_CM3/port.o
                0x000000000800a800                PendSV_Handler
 .text.SysTick_Handler
                0x000000000800a848       0x44 ./Middlewares/Third_Party/FreeRTOS/Source/portable/GCC/ARM_CM3/port.o
                0x000000000800a848                SysTick_Handler
 .text.vPortSetupTimerInterrupt
                0x000000000800a88c       0x44 ./Middlewares/Third_Party/FreeRTOS/Source/portable/GCC/ARM_CM3/port.o
                0x000000000800a88c                vPortSetupTimerInterrupt
 .text.vPortValidateInterruptPriority
                0x000000000800a8d0       0x7c ./Middlewares/Third_Party/FreeRTOS/Source/portable/GCC/ARM_CM3/port.o
                0x000000000800a8d0                vPortValidateInterruptPriority
 .text.pvPortMalloc
                0x000000000800a94c      0x188 ./Middlewares/Third_Party/FreeRTOS/Source/portable/MemMang/heap_4.o
                0x000000000800a94c                pvPortMalloc
 .text.vPortFree
                0x000000000800aad4       0xb4 ./Middlewares/Third_Party/FreeRTOS/Source/portable/MemMang/heap_4.o
                0x000000000800aad4                vPortFree
 .text.prvHeapInit
                0x000000000800ab88       0xc4 ./Middlewares/Third_Party/FreeRTOS/Source/portable/MemMang/heap_4.o
 .text.prvInsertBlockIntoFreeList
                0x000000000800ac4c       0xb0 ./Middlewares/Third_Party/FreeRTOS/Source/portable/MemMang/heap_4.o
 .text.__errno  0x000000000800acfc        0xc d:/ykl/stm32cubeide_1.12.1/stm32cubeide/plugins/com.st.stm32cube.ide.mcu.externaltools.gnu-tools-for-stm32.10.3-2021.10.win32_1.0.200.202301161003/tools/bin/../lib/gcc/arm-none-eabi/10.3.1/../../../../arm-none-eabi/lib/thumb/v7-m/nofp\libc_nano.a(lib_a-errno.o)
                0x000000000800acfc                __errno
 .text.__libc_init_array
                0x000000000800ad08       0x48 d:/ykl/stm32cubeide_1.12.1/stm32cubeide/plugins/com.st.stm32cube.ide.mcu.externaltools.gnu-tools-for-stm32.10.3-2021.10.win32_1.0.200.202301161003/tools/bin/../lib/gcc/arm-none-eabi/10.3.1/../../../../arm-none-eabi/lib/thumb/v7-m/nofp\libc_nano.a(lib_a-init.o)
                0x000000000800ad08                __libc_init_array
 .text.memcpy   0x000000000800ad50       0x1c d:/ykl/stm32cubeide_1.12.1/stm32cubeide/plugins/com.st.stm32cube.ide.mcu.externaltools.gnu-tools-for-stm32.10.3-2021.10.win32_1.0.200.202301161003/tools/bin/../lib/gcc/arm-none-eabi/10.3.1/../../../../arm-none-eabi/lib/thumb/v7-m/nofp\libc_nano.a(lib_a-memcpy-stub.o)
                0x000000000800ad50                memcpy
 .text.memset   0x000000000800ad6c       0x10 d:/ykl/stm32cubeide_1.12.1/stm32cubeide/plugins/com.st.stm32cube.ide.mcu.externaltools.gnu-tools-for-stm32.10.3-2021.10.win32_1.0.200.202301161003/tools/bin/../lib/gcc/arm-none-eabi/10.3.1/../../../../arm-none-eabi/lib/thumb/v7-m/nofp\libc_nano.a(lib_a-memset.o)
                0x000000000800ad6c                memset
 .text.__cvt    0x000000000800ad7c       0xbe d:/ykl/stm32cubeide_1.12.1/stm32cubeide/plugins/com.st.stm32cube.ide.mcu.externaltools.gnu-tools-for-stm32.10.3-2021.10.win32_1.0.200.202301161003/tools/bin/../lib/gcc/arm-none-eabi/10.3.1/../../../../arm-none-eabi/lib/thumb/v7-m/nofp\libc_nano.a(lib_a-nano-vfprintf_float.o)
                0x000000000800ad7c                __cvt
 .text.__exponent
                0x000000000800ae3a       0x7c d:/ykl/stm32cubeide_1.12.1/stm32cubeide/plugins/com.st.stm32cube.ide.mcu.externaltools.gnu-tools-for-stm32.10.3-2021.10.win32_1.0.200.202301161003/tools/bin/../lib/gcc/arm-none-eabi/10.3.1/../../../../arm-none-eabi/lib/thumb/v7-m/nofp\libc_nano.a(lib_a-nano-vfprintf_float.o)
                0x000000000800ae3a                __exponent
 *fill*         0x000000000800aeb6        0x2 
 .text._printf_float
                0x000000000800aeb8      0x458 d:/ykl/stm32cubeide_1.12.1/stm32cubeide/plugins/com.st.stm32cube.ide.mcu.externaltools.gnu-tools-for-stm32.10.3-2021.10.win32_1.0.200.202301161003/tools/bin/../lib/gcc/arm-none-eabi/10.3.1/../../../../arm-none-eabi/lib/thumb/v7-m/nofp\libc_nano.a(lib_a-nano-vfprintf_float.o)
                0x000000000800aeb8                _printf_float
 .text._printf_common
                0x000000000800b310       0xde d:/ykl/stm32cubeide_1.12.1/stm32cubeide/plugins/com.st.stm32cube.ide.mcu.externaltools.gnu-tools-for-stm32.10.3-2021.10.win32_1.0.200.202301161003/tools/bin/../lib/gcc/arm-none-eabi/10.3.1/../../../../arm-none-eabi/lib/thumb/v7-m/nofp\libc_nano.a(lib_a-nano-vfprintf_i.o)
                0x000000000800b310                _printf_common
 *fill*         0x000000000800b3ee        0x2 
 .text._printf_i
                0x000000000800b3f0      0x24c d:/ykl/stm32cubeide_1.12.1/stm32cubeide/plugins/com.st.stm32cube.ide.mcu.externaltools.gnu-tools-for-stm32.10.3-2021.10.win32_1.0.200.202301161003/tools/bin/../lib/gcc/arm-none-eabi/10.3.1/../../../../arm-none-eabi/lib/thumb/v7-m/nofp\libc_nano.a(lib_a-nano-vfprintf_i.o)
                0x000000000800b3f0                _printf_i
 .text._scanf_float
                0x000000000800b63c      0x41c d:/ykl/stm32cubeide_1.12.1/stm32cubeide/plugins/com.st.stm32cube.ide.mcu.externaltools.gnu-tools-for-stm32.10.3-2021.10.win32_1.0.200.202301161003/tools/bin/../lib/gcc/arm-none-eabi/10.3.1/../../../../arm-none-eabi/lib/thumb/v7-m/nofp\libc_nano.a(lib_a-nano-vfscanf_float.o)
                0x000000000800b63c                _scanf_float
 .text.nanf     0x000000000800ba58        0x8 d:/ykl/stm32cubeide_1.12.1/stm32cubeide/plugins/com.st.stm32cube.ide.mcu.externaltools.gnu-tools-for-stm32.10.3-2021.10.win32_1.0.200.202301161003/tools/bin/../lib/gcc/arm-none-eabi/10.3.1/../../../../arm-none-eabi/lib/thumb/v7-m/nofp\libc_nano.a(lib_a-sf_nan.o)
                0x000000000800ba58                nanf
 .text.sprintf  0x000000000800ba60       0x40 d:/ykl/stm32cubeide_1.12.1/stm32cubeide/plugins/com.st.stm32cube.ide.mcu.externaltools.gnu-tools-for-stm32.10.3-2021.10.win32_1.0.200.202301161003/tools/bin/../lib/gcc/arm-none-eabi/10.3.1/../../../../arm-none-eabi/lib/thumb/v7-m/nofp\libc_nano.a(lib_a-sprintf.o)
                0x000000000800ba60                siprintf
                0x000000000800ba60                sprintf
 .text.sulp     0x000000000800baa0       0x42 d:/ykl/stm32cubeide_1.12.1/stm32cubeide/plugins/com.st.stm32cube.ide.mcu.externaltools.gnu-tools-for-stm32.10.3-2021.10.win32_1.0.200.202301161003/tools/bin/../lib/gcc/arm-none-eabi/10.3.1/../../../../arm-none-eabi/lib/thumb/v7-m/nofp\libc_nano.a(lib_a-strtod.o)
 *fill*         0x000000000800bae2        0x6 
 .text._strtod_l
                0x000000000800bae8      0xbd0 d:/ykl/stm32cubeide_1.12.1/stm32cubeide/plugins/com.st.stm32cube.ide.mcu.externaltools.gnu-tools-for-stm32.10.3-2021.10.win32_1.0.200.202301161003/tools/bin/../lib/gcc/arm-none-eabi/10.3.1/../../../../arm-none-eabi/lib/thumb/v7-m/nofp\libc_nano.a(lib_a-strtod.o)
                0x000000000800bae8                _strtod_l
 .text._strtod_r
                0x000000000800c6b8        0xc d:/ykl/stm32cubeide_1.12.1/stm32cubeide/plugins/com.st.stm32cube.ide.mcu.externaltools.gnu-tools-for-stm32.10.3-2021.10.win32_1.0.200.202301161003/tools/bin/../lib/gcc/arm-none-eabi/10.3.1/../../../../arm-none-eabi/lib/thumb/v7-m/nofp\libc_nano.a(lib_a-strtod.o)
                0x000000000800c6b8                _strtod_r
 .text._strtol_l.constprop.0
                0x000000000800c6c4       0xf8 d:/ykl/stm32cubeide_1.12.1/stm32cubeide/plugins/com.st.stm32cube.ide.mcu.externaltools.gnu-tools-for-stm32.10.3-2021.10.win32_1.0.200.202301161003/tools/bin/../lib/gcc/arm-none-eabi/10.3.1/../../../../arm-none-eabi/lib/thumb/v7-m/nofp\libc_nano.a(lib_a-strtol.o)
 .text._strtol_r
                0x000000000800c7bc        0x4 d:/ykl/stm32cubeide_1.12.1/stm32cubeide/plugins/com.st.stm32cube.ide.mcu.externaltools.gnu-tools-for-stm32.10.3-2021.10.win32_1.0.200.202301161003/tools/bin/../lib/gcc/arm-none-eabi/10.3.1/../../../../arm-none-eabi/lib/thumb/v7-m/nofp\libc_nano.a(lib_a-strtol.o)
                0x000000000800c7bc                _strtol_r
 .text.quorem   0x000000000800c7c0      0x118 d:/ykl/stm32cubeide_1.12.1/stm32cubeide/plugins/com.st.stm32cube.ide.mcu.externaltools.gnu-tools-for-stm32.10.3-2021.10.win32_1.0.200.202301161003/tools/bin/../lib/gcc/arm-none-eabi/10.3.1/../../../../arm-none-eabi/lib/thumb/v7-m/nofp\libc_nano.a(lib_a-dtoa.o)
 .text._dtoa_r  0x000000000800c8d8      0xbdc d:/ykl/stm32cubeide_1.12.1/stm32cubeide/plugins/com.st.stm32cube.ide.mcu.externaltools.gnu-tools-for-stm32.10.3-2021.10.win32_1.0.200.202301161003/tools/bin/../lib/gcc/arm-none-eabi/10.3.1/../../../../arm-none-eabi/lib/thumb/v7-m/nofp\libc_nano.a(lib_a-dtoa.o)
                0x000000000800c8d8                _dtoa_r
 .text.rshift   0x000000000800d4b4       0xa6 d:/ykl/stm32cubeide_1.12.1/stm32cubeide/plugins/com.st.stm32cube.ide.mcu.externaltools.gnu-tools-for-stm32.10.3-2021.10.win32_1.0.200.202301161003/tools/bin/../lib/gcc/arm-none-eabi/10.3.1/../../../../arm-none-eabi/lib/thumb/v7-m/nofp\libc_nano.a(lib_a-gdtoa-gethex.o)
 .text.__hexdig_fun
                0x000000000800d55a       0x2a d:/ykl/stm32cubeide_1.12.1/stm32cubeide/plugins/com.st.stm32cube.ide.mcu.externaltools.gnu-tools-for-stm32.10.3-2021.10.win32_1.0.200.202301161003/tools/bin/../lib/gcc/arm-none-eabi/10.3.1/../../../../arm-none-eabi/lib/thumb/v7-m/nofp\libc_nano.a(lib_a-gdtoa-gethex.o)
                0x000000000800d55a                __hexdig_fun
 .text.__gethex
                0x000000000800d584      0x478 d:/ykl/stm32cubeide_1.12.1/stm32cubeide/plugins/com.st.stm32cube.ide.mcu.externaltools.gnu-tools-for-stm32.10.3-2021.10.win32_1.0.200.202301161003/tools/bin/../lib/gcc/arm-none-eabi/10.3.1/../../../../arm-none-eabi/lib/thumb/v7-m/nofp\libc_nano.a(lib_a-gdtoa-gethex.o)
                0x000000000800d584                __gethex
 .text.L_shift  0x000000000800d9fc       0x24 d:/ykl/stm32cubeide_1.12.1/stm32cubeide/plugins/com.st.stm32cube.ide.mcu.externaltools.gnu-tools-for-stm32.10.3-2021.10.win32_1.0.200.202301161003/tools/bin/../lib/gcc/arm-none-eabi/10.3.1/../../../../arm-none-eabi/lib/thumb/v7-m/nofp\libc_nano.a(lib_a-gdtoa-hexnan.o)
 .text.__match  0x000000000800da20       0x28 d:/ykl/stm32cubeide_1.12.1/stm32cubeide/plugins/com.st.stm32cube.ide.mcu.externaltools.gnu-tools-for-stm32.10.3-2021.10.win32_1.0.200.202301161003/tools/bin/../lib/gcc/arm-none-eabi/10.3.1/../../../../arm-none-eabi/lib/thumb/v7-m/nofp\libc_nano.a(lib_a-gdtoa-hexnan.o)
                0x000000000800da20                __match
 .text.__hexnan
                0x000000000800da48      0x138 d:/ykl/stm32cubeide_1.12.1/stm32cubeide/plugins/com.st.stm32cube.ide.mcu.externaltools.gnu-tools-for-stm32.10.3-2021.10.win32_1.0.200.202301161003/tools/bin/../lib/gcc/arm-none-eabi/10.3.1/../../../../arm-none-eabi/lib/thumb/v7-m/nofp\libc_nano.a(lib_a-gdtoa-hexnan.o)
                0x000000000800da48                __hexnan
 .text._localeconv_r
                0x000000000800db80        0x8 d:/ykl/stm32cubeide_1.12.1/stm32cubeide/plugins/com.st.stm32cube.ide.mcu.externaltools.gnu-tools-for-stm32.10.3-2021.10.win32_1.0.200.202301161003/tools/bin/../lib/gcc/arm-none-eabi/10.3.1/../../../../arm-none-eabi/lib/thumb/v7-m/nofp\libc_nano.a(lib_a-localeconv.o)
                0x000000000800db80                _localeconv_r
 .text.malloc   0x000000000800db88       0x10 d:/ykl/stm32cubeide_1.12.1/stm32cubeide/plugins/com.st.stm32cube.ide.mcu.externaltools.gnu-tools-for-stm32.10.3-2021.10.win32_1.0.200.202301161003/tools/bin/../lib/gcc/arm-none-eabi/10.3.1/../../../../arm-none-eabi/lib/thumb/v7-m/nofp\libc_nano.a(lib_a-malloc.o)
                0x000000000800db88                malloc
 .text.__ascii_mbtowc
                0x000000000800db98       0x24 d:/ykl/stm32cubeide_1.12.1/stm32cubeide/plugins/com.st.stm32cube.ide.mcu.externaltools.gnu-tools-for-stm32.10.3-2021.10.win32_1.0.200.202301161003/tools/bin/../lib/gcc/arm-none-eabi/10.3.1/../../../../arm-none-eabi/lib/thumb/v7-m/nofp\libc_nano.a(lib_a-mbtowc_r.o)
                0x000000000800db98                __ascii_mbtowc
 .text.memchr   0x000000000800dbbc       0x1c d:/ykl/stm32cubeide_1.12.1/stm32cubeide/plugins/com.st.stm32cube.ide.mcu.externaltools.gnu-tools-for-stm32.10.3-2021.10.win32_1.0.200.202301161003/tools/bin/../lib/gcc/arm-none-eabi/10.3.1/../../../../arm-none-eabi/lib/thumb/v7-m/nofp\libc_nano.a(lib_a-memchr-stub.o)
                0x000000000800dbbc                memchr
 .text._Balloc  0x000000000800dbd8       0x80 d:/ykl/stm32cubeide_1.12.1/stm32cubeide/plugins/com.st.stm32cube.ide.mcu.externaltools.gnu-tools-for-stm32.10.3-2021.10.win32_1.0.200.202301161003/tools/bin/../lib/gcc/arm-none-eabi/10.3.1/../../../../arm-none-eabi/lib/thumb/v7-m/nofp\libc_nano.a(lib_a-mprec.o)
                0x000000000800dbd8                _Balloc
 .text._Bfree   0x000000000800dc58       0x44 d:/ykl/stm32cubeide_1.12.1/stm32cubeide/plugins/com.st.stm32cube.ide.mcu.externaltools.gnu-tools-for-stm32.10.3-2021.10.win32_1.0.200.202301161003/tools/bin/../lib/gcc/arm-none-eabi/10.3.1/../../../../arm-none-eabi/lib/thumb/v7-m/nofp\libc_nano.a(lib_a-mprec.o)
                0x000000000800dc58                _Bfree
 .text.__multadd
                0x000000000800dc9c       0x8c d:/ykl/stm32cubeide_1.12.1/stm32cubeide/plugins/com.st.stm32cube.ide.mcu.externaltools.gnu-tools-for-stm32.10.3-2021.10.win32_1.0.200.202301161003/tools/bin/../lib/gcc/arm-none-eabi/10.3.1/../../../../arm-none-eabi/lib/thumb/v7-m/nofp\libc_nano.a(lib_a-mprec.o)
                0x000000000800dc9c                __multadd
 .text.__s2b    0x000000000800dd28       0x94 d:/ykl/stm32cubeide_1.12.1/stm32cubeide/plugins/com.st.stm32cube.ide.mcu.externaltools.gnu-tools-for-stm32.10.3-2021.10.win32_1.0.200.202301161003/tools/bin/../lib/gcc/arm-none-eabi/10.3.1/../../../../arm-none-eabi/lib/thumb/v7-m/nofp\libc_nano.a(lib_a-mprec.o)
                0x000000000800dd28                __s2b
 .text.__hi0bits
                0x000000000800ddbc       0x40 d:/ykl/stm32cubeide_1.12.1/stm32cubeide/plugins/com.st.stm32cube.ide.mcu.externaltools.gnu-tools-for-stm32.10.3-2021.10.win32_1.0.200.202301161003/tools/bin/../lib/gcc/arm-none-eabi/10.3.1/../../../../arm-none-eabi/lib/thumb/v7-m/nofp\libc_nano.a(lib_a-mprec.o)
                0x000000000800ddbc                __hi0bits
 .text.__lo0bits
                0x000000000800ddfc       0x5a d:/ykl/stm32cubeide_1.12.1/stm32cubeide/plugins/com.st.stm32cube.ide.mcu.externaltools.gnu-tools-for-stm32.10.3-2021.10.win32_1.0.200.202301161003/tools/bin/../lib/gcc/arm-none-eabi/10.3.1/../../../../arm-none-eabi/lib/thumb/v7-m/nofp\libc_nano.a(lib_a-mprec.o)
                0x000000000800ddfc                __lo0bits
 *fill*         0x000000000800de56        0x2 
 .text.__i2b    0x000000000800de58       0x2c d:/ykl/stm32cubeide_1.12.1/stm32cubeide/plugins/com.st.stm32cube.ide.mcu.externaltools.gnu-tools-for-stm32.10.3-2021.10.win32_1.0.200.202301161003/tools/bin/../lib/gcc/arm-none-eabi/10.3.1/../../../../arm-none-eabi/lib/thumb/v7-m/nofp\libc_nano.a(lib_a-mprec.o)
                0x000000000800de58                __i2b
 .text.__multiply
                0x000000000800de84      0x150 d:/ykl/stm32cubeide_1.12.1/stm32cubeide/plugins/com.st.stm32cube.ide.mcu.externaltools.gnu-tools-for-stm32.10.3-2021.10.win32_1.0.200.202301161003/tools/bin/../lib/gcc/arm-none-eabi/10.3.1/../../../../arm-none-eabi/lib/thumb/v7-m/nofp\libc_nano.a(lib_a-mprec.o)
                0x000000000800de84                __multiply
 .text.__pow5mult
                0x000000000800dfd4       0xb4 d:/ykl/stm32cubeide_1.12.1/stm32cubeide/plugins/com.st.stm32cube.ide.mcu.externaltools.gnu-tools-for-stm32.10.3-2021.10.win32_1.0.200.202301161003/tools/bin/../lib/gcc/arm-none-eabi/10.3.1/../../../../arm-none-eabi/lib/thumb/v7-m/nofp\libc_nano.a(lib_a-mprec.o)
                0x000000000800dfd4                __pow5mult
 .text.__lshift
                0x000000000800e088       0xe0 d:/ykl/stm32cubeide_1.12.1/stm32cubeide/plugins/com.st.stm32cube.ide.mcu.externaltools.gnu-tools-for-stm32.10.3-2021.10.win32_1.0.200.202301161003/tools/bin/../lib/gcc/arm-none-eabi/10.3.1/../../../../arm-none-eabi/lib/thumb/v7-m/nofp\libc_nano.a(lib_a-mprec.o)
                0x000000000800e088                __lshift
 .text.__mcmp   0x000000000800e168       0x36 d:/ykl/stm32cubeide_1.12.1/stm32cubeide/plugins/com.st.stm32cube.ide.mcu.externaltools.gnu-tools-for-stm32.10.3-2021.10.win32_1.0.200.202301161003/tools/bin/../lib/gcc/arm-none-eabi/10.3.1/../../../../arm-none-eabi/lib/thumb/v7-m/nofp\libc_nano.a(lib_a-mprec.o)
                0x000000000800e168                __mcmp
 *fill*         0x000000000800e19e        0x2 
 .text.__mdiff  0x000000000800e1a0      0x118 d:/ykl/stm32cubeide_1.12.1/stm32cubeide/plugins/com.st.stm32cube.ide.mcu.externaltools.gnu-tools-for-stm32.10.3-2021.10.win32_1.0.200.202301161003/tools/bin/../lib/gcc/arm-none-eabi/10.3.1/../../../../arm-none-eabi/lib/thumb/v7-m/nofp\libc_nano.a(lib_a-mprec.o)
                0x000000000800e1a0                __mdiff
 .text.__ulp    0x000000000800e2b8       0x4c d:/ykl/stm32cubeide_1.12.1/stm32cubeide/plugins/com.st.stm32cube.ide.mcu.externaltools.gnu-tools-for-stm32.10.3-2021.10.win32_1.0.200.202301161003/tools/bin/../lib/gcc/arm-none-eabi/10.3.1/../../../../arm-none-eabi/lib/thumb/v7-m/nofp\libc_nano.a(lib_a-mprec.o)
                0x000000000800e2b8                __ulp
 .text.__b2d    0x000000000800e304       0xa8 d:/ykl/stm32cubeide_1.12.1/stm32cubeide/plugins/com.st.stm32cube.ide.mcu.externaltools.gnu-tools-for-stm32.10.3-2021.10.win32_1.0.200.202301161003/tools/bin/../lib/gcc/arm-none-eabi/10.3.1/../../../../arm-none-eabi/lib/thumb/v7-m/nofp\libc_nano.a(lib_a-mprec.o)
                0x000000000800e304                __b2d
 .text.__d2b    0x000000000800e3ac       0xb8 d:/ykl/stm32cubeide_1.12.1/stm32cubeide/plugins/com.st.stm32cube.ide.mcu.externaltools.gnu-tools-for-stm32.10.3-2021.10.win32_1.0.200.202301161003/tools/bin/../lib/gcc/arm-none-eabi/10.3.1/../../../../arm-none-eabi/lib/thumb/v7-m/nofp\libc_nano.a(lib_a-mprec.o)
                0x000000000800e3ac                __d2b
 .text.__ratio  0x000000000800e464       0x5c d:/ykl/stm32cubeide_1.12.1/stm32cubeide/plugins/com.st.stm32cube.ide.mcu.externaltools.gnu-tools-for-stm32.10.3-2021.10.win32_1.0.200.202301161003/tools/bin/../lib/gcc/arm-none-eabi/10.3.1/../../../../arm-none-eabi/lib/thumb/v7-m/nofp\libc_nano.a(lib_a-mprec.o)
                0x000000000800e464                __ratio
 .text.__copybits
                0x000000000800e4c0       0x46 d:/ykl/stm32cubeide_1.12.1/stm32cubeide/plugins/com.st.stm32cube.ide.mcu.externaltools.gnu-tools-for-stm32.10.3-2021.10.win32_1.0.200.202301161003/tools/bin/../lib/gcc/arm-none-eabi/10.3.1/../../../../arm-none-eabi/lib/thumb/v7-m/nofp\libc_nano.a(lib_a-mprec.o)
                0x000000000800e4c0                __copybits
 .text.__any_on
                0x000000000800e506       0x42 d:/ykl/stm32cubeide_1.12.1/stm32cubeide/plugins/com.st.stm32cube.ide.mcu.externaltools.gnu-tools-for-stm32.10.3-2021.10.win32_1.0.200.202301161003/tools/bin/../lib/gcc/arm-none-eabi/10.3.1/../../../../arm-none-eabi/lib/thumb/v7-m/nofp\libc_nano.a(lib_a-mprec.o)
                0x000000000800e506                __any_on
 .text._calloc_r
                0x000000000800e548       0x28 d:/ykl/stm32cubeide_1.12.1/stm32cubeide/plugins/com.st.stm32cube.ide.mcu.externaltools.gnu-tools-for-stm32.10.3-2021.10.win32_1.0.200.202301161003/tools/bin/../lib/gcc/arm-none-eabi/10.3.1/../../../../arm-none-eabi/lib/thumb/v7-m/nofp\libc_nano.a(lib_a-nano-callocr.o)
                0x000000000800e548                _calloc_r
 .text._free_r  0x000000000800e570       0x90 d:/ykl/stm32cubeide_1.12.1/stm32cubeide/plugins/com.st.stm32cube.ide.mcu.externaltools.gnu-tools-for-stm32.10.3-2021.10.win32_1.0.200.202301161003/tools/bin/../lib/gcc/arm-none-eabi/10.3.1/../../../../arm-none-eabi/lib/thumb/v7-m/nofp\libc_nano.a(lib_a-nano-freer.o)
                0x000000000800e570                _free_r
 .text.sbrk_aligned
                0x000000000800e600       0x40 d:/ykl/stm32cubeide_1.12.1/stm32cubeide/plugins/com.st.stm32cube.ide.mcu.externaltools.gnu-tools-for-stm32.10.3-2021.10.win32_1.0.200.202301161003/tools/bin/../lib/gcc/arm-none-eabi/10.3.1/../../../../arm-none-eabi/lib/thumb/v7-m/nofp\libc_nano.a(lib_a-nano-mallocr.o)
 .text._malloc_r
                0x000000000800e640       0xe8 d:/ykl/stm32cubeide_1.12.1/stm32cubeide/plugins/com.st.stm32cube.ide.mcu.externaltools.gnu-tools-for-stm32.10.3-2021.10.win32_1.0.200.202301161003/tools/bin/../lib/gcc/arm-none-eabi/10.3.1/../../../../arm-none-eabi/lib/thumb/v7-m/nofp\libc_nano.a(lib_a-nano-mallocr.o)
                0x000000000800e640                _malloc_r
 .text.__ssputs_r
                0x000000000800e728       0xb6 d:/ykl/stm32cubeide_1.12.1/stm32cubeide/plugins/com.st.stm32cube.ide.mcu.externaltools.gnu-tools-for-stm32.10.3-2021.10.win32_1.0.200.202301161003/tools/bin/../lib/gcc/arm-none-eabi/10.3.1/../../../../arm-none-eabi/lib/thumb/v7-m/nofp\libc_nano.a(lib_a-nano-svfprintf.o)
                0x000000000800e728                __ssputs_r
 *fill*         0x000000000800e7de        0x2 
 .text._svfprintf_r
                0x000000000800e7e0      0x200 d:/ykl/stm32cubeide_1.12.1/stm32cubeide/plugins/com.st.stm32cube.ide.mcu.externaltools.gnu-tools-for-stm32.10.3-2021.10.win32_1.0.200.202301161003/tools/bin/../lib/gcc/arm-none-eabi/10.3.1/../../../../arm-none-eabi/lib/thumb/v7-m/nofp\libc_nano.a(lib_a-nano-svfprintf.o)
                0x000000000800e7e0                _svfiprintf_r
                0x000000000800e7e0                _svfprintf_r
 .text.nan      0x000000000800e9e0        0xc d:/ykl/stm32cubeide_1.12.1/stm32cubeide/plugins/com.st.stm32cube.ide.mcu.externaltools.gnu-tools-for-stm32.10.3-2021.10.win32_1.0.200.202301161003/tools/bin/../lib/gcc/arm-none-eabi/10.3.1/../../../../arm-none-eabi/lib/thumb/v7-m/nofp\libc_nano.a(lib_a-s_nan.o)
                0x000000000800e9e0                nan
 .text._sbrk_r  0x000000000800e9ec       0x20 d:/ykl/stm32cubeide_1.12.1/stm32cubeide/plugins/com.st.stm32cube.ide.mcu.externaltools.gnu-tools-for-stm32.10.3-2021.10.win32_1.0.200.202301161003/tools/bin/../lib/gcc/arm-none-eabi/10.3.1/../../../../arm-none-eabi/lib/thumb/v7-m/nofp\libc_nano.a(lib_a-sbrkr.o)
                0x000000000800e9ec                _sbrk_r
 .text.strncmp  0x000000000800ea0c       0x28 d:/ykl/stm32cubeide_1.12.1/stm32cubeide/plugins/com.st.stm32cube.ide.mcu.externaltools.gnu-tools-for-stm32.10.3-2021.10.win32_1.0.200.202301161003/tools/bin/../lib/gcc/arm-none-eabi/10.3.1/../../../../arm-none-eabi/lib/thumb/v7-m/nofp\libc_nano.a(lib_a-strncmp.o)
                0x000000000800ea0c                strncmp
 .text.__ascii_wctomb
                0x000000000800ea34       0x1a d:/ykl/stm32cubeide_1.12.1/stm32cubeide/plugins/com.st.stm32cube.ide.mcu.externaltools.gnu-tools-for-stm32.10.3-2021.10.win32_1.0.200.202301161003/tools/bin/../lib/gcc/arm-none-eabi/10.3.1/../../../../arm-none-eabi/lib/thumb/v7-m/nofp\libc_nano.a(lib_a-wctomb_r.o)
                0x000000000800ea34                __ascii_wctomb
 *fill*         0x000000000800ea4e        0x2 
 .text.__assert_func
                0x000000000800ea50       0x3c d:/ykl/stm32cubeide_1.12.1/stm32cubeide/plugins/com.st.stm32cube.ide.mcu.externaltools.gnu-tools-for-stm32.10.3-2021.10.win32_1.0.200.202301161003/tools/bin/../lib/gcc/arm-none-eabi/10.3.1/../../../../arm-none-eabi/lib/thumb/v7-m/nofp\libc_nano.a(lib_a-assert.o)
                0x000000000800ea50                __assert_func
 .text.fprintf  0x000000000800ea8c       0x24 d:/ykl/stm32cubeide_1.12.1/stm32cubeide/plugins/com.st.stm32cube.ide.mcu.externaltools.gnu-tools-for-stm32.10.3-2021.10.win32_1.0.200.202301161003/tools/bin/../lib/gcc/arm-none-eabi/10.3.1/../../../../arm-none-eabi/lib/thumb/v7-m/nofp\libc_nano.a(lib_a-fprintf.o)
                0x000000000800ea8c                fiprintf
                0x000000000800ea8c                fprintf
 .text.memmove  0x000000000800eab0       0x34 d:/ykl/stm32cubeide_1.12.1/stm32cubeide/plugins/com.st.stm32cube.ide.mcu.externaltools.gnu-tools-for-stm32.10.3-2021.10.win32_1.0.200.202301161003/tools/bin/../lib/gcc/arm-none-eabi/10.3.1/../../../../arm-none-eabi/lib/thumb/v7-m/nofp\libc_nano.a(lib_a-memmove.o)
                0x000000000800eab0                memmove
 .text.__malloc_lock
                0x000000000800eae4        0xc d:/ykl/stm32cubeide_1.12.1/stm32cubeide/plugins/com.st.stm32cube.ide.mcu.externaltools.gnu-tools-for-stm32.10.3-2021.10.win32_1.0.200.202301161003/tools/bin/../lib/gcc/arm-none-eabi/10.3.1/../../../../arm-none-eabi/lib/thumb/v7-m/nofp\libc_nano.a(lib_a-mlock.o)
                0x000000000800eae4                __malloc_lock
 .text.__malloc_unlock
                0x000000000800eaf0        0xc d:/ykl/stm32cubeide_1.12.1/stm32cubeide/plugins/com.st.stm32cube.ide.mcu.externaltools.gnu-tools-for-stm32.10.3-2021.10.win32_1.0.200.202301161003/tools/bin/../lib/gcc/arm-none-eabi/10.3.1/../../../../arm-none-eabi/lib/thumb/v7-m/nofp\libc_nano.a(lib_a-mlock.o)
                0x000000000800eaf0                __malloc_unlock
 .text._realloc_r
                0x000000000800eafc       0x5e d:/ykl/stm32cubeide_1.12.1/stm32cubeide/plugins/com.st.stm32cube.ide.mcu.externaltools.gnu-tools-for-stm32.10.3-2021.10.win32_1.0.200.202301161003/tools/bin/../lib/gcc/arm-none-eabi/10.3.1/../../../../arm-none-eabi/lib/thumb/v7-m/nofp\libc_nano.a(lib_a-nano-reallocr.o)
                0x000000000800eafc                _realloc_r
 .text.__sfputc_r
                0x000000000800eb5a       0x2a d:/ykl/stm32cubeide_1.12.1/stm32cubeide/plugins/com.st.stm32cube.ide.mcu.externaltools.gnu-tools-for-stm32.10.3-2021.10.win32_1.0.200.202301161003/tools/bin/../lib/gcc/arm-none-eabi/10.3.1/../../../../arm-none-eabi/lib/thumb/v7-m/nofp\libc_nano.a(lib_a-nano-vfprintf.o)
 .text.__sfputs_r
                0x000000000800eb84       0x24 d:/ykl/stm32cubeide_1.12.1/stm32cubeide/plugins/com.st.stm32cube.ide.mcu.externaltools.gnu-tools-for-stm32.10.3-2021.10.win32_1.0.200.202301161003/tools/bin/../lib/gcc/arm-none-eabi/10.3.1/../../../../arm-none-eabi/lib/thumb/v7-m/nofp\libc_nano.a(lib_a-nano-vfprintf.o)
                0x000000000800eb84                __sfputs_r
 .text._vfprintf_r
                0x000000000800eba8      0x260 d:/ykl/stm32cubeide_1.12.1/stm32cubeide/plugins/com.st.stm32cube.ide.mcu.externaltools.gnu-tools-for-stm32.10.3-2021.10.win32_1.0.200.202301161003/tools/bin/../lib/gcc/arm-none-eabi/10.3.1/../../../../arm-none-eabi/lib/thumb/v7-m/nofp\libc_nano.a(lib_a-nano-vfprintf.o)
                0x000000000800eba8                _vfprintf_r
                0x000000000800eba8                _vfiprintf_r
 .text.__swbuf_r
                0x000000000800ee08       0xa4 d:/ykl/stm32cubeide_1.12.1/stm32cubeide/plugins/com.st.stm32cube.ide.mcu.externaltools.gnu-tools-for-stm32.10.3-2021.10.win32_1.0.200.202301161003/tools/bin/../lib/gcc/arm-none-eabi/10.3.1/../../../../arm-none-eabi/lib/thumb/v7-m/nofp\libc_nano.a(lib_a-wbuf.o)
                0x000000000800ee08                __swbuf_r
 .text.__swsetup_r
                0x000000000800eeac       0xdc d:/ykl/stm32cubeide_1.12.1/stm32cubeide/plugins/com.st.stm32cube.ide.mcu.externaltools.gnu-tools-for-stm32.10.3-2021.10.win32_1.0.200.202301161003/tools/bin/../lib/gcc/arm-none-eabi/10.3.1/../../../../arm-none-eabi/lib/thumb/v7-m/nofp\libc_nano.a(lib_a-wsetup.o)
                0x000000000800eeac                __swsetup_r
 .text.abort    0x000000000800ef88        0xe d:/ykl/stm32cubeide_1.12.1/stm32cubeide/plugins/com.st.stm32cube.ide.mcu.externaltools.gnu-tools-for-stm32.10.3-2021.10.win32_1.0.200.202301161003/tools/bin/../lib/gcc/arm-none-eabi/10.3.1/../../../../arm-none-eabi/lib/thumb/v7-m/nofp\libc_nano.a(lib_a-abort.o)
                0x000000000800ef88                abort
 *fill*         0x000000000800ef96        0x2 
 .text.__sflush_r
                0x000000000800ef98      0x104 d:/ykl/stm32cubeide_1.12.1/stm32cubeide/plugins/com.st.stm32cube.ide.mcu.externaltools.gnu-tools-for-stm32.10.3-2021.10.win32_1.0.200.202301161003/tools/bin/../lib/gcc/arm-none-eabi/10.3.1/../../../../arm-none-eabi/lib/thumb/v7-m/nofp\libc_nano.a(lib_a-fflush.o)
                0x000000000800ef98                __sflush_r
 .text._fflush_r
                0x000000000800f09c       0x78 d:/ykl/stm32cubeide_1.12.1/stm32cubeide/plugins/com.st.stm32cube.ide.mcu.externaltools.gnu-tools-for-stm32.10.3-2021.10.win32_1.0.200.202301161003/tools/bin/../lib/gcc/arm-none-eabi/10.3.1/../../../../arm-none-eabi/lib/thumb/v7-m/nofp\libc_nano.a(lib_a-fflush.o)
                0x000000000800f09c                _fflush_r
 .text.std      0x000000000800f114       0x48 d:/ykl/stm32cubeide_1.12.1/stm32cubeide/plugins/com.st.stm32cube.ide.mcu.externaltools.gnu-tools-for-stm32.10.3-2021.10.win32_1.0.200.202301161003/tools/bin/../lib/gcc/arm-none-eabi/10.3.1/../../../../arm-none-eabi/lib/thumb/v7-m/nofp\libc_nano.a(lib_a-findfp.o)
 .text._cleanup_r
                0x000000000800f15c        0xc d:/ykl/stm32cubeide_1.12.1/stm32cubeide/plugins/com.st.stm32cube.ide.mcu.externaltools.gnu-tools-for-stm32.10.3-2021.10.win32_1.0.200.202301161003/tools/bin/../lib/gcc/arm-none-eabi/10.3.1/../../../../arm-none-eabi/lib/thumb/v7-m/nofp\libc_nano.a(lib_a-findfp.o)
                0x000000000800f15c                _cleanup_r
 .text.__sfmoreglue
                0x000000000800f168       0x2c d:/ykl/stm32cubeide_1.12.1/stm32cubeide/plugins/com.st.stm32cube.ide.mcu.externaltools.gnu-tools-for-stm32.10.3-2021.10.win32_1.0.200.202301161003/tools/bin/../lib/gcc/arm-none-eabi/10.3.1/../../../../arm-none-eabi/lib/thumb/v7-m/nofp\libc_nano.a(lib_a-findfp.o)
                0x000000000800f168                __sfmoreglue
 .text.__sfp_lock_acquire
                0x000000000800f194        0xc d:/ykl/stm32cubeide_1.12.1/stm32cubeide/plugins/com.st.stm32cube.ide.mcu.externaltools.gnu-tools-for-stm32.10.3-2021.10.win32_1.0.200.202301161003/tools/bin/../lib/gcc/arm-none-eabi/10.3.1/../../../../arm-none-eabi/lib/thumb/v7-m/nofp\libc_nano.a(lib_a-findfp.o)
                0x000000000800f194                __sfp_lock_acquire
 .text.__sfp_lock_release
                0x000000000800f1a0        0xc d:/ykl/stm32cubeide_1.12.1/stm32cubeide/plugins/com.st.stm32cube.ide.mcu.externaltools.gnu-tools-for-stm32.10.3-2021.10.win32_1.0.200.202301161003/tools/bin/../lib/gcc/arm-none-eabi/10.3.1/../../../../arm-none-eabi/lib/thumb/v7-m/nofp\libc_nano.a(lib_a-findfp.o)
                0x000000000800f1a0                __sfp_lock_release
 .text.__sinit_lock_acquire
                0x000000000800f1ac        0xc d:/ykl/stm32cubeide_1.12.1/stm32cubeide/plugins/com.st.stm32cube.ide.mcu.externaltools.gnu-tools-for-stm32.10.3-2021.10.win32_1.0.200.202301161003/tools/bin/../lib/gcc/arm-none-eabi/10.3.1/../../../../arm-none-eabi/lib/thumb/v7-m/nofp\libc_nano.a(lib_a-findfp.o)
                0x000000000800f1ac                __sinit_lock_acquire
 .text.__sinit_lock_release
                0x000000000800f1b8        0xc d:/ykl/stm32cubeide_1.12.1/stm32cubeide/plugins/com.st.stm32cube.ide.mcu.externaltools.gnu-tools-for-stm32.10.3-2021.10.win32_1.0.200.202301161003/tools/bin/../lib/gcc/arm-none-eabi/10.3.1/../../../../arm-none-eabi/lib/thumb/v7-m/nofp\libc_nano.a(lib_a-findfp.o)
                0x000000000800f1b8                __sinit_lock_release
 .text.__sinit  0x000000000800f1c4       0x70 d:/ykl/stm32cubeide_1.12.1/stm32cubeide/plugins/com.st.stm32cube.ide.mcu.externaltools.gnu-tools-for-stm32.10.3-2021.10.win32_1.0.200.202301161003/tools/bin/../lib/gcc/arm-none-eabi/10.3.1/../../../../arm-none-eabi/lib/thumb/v7-m/nofp\libc_nano.a(lib_a-findfp.o)
                0x000000000800f1c4                __sinit
 .text.__sfp    0x000000000800f234       0x8c d:/ykl/stm32cubeide_1.12.1/stm32cubeide/plugins/com.st.stm32cube.ide.mcu.externaltools.gnu-tools-for-stm32.10.3-2021.10.win32_1.0.200.202301161003/tools/bin/../lib/gcc/arm-none-eabi/10.3.1/../../../../arm-none-eabi/lib/thumb/v7-m/nofp\libc_nano.a(lib_a-findfp.o)
                0x000000000800f234                __sfp
 .text._fwalk_reent
                0x000000000800f2c0       0x3e d:/ykl/stm32cubeide_1.12.1/stm32cubeide/plugins/com.st.stm32cube.ide.mcu.externaltools.gnu-tools-for-stm32.10.3-2021.10.win32_1.0.200.202301161003/tools/bin/../lib/gcc/arm-none-eabi/10.3.1/../../../../arm-none-eabi/lib/thumb/v7-m/nofp\libc_nano.a(lib_a-fwalk.o)
                0x000000000800f2c0                _fwalk_reent
 .text.__retarget_lock_init_recursive
                0x000000000800f2fe        0x2 d:/ykl/stm32cubeide_1.12.1/stm32cubeide/plugins/com.st.stm32cube.ide.mcu.externaltools.gnu-tools-for-stm32.10.3-2021.10.win32_1.0.200.202301161003/tools/bin/../lib/gcc/arm-none-eabi/10.3.1/../../../../arm-none-eabi/lib/thumb/v7-m/nofp\libc_nano.a(lib_a-lock.o)
                0x000000000800f2fe                __retarget_lock_init_recursive
 .text.__retarget_lock_acquire_recursive
                0x000000000800f300        0x2 d:/ykl/stm32cubeide_1.12.1/stm32cubeide/plugins/com.st.stm32cube.ide.mcu.externaltools.gnu-tools-for-stm32.10.3-2021.10.win32_1.0.200.202301161003/tools/bin/../lib/gcc/arm-none-eabi/10.3.1/../../../../arm-none-eabi/lib/thumb/v7-m/nofp\libc_nano.a(lib_a-lock.o)
                0x000000000800f300                __retarget_lock_acquire_recursive
 .text.__retarget_lock_release_recursive
                0x000000000800f302        0x2 d:/ykl/stm32cubeide_1.12.1/stm32cubeide/plugins/com.st.stm32cube.ide.mcu.externaltools.gnu-tools-for-stm32.10.3-2021.10.win32_1.0.200.202301161003/tools/bin/../lib/gcc/arm-none-eabi/10.3.1/../../../../arm-none-eabi/lib/thumb/v7-m/nofp\libc_nano.a(lib_a-lock.o)
                0x000000000800f302                __retarget_lock_release_recursive
 .text.__swhatbuf_r
                0x000000000800f304       0x4a d:/ykl/stm32cubeide_1.12.1/stm32cubeide/plugins/com.st.stm32cube.ide.mcu.externaltools.gnu-tools-for-stm32.10.3-2021.10.win32_1.0.200.202301161003/tools/bin/../lib/gcc/arm-none-eabi/10.3.1/../../../../arm-none-eabi/lib/thumb/v7-m/nofp\libc_nano.a(lib_a-makebuf.o)
                0x000000000800f304                __swhatbuf_r
 *fill*         0x000000000800f34e        0x2 
 .text.__smakebuf_r
                0x000000000800f350       0x80 d:/ykl/stm32cubeide_1.12.1/stm32cubeide/plugins/com.st.stm32cube.ide.mcu.externaltools.gnu-tools-for-stm32.10.3-2021.10.win32_1.0.200.202301161003/tools/bin/../lib/gcc/arm-none-eabi/10.3.1/../../../../arm-none-eabi/lib/thumb/v7-m/nofp\libc_nano.a(lib_a-makebuf.o)
                0x000000000800f350                __smakebuf_r
 .text._malloc_usable_size_r
                0x000000000800f3d0       0x10 d:/ykl/stm32cubeide_1.12.1/stm32cubeide/plugins/com.st.stm32cube.ide.mcu.externaltools.gnu-tools-for-stm32.10.3-2021.10.win32_1.0.200.202301161003/tools/bin/../lib/gcc/arm-none-eabi/10.3.1/../../../../arm-none-eabi/lib/thumb/v7-m/nofp\libc_nano.a(lib_a-nano-msizer.o)
                0x000000000800f3d0                _malloc_usable_size_r
 .text._raise_r
                0x000000000800f3e0       0x50 d:/ykl/stm32cubeide_1.12.1/stm32cubeide/plugins/com.st.stm32cube.ide.mcu.externaltools.gnu-tools-for-stm32.10.3-2021.10.win32_1.0.200.202301161003/tools/bin/../lib/gcc/arm-none-eabi/10.3.1/../../../../arm-none-eabi/lib/thumb/v7-m/nofp\libc_nano.a(lib_a-signal.o)
                0x000000000800f3e0                _raise_r
 .text.raise    0x000000000800f430       0x10 d:/ykl/stm32cubeide_1.12.1/stm32cubeide/plugins/com.st.stm32cube.ide.mcu.externaltools.gnu-tools-for-stm32.10.3-2021.10.win32_1.0.200.202301161003/tools/bin/../lib/gcc/arm-none-eabi/10.3.1/../../../../arm-none-eabi/lib/thumb/v7-m/nofp\libc_nano.a(lib_a-signal.o)
                0x000000000800f430                raise
 .text._kill_r  0x000000000800f440       0x24 d:/ykl/stm32cubeide_1.12.1/stm32cubeide/plugins/com.st.stm32cube.ide.mcu.externaltools.gnu-tools-for-stm32.10.3-2021.10.win32_1.0.200.202301161003/tools/bin/../lib/gcc/arm-none-eabi/10.3.1/../../../../arm-none-eabi/lib/thumb/v7-m/nofp\libc_nano.a(lib_a-signalr.o)
                0x000000000800f440                _kill_r
 .text._getpid_r
                0x000000000800f464        0x4 d:/ykl/stm32cubeide_1.12.1/stm32cubeide/plugins/com.st.stm32cube.ide.mcu.externaltools.gnu-tools-for-stm32.10.3-2021.10.win32_1.0.200.202301161003/tools/bin/../lib/gcc/arm-none-eabi/10.3.1/../../../../arm-none-eabi/lib/thumb/v7-m/nofp\libc_nano.a(lib_a-signalr.o)
                0x000000000800f464                _getpid_r
 .text.__sread  0x000000000800f468       0x22 d:/ykl/stm32cubeide_1.12.1/stm32cubeide/plugins/com.st.stm32cube.ide.mcu.externaltools.gnu-tools-for-stm32.10.3-2021.10.win32_1.0.200.202301161003/tools/bin/../lib/gcc/arm-none-eabi/10.3.1/../../../../arm-none-eabi/lib/thumb/v7-m/nofp\libc_nano.a(lib_a-stdio.o)
                0x000000000800f468                __sread
 .text.__swrite
                0x000000000800f48a       0x38 d:/ykl/stm32cubeide_1.12.1/stm32cubeide/plugins/com.st.stm32cube.ide.mcu.externaltools.gnu-tools-for-stm32.10.3-2021.10.win32_1.0.200.202301161003/tools/bin/../lib/gcc/arm-none-eabi/10.3.1/../../../../arm-none-eabi/lib/thumb/v7-m/nofp\libc_nano.a(lib_a-stdio.o)
                0x000000000800f48a                __swrite
 .text.__sseek  0x000000000800f4c2       0x24 d:/ykl/stm32cubeide_1.12.1/stm32cubeide/plugins/com.st.stm32cube.ide.mcu.externaltools.gnu-tools-for-stm32.10.3-2021.10.win32_1.0.200.202301161003/tools/bin/../lib/gcc/arm-none-eabi/10.3.1/../../../../arm-none-eabi/lib/thumb/v7-m/nofp\libc_nano.a(lib_a-stdio.o)
                0x000000000800f4c2                __sseek
 .text.__sclose
                0x000000000800f4e6        0x8 d:/ykl/stm32cubeide_1.12.1/stm32cubeide/plugins/com.st.stm32cube.ide.mcu.externaltools.gnu-tools-for-stm32.10.3-2021.10.win32_1.0.200.202301161003/tools/bin/../lib/gcc/arm-none-eabi/10.3.1/../../../../arm-none-eabi/lib/thumb/v7-m/nofp\libc_nano.a(lib_a-stdio.o)
                0x000000000800f4e6                __sclose
 *fill*         0x000000000800f4ee        0x2 
 .text._write_r
                0x000000000800f4f0       0x24 d:/ykl/stm32cubeide_1.12.1/stm32cubeide/plugins/com.st.stm32cube.ide.mcu.externaltools.gnu-tools-for-stm32.10.3-2021.10.win32_1.0.200.202301161003/tools/bin/../lib/gcc/arm-none-eabi/10.3.1/../../../../arm-none-eabi/lib/thumb/v7-m/nofp\libc_nano.a(lib_a-writer.o)
                0x000000000800f4f0                _write_r
 .text._close_r
                0x000000000800f514       0x20 d:/ykl/stm32cubeide_1.12.1/stm32cubeide/plugins/com.st.stm32cube.ide.mcu.externaltools.gnu-tools-for-stm32.10.3-2021.10.win32_1.0.200.202301161003/tools/bin/../lib/gcc/arm-none-eabi/10.3.1/../../../../arm-none-eabi/lib/thumb/v7-m/nofp\libc_nano.a(lib_a-closer.o)
                0x000000000800f514                _close_r
 .text._fstat_r
                0x000000000800f534       0x24 d:/ykl/stm32cubeide_1.12.1/stm32cubeide/plugins/com.st.stm32cube.ide.mcu.externaltools.gnu-tools-for-stm32.10.3-2021.10.win32_1.0.200.202301161003/tools/bin/../lib/gcc/arm-none-eabi/10.3.1/../../../../arm-none-eabi/lib/thumb/v7-m/nofp\libc_nano.a(lib_a-fstatr.o)
                0x000000000800f534                _fstat_r
 .text._isatty_r
                0x000000000800f558       0x20 d:/ykl/stm32cubeide_1.12.1/stm32cubeide/plugins/com.st.stm32cube.ide.mcu.externaltools.gnu-tools-for-stm32.10.3-2021.10.win32_1.0.200.202301161003/tools/bin/../lib/gcc/arm-none-eabi/10.3.1/../../../../arm-none-eabi/lib/thumb/v7-m/nofp\libc_nano.a(lib_a-isattyr.o)
                0x000000000800f558                _isatty_r
 .text._lseek_r
                0x000000000800f578       0x24 d:/ykl/stm32cubeide_1.12.1/stm32cubeide/plugins/com.st.stm32cube.ide.mcu.externaltools.gnu-tools-for-stm32.10.3-2021.10.win32_1.0.200.202301161003/tools/bin/../lib/gcc/arm-none-eabi/10.3.1/../../../../arm-none-eabi/lib/thumb/v7-m/nofp\libc_nano.a(lib_a-lseekr.o)
                0x000000000800f578                _lseek_r
 .text._read_r  0x000000000800f59c       0x24 d:/ykl/stm32cubeide_1.12.1/stm32cubeide/plugins/com.st.stm32cube.ide.mcu.externaltools.gnu-tools-for-stm32.10.3-2021.10.win32_1.0.200.202301161003/tools/bin/../lib/gcc/arm-none-eabi/10.3.1/../../../../arm-none-eabi/lib/thumb/v7-m/nofp\libc_nano.a(lib_a-readr.o)
                0x000000000800f59c                _read_r
 *(.glue_7)
 .glue_7        0x000000000800f5c0        0x0 linker stubs
 *(.glue_7t)
 .glue_7t       0x000000000800f5c0        0x0 linker stubs
 *(.eh_frame)
 .eh_frame      0x000000000800f5c0        0x0 d:/ykl/stm32cubeide_1.12.1/stm32cubeide/plugins/com.st.stm32cube.ide.mcu.externaltools.gnu-tools-for-stm32.10.3-2021.10.win32_1.0.200.202301161003/tools/bin/../lib/gcc/arm-none-eabi/10.3.1/thumb/v7-m/nofp/crtbegin.o
 *(.init)
 .init          0x000000000800f5c0        0x4 d:/ykl/stm32cubeide_1.12.1/stm32cubeide/plugins/com.st.stm32cube.ide.mcu.externaltools.gnu-tools-for-stm32.10.3-2021.10.win32_1.0.200.202301161003/tools/bin/../lib/gcc/arm-none-eabi/10.3.1/thumb/v7-m/nofp/crti.o
                0x000000000800f5c0                _init
 .init          0x000000000800f5c4        0x8 d:/ykl/stm32cubeide_1.12.1/stm32cubeide/plugins/com.st.stm32cube.ide.mcu.externaltools.gnu-tools-for-stm32.10.3-2021.10.win32_1.0.200.202301161003/tools/bin/../lib/gcc/arm-none-eabi/10.3.1/thumb/v7-m/nofp/crtn.o
 *(.fini)
 .fini          0x000000000800f5cc        0x4 d:/ykl/stm32cubeide_1.12.1/stm32cubeide/plugins/com.st.stm32cube.ide.mcu.externaltools.gnu-tools-for-stm32.10.3-2021.10.win32_1.0.200.202301161003/tools/bin/../lib/gcc/arm-none-eabi/10.3.1/thumb/v7-m/nofp/crti.o
                0x000000000800f5cc                _fini
 .fini          0x000000000800f5d0        0x8 d:/ykl/stm32cubeide_1.12.1/stm32cubeide/plugins/com.st.stm32cube.ide.mcu.externaltools.gnu-tools-for-stm32.10.3-2021.10.win32_1.0.200.202301161003/tools/bin/../lib/gcc/arm-none-eabi/10.3.1/thumb/v7-m/nofp/crtn.o
                0x000000000800f5d8                . = ALIGN (0x4)
                0x000000000800f5d8                _etext = .

.vfp11_veneer   0x000000000800f5d8        0x0
 .vfp11_veneer  0x000000000800f5d8        0x0 linker stubs

.v4_bx          0x000000000800f5d8        0x0
 .v4_bx         0x000000000800f5d8        0x0 linker stubs

.iplt           0x000000000800f5d8        0x0