../Core/BSP/LCD/lcd.c:28:6:delay_us	32	static
../Core/BSP/LCD/lcd.c:58:6:delay_ms	16	static
../Core/BSP/LCD/lcd.c:76:6:LCD_WR_REG	16	static
../Core/BSP/LCD/lcd.c:84:6:LCD_WR_DATA	16	static
../Core/BSP/LCD/lcd.c:92:5:LCD_RD_DATA	16	static
../Core/BSP/LCD/lcd.c:102:6:LCD_WriteReg	16	static
../Core/BSP/LCD/lcd.c:111:5:LCD_ReadReg	16	static
../Core/BSP/LCD/lcd.c:119:6:LCD_WriteRAM_Prepare	4	static
../Core/BSP/LCD/lcd.c:126:6:LCD_WriteRAM	16	static
../Core/BSP/LCD/lcd.c:135:5:LCD_BGR2RGB	24	static
../Core/BSP/LCD/lcd.c:147:6:opt_delay	16	static
../Core/BSP/LCD/lcd.c:155:5:LCD_ReadPoint	24	static
../Core/BSP/LCD/lcd.c:189:6:LCD_DisplayOn	8	static
../Core/BSP/LCD/lcd.c:202:6:LCD_DisplayOff	8	static
../Core/BSP/LCD/lcd.c:217:6:LCD_SetCursor	16	static
../Core/BSP/LCD/lcd.c:273:6:LCD_Scan_Dir	24	static
../Core/BSP/LCD/lcd.c:423:6:LCD_DrawPoint	16	static
../Core/BSP/LCD/lcd.c:433:6:LCD_Fast_DrawPoint	16	static
../Core/BSP/LCD/lcd.c:477:6:LCD_SSD_BackLightSet	16	static
../Core/BSP/LCD/lcd.c:490:6:LCD_Display_Dir	16	static
../Core/BSP/LCD/lcd.c:570:6:LCD_Set_Window	32	static
../Core/BSP/LCD/lcd.c:658:6:LCD_Init	32	static
../Core/BSP/LCD/lcd.c:2126:6:LCD_Clear	24	static
../Core/BSP/LCD/lcd.c:2145:6:LCD_Fill	32	static
../Core/BSP/LCD/lcd.c:2167:6:LCD_Color_Fill	32	static
../Core/BSP/LCD/lcd.c:2189:6:LCD_DrawLine	64	static
../Core/BSP/LCD/lcd.c:2240:6:LCD_DrawRectangle	24	static
../Core/BSP/LCD/lcd.c:2251:6:LCD_Draw_Circle	32	static
../Core/BSP/LCD/lcd.c:2286:6:LCD_ShowChar	32	static
../Core/BSP/LCD/lcd.c:2325:5:LCD_Pow	24	static
../Core/BSP/LCD/lcd.c:2340:6:LCD_ShowNum	48	static
../Core/BSP/LCD/lcd.c:2373:6:LCD_ShowxNum	48	static
../Core/BSP/LCD/lcd.c:2404:6:LCD_ShowString	40	static
