../Core/Src/stm32f1xx_it.c:73:6:NMI_Handler	4	static
../Core/Src/stm32f1xx_it.c:88:6:HardFault_Handler	4	static
../Core/Src/stm32f1xx_it.c:103:6:MemManage_Handler	4	static
../Core/Src/stm32f1xx_it.c:118:6:BusFault_Handler	4	static
../Core/Src/stm32f1xx_it.c:133:6:UsageFault_Handler	4	static
../Core/Src/stm32f1xx_it.c:148:6:DebugMon_Handler	4	static
../Core/Src/stm32f1xx_it.c:168:6:RTC_IRQHandler	8	static
../Core/Src/stm32f1xx_it.c:182:6:ADC1_2_IRQHandler	8	static
../Core/Src/stm32f1xx_it.c:196:6:USART1_IRQHandler	8	static
../Core/Src/stm32f1xx_it.c:210:6:RTC_Alarm_IRQHandler	8	static
../Core/Src/stm32f1xx_it.c:224:6:TIM6_IRQHandler	8	static
