../Core/BSP/LCD/lcd.c:43:6:LCD_WR_REG	16	static
../Core/BSP/LCD/lcd.c:51:6:LCD_WR_DATA	16	static
../Core/BSP/LCD/lcd.c:59:5:LCD_RD_DATA	16	static
../Core/BSP/LCD/lcd.c:69:6:LCD_WriteReg	16	static
../Core/BSP/LCD/lcd.c:78:5:LCD_ReadReg	16	static
../Core/BSP/LCD/lcd.c:86:6:LCD_WriteRAM_Prepare	4	static
../Core/BSP/LCD/lcd.c:93:6:LCD_WriteRAM	16	static
../Core/BSP/LCD/lcd.c:102:5:LCD_BGR2RGB	24	static
../Core/BSP/LCD/lcd.c:114:6:opt_delay	16	static
../Core/BSP/LCD/lcd.c:122:5:LCD_ReadPoint	24	static
../Core/BSP/LCD/lcd.c:156:6:LCD_DisplayOn	8	static
../Core/BSP/LCD/lcd.c:169:6:LCD_DisplayOff	8	static
../Core/BSP/LCD/lcd.c:184:6:LCD_SetCursor	16	static
../Core/BSP/LCD/lcd.c:240:6:LCD_Scan_Dir	24	static
../Core/BSP/LCD/lcd.c:390:6:LCD_DrawPoint	16	static
../Core/BSP/LCD/lcd.c:400:6:LCD_Fast_DrawPoint	16	static
../Core/BSP/LCD/lcd.c:444:6:LCD_SSD_BackLightSet	16	static
../Core/BSP/LCD/lcd.c:457:6:LCD_Display_Dir	16	static
../Core/BSP/LCD/lcd.c:537:6:LCD_Set_Window	32	static
../Core/BSP/LCD/lcd.c:625:6:LCD_Init	32	static
../Core/BSP/LCD/lcd.c:2093:6:LCD_Clear	24	static
../Core/BSP/LCD/lcd.c:2112:6:LCD_Fill	32	static
../Core/BSP/LCD/lcd.c:2134:6:LCD_Color_Fill	32	static
../Core/BSP/LCD/lcd.c:2156:6:LCD_DrawLine	64	static
../Core/BSP/LCD/lcd.c:2207:6:LCD_DrawRectangle	24	static
../Core/BSP/LCD/lcd.c:2218:6:LCD_Draw_Circle	32	static
../Core/BSP/LCD/lcd.c:2253:6:LCD_ShowChar	32	static
../Core/BSP/LCD/lcd.c:2292:5:LCD_Pow	24	static
../Core/BSP/LCD/lcd.c:2307:6:LCD_ShowNum	48	static
../Core/BSP/LCD/lcd.c:2340:6:LCD_ShowxNum	48	static
../Core/BSP/LCD/lcd.c:2371:6:LCD_ShowString	40	static
