15:24:35 **** Incremental Build of configuration Debug for project API_APP ****
make -j8 all 
arm-none-eabi-gcc "../Core/Src/system_stm32f1xx.c" -mcpu=cortex-m3 -std=gnu11 -g3 -DDEBUG -DUSE_HAL_DRIVER -DSTM32F103xE -c -I../Core/Inc -I../Drivers/STM32F1xx_HAL_Driver/Inc/Legacy -I../Drivers/STM32F1xx_HAL_Driver/Inc -I../Drivers/CMSIS/Device/ST/STM32F1xx/Include -I../Drivers/CMSIS/Include -O0 -ffunction-sections -fdata-sections -Wall -fstack-usage -fcyclomatic-complexity -MMD -MP -MF"Core/Src/system_stm32f1xx.d" -MT"Core/Src/system_stm32f1xx.o" --specs=nano.specs -mfloat-abi=soft -mthumb -o "Core/Src/system_stm32f1xx.o"
arm-none-eabi-gcc -o "API_APP.elf" @"objects.list"   -mcpu=cortex-m3 -T"D:\ST\workspace\API_APP\STM32F103ZETX_FLASH.ld" --specs=nosys.specs -Wl,-Map="API_APP.map" -Wl,--gc-sections -static --specs=nano.specs -mfloat-abi=soft -mthumb -u _printf_float -u _scanf_float -Wl,--start-group -lc -lm -Wl,--end-group
Finished building target: API_APP.elf
 
arm-none-eabi-size   API_APP.elf 
arm-none-eabi-objdump -h -S  API_APP.elf  > "API_APP.list"
arm-none-eabi-objcopy  -O binary  API_APP.elf  "API_APP.bin"
   text	   data	    bss	    dec	    hex	filename
  32584	    488	   1664	  34736	   87b0	API_APP.elf
Finished building: default.size.stdout
 
Finished building: API_APP.bin
 
Finished building: API_APP.list
 

15:24:37 Build Finished. 0 errors, 0 warnings. (took 1s.196ms)

